ARM GAS  C:\Users\isaia\AppData\Local\Temp\cczmAhZf.s 			page 1


   1              		.cpu cortex-m7
   2              		.eabi_attribute 28, 1
   3              		.eabi_attribute 20, 1
   4              		.eabi_attribute 21, 1
   5              		.eabi_attribute 23, 3
   6              		.eabi_attribute 24, 1
   7              		.eabi_attribute 25, 1
   8              		.eabi_attribute 26, 1
   9              		.eabi_attribute 30, 2
  10              		.eabi_attribute 34, 1
  11              		.eabi_attribute 18, 4
  12              		.file	"planter.cpp"
  13              		.text
  14              	.Ltext0:
  15              		.cfi_sections	.debug_frame
  16              		.section	.text._ZN9anachrome7planter10StartAudioEPFvPKfPfjE,"ax",%progbits
  17              		.align	1
  18              		.p2align 2,,3
  19              		.global	_ZN9anachrome7planter10StartAudioEPFvPKfPfjE
  20              		.arch armv7e-m
  21              		.syntax unified
  22              		.thumb
  23              		.thumb_func
  24              		.fpu fpv5-d16
  26              	_ZN9anachrome7planter10StartAudioEPFvPKfPfjE:
  27              	.LVL0:
  28              	.LFB2736:
  29              		.file 1 "../../Planter/planter.cpp"
   1:../../Planter/planter.cpp **** #include "planter.h"
   2:../../Planter/planter.cpp **** #include "planter_cal.h"
   3:../../Planter/planter.cpp **** 
   4:../../Planter/planter.cpp **** using anachrome::planter;
   5:../../Planter/planter.cpp **** using daisy::System;
   6:../../Planter/planter.cpp **** using namespace anachrome::calibration;
   7:../../Planter/planter.cpp **** 
   8:../../Planter/planter.cpp **** namespace anachrome
   9:../../Planter/planter.cpp **** {
  10:../../Planter/planter.cpp **** 
  11:../../Planter/planter.cpp ****   void planter::StartAudio(AudioHandle::InterleavingAudioCallback cb) {
  30              		.loc 1 11 71 view -0
  31              		.cfi_startproc
  32              		@ args = 0, pretend = 0, frame = 0
  33              		@ frame_needed = 0, uses_anonymous_args = 0
  34              		@ link register save eliminated.
  12:../../Planter/planter.cpp ****     patch.StartAudio(cb);
  35              		.loc 1 12 5 view .LVU1
  36              		.loc 1 12 21 is_stmt 0 view .LVU2
  37 0000 B830     		adds	r0, r0, #184
  38              	.LVL1:
  39              		.loc 1 12 21 view .LVU3
  40 0002 FFF7FEBF 		b	_ZN5daisy8patch_sm12DaisyPatchSM10StartAudioEPFvPKfPfjE
  41              	.LVL2:
  42              		.loc 1 12 21 view .LVU4
  43              		.cfi_endproc
  44              	.LFE2736:
  46 0006 00BF     		.section	.text._ZN9anachrome7planter10StartAudioEPFvPKPKfPPfjE,"ax",%progbits
  47              		.align	1
ARM GAS  C:\Users\isaia\AppData\Local\Temp\cczmAhZf.s 			page 2


  48              		.p2align 2,,3
  49              		.global	_ZN9anachrome7planter10StartAudioEPFvPKPKfPPfjE
  50              		.syntax unified
  51              		.thumb
  52              		.thumb_func
  53              		.fpu fpv5-d16
  55              	_ZN9anachrome7planter10StartAudioEPFvPKPKfPPfjE:
  56              	.LVL3:
  57              	.LFB2737:
  13:../../Planter/planter.cpp ****   }
  14:../../Planter/planter.cpp **** 
  15:../../Planter/planter.cpp ****   void planter::StartAudio(AudioHandle::AudioCallback cb) {
  58              		.loc 1 15 59 is_stmt 1 view -0
  59              		.cfi_startproc
  60              		@ args = 0, pretend = 0, frame = 0
  61              		@ frame_needed = 0, uses_anonymous_args = 0
  62              		@ link register save eliminated.
  16:../../Planter/planter.cpp ****     patch.StartAudio(cb);
  63              		.loc 1 16 5 view .LVU6
  64              		.loc 1 16 21 is_stmt 0 view .LVU7
  65 0000 B830     		adds	r0, r0, #184
  66              	.LVL4:
  67              		.loc 1 16 21 view .LVU8
  68 0002 FFF7FEBF 		b	_ZN5daisy8patch_sm12DaisyPatchSM10StartAudioEPFvPKPKfPPfjE
  69              	.LVL5:
  70              		.loc 1 16 21 view .LVU9
  71              		.cfi_endproc
  72              	.LFE2737:
  74 0006 00BF     		.section	.text._ZN9anachrome7planter17WriteCvOutBipolarEif,"ax",%progbits
  75              		.align	1
  76              		.p2align 2,,3
  77              		.global	_ZN9anachrome7planter17WriteCvOutBipolarEif
  78              		.syntax unified
  79              		.thumb
  80              		.thumb_func
  81              		.fpu fpv5-d16
  83              	_ZN9anachrome7planter17WriteCvOutBipolarEif:
  84              	.LVL6:
  85              	.LFB2738:
  17:../../Planter/planter.cpp ****   }
  18:../../Planter/planter.cpp **** 
  19:../../Planter/planter.cpp ****   // void planter::StartAdc() { patch.adc.Start(); }
  20:../../Planter/planter.cpp **** 
  21:../../Planter/planter.cpp ****   // void planter::StopAdc() { patch.adc.Stop(); }
  22:../../Planter/planter.cpp **** 
  23:../../Planter/planter.cpp ****   
  24:../../Planter/planter.cpp ****   void planter::WriteCvOutBipolar(const int channel, float bipolar_voltage)
  25:../../Planter/planter.cpp ****   {
  86              		.loc 1 25 3 is_stmt 1 view -0
  87              		.cfi_startproc
  88              		@ args = 0, pretend = 0, frame = 0
  89              		@ frame_needed = 0, uses_anonymous_args = 0
  90              		@ link register save eliminated.
  26:../../Planter/planter.cpp ****       // Clamp desired voltage to valid range
  27:../../Planter/planter.cpp ****       if(bipolar_voltage > 5.0f)
  91              		.loc 1 27 7 view .LVU11
  92 0000 F1EE047A 		vmov.f32	s15, #5.0e+0
ARM GAS  C:\Users\isaia\AppData\Local\Temp\cczmAhZf.s 			page 3


  93 0004 B4EEE70A 		vcmpe.f32	s0, s15
  94 0008 F1EE10FA 		vmrs	APSR_nzcv, FPSCR
  95 000c 26DC     		bgt	.L9
  28:../../Planter/planter.cpp ****           bipolar_voltage = 5.0f;
  29:../../Planter/planter.cpp ****       else if(bipolar_voltage < -5.0f)
  96              		.loc 1 29 12 view .LVU12
  97 000e B9EE047A 		vmov.f32	s14, #-5.0e+0
  98 0012 B4EEC70A 		vcmpe.f32	s0, s14
  99 0016 F1EE10FA 		vmrs	APSR_nzcv, FPSCR
 100 001a 04D5     		bpl	.L13
 101              	.LVL7:
 102              	.L11:
  30:../../Planter/planter.cpp ****           bipolar_voltage = -5.0f;
  31:../../Planter/planter.cpp **** 
  32:../../Planter/planter.cpp ****       // Fixed reference voltages (same for all units)
  33:../../Planter/planter.cpp ****       constexpr float cal_voltage_low  = -5.0f;
  34:../../Planter/planter.cpp ****       constexpr float cal_voltage_mid  =  0.0f;
  35:../../Planter/planter.cpp ****       constexpr float cal_voltage_high =  5.0f;
  36:../../Planter/planter.cpp **** 
  37:../../Planter/planter.cpp ****       // Per-unit measured DAC values from planter_calibration.h
  38:../../Planter/planter.cpp ****       float cal_dac_low, cal_dac_mid, cal_dac_high;
  39:../../Planter/planter.cpp **** 
  40:../../Planter/planter.cpp ****       if (channel == 1){
  41:../../Planter/planter.cpp ****         cal_dac_low  = CAL.dac_ch1_low;
  42:../../Planter/planter.cpp ****         cal_dac_mid  = CAL.dac_ch1_mid;
  43:../../Planter/planter.cpp ****         cal_dac_high = CAL.dac_ch1_high;
  44:../../Planter/planter.cpp ****       }
  45:../../Planter/planter.cpp ****       else{
  46:../../Planter/planter.cpp ****         cal_dac_low  = CAL.dac_ch2_low;
  47:../../Planter/planter.cpp ****         cal_dac_mid  = CAL.dac_ch2_mid;
  48:../../Planter/planter.cpp ****         cal_dac_high = CAL.dac_ch2_high;
  49:../../Planter/planter.cpp ****       }
  50:../../Planter/planter.cpp ****  
  51:../../Planter/planter.cpp ****       // Piecewise linear interpolation
  52:../../Planter/planter.cpp ****       float dac_output;
  53:../../Planter/planter.cpp ****       if(bipolar_voltage <= cal_voltage_mid)
  54:../../Planter/planter.cpp ****       {
  55:../../Planter/planter.cpp ****           // Interpolate between low and mid points
  56:../../Planter/planter.cpp ****           float t = (bipolar_voltage - cal_voltage_low) / (cal_voltage_mid - cal_voltage_low);
  57:../../Planter/planter.cpp ****           dac_output = cal_dac_low + t * (cal_dac_mid - cal_dac_low);
  58:../../Planter/planter.cpp ****       }
  59:../../Planter/planter.cpp ****       else
  60:../../Planter/planter.cpp ****       {
  61:../../Planter/planter.cpp ****           // Interpolate between mid and high points
  62:../../Planter/planter.cpp ****           float t = (bipolar_voltage - cal_voltage_mid) / (cal_voltage_high - cal_voltage_mid);
  63:../../Planter/planter.cpp ****           dac_output = cal_dac_mid + t * (cal_dac_high - cal_dac_mid);
  64:../../Planter/planter.cpp ****       }
  65:../../Planter/planter.cpp **** 
  66:../../Planter/planter.cpp ****       // Clamp DAC output to valid 0-5V range
  67:../../Planter/planter.cpp ****       if(dac_output > 5.0f)
  68:../../Planter/planter.cpp ****           dac_output = 5.0f;
 103              		.loc 1 68 22 is_stmt 0 view .LVU13
 104 001c B0EE670A 		vmov.f32	s0, s15
 105              	.L5:
 106              	.LVL8:
  69:../../Planter/planter.cpp ****       else if(dac_output < 0.0f)
  70:../../Planter/planter.cpp ****           dac_output = 0.0f;
ARM GAS  C:\Users\isaia\AppData\Local\Temp\cczmAhZf.s 			page 4


  71:../../Planter/planter.cpp **** 
  72:../../Planter/planter.cpp ****       patch.WriteCvOut(channel, dac_output);
 107              		.loc 1 72 7 is_stmt 1 view .LVU14
 108              		.loc 1 72 23 is_stmt 0 view .LVU15
 109 0020 B830     		adds	r0, r0, #184
 110              	.LVL9:
 111              		.loc 1 72 23 view .LVU16
 112 0022 FFF7FEBF 		b	_ZN5daisy8patch_sm12DaisyPatchSM10WriteCvOutEif
 113              	.LVL10:
 114              	.L13:
  33:../../Planter/planter.cpp ****       constexpr float cal_voltage_mid  =  0.0f;
 115              		.loc 1 33 7 is_stmt 1 view .LVU17
  34:../../Planter/planter.cpp ****       constexpr float cal_voltage_high =  5.0f;
 116              		.loc 1 34 7 view .LVU18
  35:../../Planter/planter.cpp **** 
 117              		.loc 1 35 7 view .LVU19
  38:../../Planter/planter.cpp **** 
 118              		.loc 1 38 7 view .LVU20
  40:../../Planter/planter.cpp ****         cal_dac_low  = CAL.dac_ch1_low;
 119              		.loc 1 40 7 view .LVU21
  52:../../Planter/planter.cpp ****       if(bipolar_voltage <= cal_voltage_mid)
 120              		.loc 1 52 7 view .LVU22
  53:../../Planter/planter.cpp ****       {
 121              		.loc 1 53 7 view .LVU23
 122              	.LBB21:
 123 0026 B5EEC00A 		vcmpe.f32	s0, #0
 124 002a F1EE10FA 		vmrs	APSR_nzcv, FPSCR
 125 002e 1AD8     		bhi	.L14
 126              	.LBB22:
  56:../../Planter/planter.cpp ****           dac_output = cal_dac_low + t * (cal_dac_mid - cal_dac_low);
 127              		.loc 1 56 38 is_stmt 0 view .LVU24
 128 0030 30EE270A 		vadd.f32	s0, s0, s15
 129              	.LVL11:
  57:../../Planter/planter.cpp ****       }
 130              		.loc 1 57 22 view .LVU25
 131 0034 B8EE047A 		vmov.f32	s14, #-2.5e+0
  56:../../Planter/planter.cpp ****           dac_output = cal_dac_low + t * (cal_dac_mid - cal_dac_low);
 132              		.loc 1 56 17 view .LVU26
 133 0038 C0EE276A 		vdiv.f32	s13, s0, s15
  57:../../Planter/planter.cpp ****       }
 134              		.loc 1 57 22 view .LVU27
 135 003c E6EE877A 		vfma.f32	s15, s13, s14
 136 0040 B0EE670A 		vmov.f32	s0, s15
 137              	.LVL12:
  56:../../Planter/planter.cpp ****           dac_output = cal_dac_low + t * (cal_dac_mid - cal_dac_low);
 138              		.loc 1 56 11 is_stmt 1 view .LVU28
  57:../../Planter/planter.cpp ****       }
 139              		.loc 1 57 11 view .LVU29
 140              	.L7:
  57:../../Planter/planter.cpp ****       }
 141              		.loc 1 57 11 is_stmt 0 view .LVU30
 142              	.LBE22:
 143              	.LBE21:
  67:../../Planter/planter.cpp ****           dac_output = 5.0f;
 144              		.loc 1 67 7 is_stmt 1 view .LVU31
 145 0044 F1EE047A 		vmov.f32	s15, #5.0e+0
 146 0048 B4EEE70A 		vcmpe.f32	s0, s15
ARM GAS  C:\Users\isaia\AppData\Local\Temp\cczmAhZf.s 			page 5


 147 004c F1EE10FA 		vmrs	APSR_nzcv, FPSCR
 148 0050 E4DC     		bgt	.L11
  69:../../Planter/planter.cpp ****           dac_output = 0.0f;
 149              		.loc 1 69 12 view .LVU32
 150 0052 B5EEC00A 		vcmpe.f32	s0, #0
 151 0056 F1EE10FA 		vmrs	APSR_nzcv, FPSCR
 152 005a E1D5     		bpl	.L5
 153              	.LVL13:
 154              	.L9:
  69:../../Planter/planter.cpp ****           dac_output = 0.0f;
 155              		.loc 1 69 12 is_stmt 0 view .LVU33
 156 005c 9FED060A 		vldr.32	s0, .L15
 157              	.LVL14:
 158              		.loc 1 72 7 is_stmt 1 view .LVU34
 159              		.loc 1 72 23 is_stmt 0 view .LVU35
 160 0060 B830     		adds	r0, r0, #184
 161              	.LVL15:
 162              		.loc 1 72 23 view .LVU36
 163 0062 FFF7FEBF 		b	_ZN5daisy8patch_sm12DaisyPatchSM10WriteCvOutEif
 164              	.LVL16:
 165              	.L14:
 166              	.LBB24:
 167              	.LBB23:
  62:../../Planter/planter.cpp ****           dac_output = cal_dac_mid + t * (cal_dac_high - cal_dac_mid);
 168              		.loc 1 62 17 view .LVU37
 169 0066 80EE277A 		vdiv.f32	s14, s0, s15
  63:../../Planter/planter.cpp ****       }
 170              		.loc 1 63 22 view .LVU38
 171 006a F8EE047A 		vmov.f32	s15, #-2.5e+0
 172 006e B0EE040A 		vmov.f32	s0, #2.5e+0
 173              	.LVL17:
  63:../../Planter/planter.cpp ****       }
 174              		.loc 1 63 22 view .LVU39
 175 0072 A7EE270A 		vfma.f32	s0, s14, s15
 176              	.LVL18:
  62:../../Planter/planter.cpp ****           dac_output = cal_dac_mid + t * (cal_dac_high - cal_dac_mid);
 177              		.loc 1 62 11 is_stmt 1 view .LVU40
  63:../../Planter/planter.cpp ****       }
 178              		.loc 1 63 11 view .LVU41
  63:../../Planter/planter.cpp ****       }
 179              		.loc 1 63 11 is_stmt 0 view .LVU42
 180 0076 E5E7     		b	.L7
 181              	.L16:
 182              		.align	2
 183              	.L15:
 184 0078 00000000 		.word	0
 185              	.LBE23:
 186              	.LBE24:
 187              		.cfi_endproc
 188              	.LFE2738:
 190              		.section	.text._ZN9anachrome7planter7GetCvInEi,"ax",%progbits
 191              		.align	1
 192              		.p2align 2,,3
 193              		.global	_ZN9anachrome7planter7GetCvInEi
 194              		.syntax unified
 195              		.thumb
 196              		.thumb_func
ARM GAS  C:\Users\isaia\AppData\Local\Temp\cczmAhZf.s 			page 6


 197              		.fpu fpv5-d16
 199              	_ZN9anachrome7planter7GetCvInEi:
 200              	.LVL19:
 201              	.LFB2739:
  73:../../Planter/planter.cpp ****   }
  74:../../Planter/planter.cpp **** 
  75:../../Planter/planter.cpp ****   float planter::GetCvIn(int channel)
  76:../../Planter/planter.cpp ****   {
 202              		.loc 1 76 3 is_stmt 1 view -0
 203              		.cfi_startproc
 204              		@ args = 0, pretend = 0, frame = 0
 205              		@ frame_needed = 0, uses_anonymous_args = 0
  77:../../Planter/planter.cpp ****       // Read raw ADC value from GetAdcValue (returns -1.0 to 1.0 for -5V to +5V)
  78:../../Planter/planter.cpp ****       float raw = patch.GetAdcValue(channel);
 206              		.loc 1 78 7 view .LVU44
  76:../../Planter/planter.cpp ****       // Read raw ADC value from GetAdcValue (returns -1.0 to 1.0 for -5V to +5V)
 207              		.loc 1 76 3 is_stmt 0 view .LVU45
 208 0000 10B5     		push	{r4, lr}
 209              		.cfi_def_cfa_offset 8
 210              		.cfi_offset 4, -8
 211              		.cfi_offset 14, -4
  76:../../Planter/planter.cpp ****       // Read raw ADC value from GetAdcValue (returns -1.0 to 1.0 for -5V to +5V)
 212              		.loc 1 76 3 view .LVU46
 213 0002 0C46     		mov	r4, r1
 214              		.loc 1 78 36 view .LVU47
 215 0004 B830     		adds	r0, r0, #184
 216              	.LVL20:
 217              		.loc 1 78 36 view .LVU48
 218 0006 FFF7FEFF 		bl	_ZN5daisy8patch_sm12DaisyPatchSM11GetAdcValueEi
 219              	.LVL21:
  79:../../Planter/planter.cpp **** 
  80:../../Planter/planter.cpp ****       // Fixed normalized output targets (same for all units)
  81:../../Planter/planter.cpp ****       // Calibrate at ±4V (not ±5V) to avoid ADC saturation; piecewise linear extrapolates to ±1
  82:../../Planter/planter.cpp ****       constexpr float cal_out_high =  0.8f;   // 4V / 5V
 220              		.loc 1 82 7 is_stmt 1 view .LVU49
  83:../../Planter/planter.cpp ****       constexpr float cal_out_mid  =  0.0f;
 221              		.loc 1 83 7 view .LVU50
  84:../../Planter/planter.cpp ****       constexpr float cal_out_low  = -0.8f;   // -4V / 5V
 222              		.loc 1 84 7 view .LVU51
  85:../../Planter/planter.cpp **** 
  86:../../Planter/planter.cpp ****       // Per-unit measured ADC readings from planter_calibration.h
  87:../../Planter/planter.cpp ****       float cal_adc_low, cal_adc_mid, cal_adc_high;
 223              		.loc 1 87 7 view .LVU52
  88:../../Planter/planter.cpp **** 
  89:../../Planter/planter.cpp ****       switch(channel)
 224              		.loc 1 89 7 view .LVU53
 225 000a 032C     		cmp	r4, #3
 226 000c 1BD8     		bhi	.L17
 227              	.LVL22:
  90:../../Planter/planter.cpp ****       {
  91:../../Planter/planter.cpp ****           case 0: // CV_1
  92:../../Planter/planter.cpp ****               cal_adc_high = CAL.adc_ch0_high;
  93:../../Planter/planter.cpp ****               cal_adc_mid  = CAL.adc_ch0_mid;
  94:../../Planter/planter.cpp ****               cal_adc_low  = CAL.adc_ch0_low;
  95:../../Planter/planter.cpp ****               break;
  96:../../Planter/planter.cpp ****           case 1: // CV_2
  97:../../Planter/planter.cpp ****               cal_adc_high = CAL.adc_ch1_high;
ARM GAS  C:\Users\isaia\AppData\Local\Temp\cczmAhZf.s 			page 7


  98:../../Planter/planter.cpp ****               cal_adc_mid  = CAL.adc_ch1_mid;
  99:../../Planter/planter.cpp ****               cal_adc_low  = CAL.adc_ch1_low;
 100:../../Planter/planter.cpp ****               break;
 101:../../Planter/planter.cpp ****           case 2: // CV_3
 102:../../Planter/planter.cpp ****               cal_adc_high = CAL.adc_ch2_high;
 103:../../Planter/planter.cpp ****               cal_adc_mid  = CAL.adc_ch2_mid;
 104:../../Planter/planter.cpp ****               cal_adc_low  = CAL.adc_ch2_low;
 105:../../Planter/planter.cpp ****               break;
 106:../../Planter/planter.cpp ****           case 3: // CV_4
 107:../../Planter/planter.cpp ****               cal_adc_high = CAL.adc_ch3_high;
 108:../../Planter/planter.cpp ****               cal_adc_mid  = CAL.adc_ch3_mid;
 109:../../Planter/planter.cpp ****               cal_adc_low  = CAL.adc_ch3_low;
 110:../../Planter/planter.cpp ****               break;
 111:../../Planter/planter.cpp ****           default:
 112:../../Planter/planter.cpp ****               // No calibration for out-of-range channels
 113:../../Planter/planter.cpp ****               return raw;
 114:../../Planter/planter.cpp ****       }
 115:../../Planter/planter.cpp **** 
 116:../../Planter/planter.cpp ****       // Piecewise linear interpolation
 117:../../Planter/planter.cpp ****       float calibrated;
 228              		.loc 1 117 7 view .LVU54
 118:../../Planter/planter.cpp ****       if(raw <= cal_adc_mid)
 229              		.loc 1 118 7 view .LVU55
 230              	.LBB25:
 231 000e 9FED137A 		vldr.32	s14, .L29
 232              	.LBB26:
 119:../../Planter/planter.cpp ****       {
 120:../../Planter/planter.cpp ****           // Interpolate between low and mid
 121:../../Planter/planter.cpp ****           float t = (raw - cal_adc_low) / (cal_adc_mid - cal_adc_low);
 233              		.loc 1 121 26 is_stmt 0 view .LVU56
 234 0012 DFED137A 		vldr.32	s15, .L29+4
 235              		.loc 1 121 11 is_stmt 1 view .LVU57
 236              	.LVL23:
 122:../../Planter/planter.cpp ****           calibrated = cal_out_low + t * (cal_out_mid - cal_out_low);
 237              		.loc 1 122 11 view .LVU58
 238              	.LBE26:
 118:../../Planter/planter.cpp ****       if(raw <= cal_adc_mid)
 239              		.loc 1 118 7 is_stmt 0 view .LVU59
 240 0016 B4EEC70A 		vcmpe.f32	s0, s14
 241 001a F1EE10FA 		vmrs	APSR_nzcv, FPSCR
 242              	.LBB27:
 121:../../Planter/planter.cpp ****           calibrated = cal_out_low + t * (cal_out_mid - cal_out_low);
 243              		.loc 1 121 26 view .LVU60
 244 001e 9CBF     		itt	ls
 245 0020 30EE270A 		vaddls.f32	s0, s0, s15
 246              	.LVL24:
 121:../../Planter/planter.cpp ****           calibrated = cal_out_low + t * (cal_out_mid - cal_out_low);
 247              		.loc 1 121 26 view .LVU61
 248              	.LBE27:
 249              	.LBB28:
 123:../../Planter/planter.cpp ****       }
 124:../../Planter/planter.cpp ****       else
 125:../../Planter/planter.cpp ****       {
 126:../../Planter/planter.cpp ****           // Interpolate between mid and high
 127:../../Planter/planter.cpp ****           float t = (raw - cal_adc_mid) / (cal_adc_high - cal_adc_mid);
 250              		.loc 1 127 11 is_stmt 1 view .LVU62
 128:../../Planter/planter.cpp ****           calibrated = cal_out_mid + t * (cal_out_high - cal_out_mid);
ARM GAS  C:\Users\isaia\AppData\Local\Temp\cczmAhZf.s 			page 8


 251              		.loc 1 128 11 view .LVU63
 252              	.LBE28:
 253              	.LBB29:
 122:../../Planter/planter.cpp ****       }
 254              		.loc 1 122 22 is_stmt 0 view .LVU64
 255 0024 9FED0F7A 		vldrls.32	s14, .L29+8
 256              	.LBE29:
 257              	.LBB30:
 127:../../Planter/planter.cpp ****           calibrated = cal_out_mid + t * (cal_out_high - cal_out_mid);
 258              		.loc 1 127 17 view .LVU65
 259 0028 C0EE276A 		vdiv.f32	s13, s0, s15
 260              	.LVL25:
 261              		.loc 1 128 22 view .LVU66
 262 002c A6EEA77A 		vfma.f32	s14, s13, s15
 263              	.LBE30:
 264              	.LBE25:
 129:../../Planter/planter.cpp ****       }
 130:../../Planter/planter.cpp **** 
 131:../../Planter/planter.cpp ****       // Clamp to valid -1 to 1 range
 132:../../Planter/planter.cpp ****       if(calibrated > 1.0f)  calibrated = 1.0f;
 265              		.loc 1 132 7 view .LVU67
 266 0030 F7EE007A 		vmov.f32	s15, #1.0e+0
 267 0034 B4EEE77A 		vcmpe.f32	s14, s15
 268              	.LBB32:
 269              	.LBB31:
 128:../../Planter/planter.cpp ****       }
 270              		.loc 1 128 22 view .LVU68
 271 0038 B0EE470A 		vmov.f32	s0, s14
 272              	.LVL26:
 128:../../Planter/planter.cpp ****       }
 273              		.loc 1 128 22 view .LVU69
 274              	.LBE31:
 275              	.LBE32:
 276              		.loc 1 132 7 is_stmt 1 view .LVU70
 277 003c F1EE10FA 		vmrs	APSR_nzcv, FPSCR
 278 0040 02DD     		ble	.L28
 279              		.loc 1 132 41 is_stmt 0 view .LVU71
 280 0042 B0EE670A 		vmov.f32	s0, s15
 281              	.LVL27:
 282              	.L17:
 133:../../Planter/planter.cpp ****       if(calibrated < -1.0f) calibrated = -1.0f;
 134:../../Planter/planter.cpp **** 
 135:../../Planter/planter.cpp ****       return calibrated;
 136:../../Planter/planter.cpp ****   }
 283              		.loc 1 136 3 view .LVU72
 284 0046 10BD     		pop	{r4, pc}
 285              	.LVL28:
 286              	.L28:
 133:../../Planter/planter.cpp ****       if(calibrated < -1.0f) calibrated = -1.0f;
 287              		.loc 1 133 7 is_stmt 1 view .LVU73
 288 0048 FFEE007A 		vmov.f32	s15, #-1.0e+0
 133:../../Planter/planter.cpp ****       if(calibrated < -1.0f) calibrated = -1.0f;
 289              		.loc 1 133 41 is_stmt 0 view .LVU74
 290 004c B4EE677A 		vcmp.f32	s14, s15
 291 0050 F1EE10FA 		vmrs	APSR_nzcv, FPSCR
 292 0054 48BF     		it	mi
 293 0056 B0EE670A 		vmovmi.f32	s0, s15
ARM GAS  C:\Users\isaia\AppData\Local\Temp\cczmAhZf.s 			page 9


 294              	.LVL29:
 295              		.loc 1 136 3 view .LVU75
 296 005a 10BD     		pop	{r4, pc}
 297              	.LVL30:
 298              	.L30:
 299              		.loc 1 136 3 view .LVU76
 300              		.align	2
 301              	.L29:
 302 005c 00000000 		.word	0
 303 0060 CDCC4C3F 		.word	1061997773
 304 0064 CDCC4CBF 		.word	-1085485875
 305              		.cfi_endproc
 306              	.LFE2739:
 308              		.section	.text._ZN9anachrome7planter8InitLedsEv,"ax",%progbits
 309              		.align	1
 310              		.p2align 2,,3
 311              		.global	_ZN9anachrome7planter8InitLedsEv
 312              		.syntax unified
 313              		.thumb
 314              		.thumb_func
 315              		.fpu fpv5-d16
 317              	_ZN9anachrome7planter8InitLedsEv:
 318              	.LVL31:
 319              	.LFB2740:
 137:../../Planter/planter.cpp **** 
 138:../../Planter/planter.cpp ****   /** Fixed-function Digital I/O */
 139:../../Planter/planter.cpp ****   void planter::InitLeds()
 140:../../Planter/planter.cpp ****   {
 320              		.loc 1 140 3 is_stmt 1 view -0
 321              		.cfi_startproc
 322              		@ args = 0, pretend = 0, frame = 0
 323              		@ frame_needed = 0, uses_anonymous_args = 0
 141:../../Planter/planter.cpp ****     led_1.Init(patch.D8, GPIO::Mode::OUTPUT, GPIO::Pull::NOPULL);
 324              		.loc 1 141 5 view .LVU78
 325              		.loc 1 141 15 is_stmt 0 view .LVU79
 326 0000 0D4B     		ldr	r3, .L33
 140:../../Planter/planter.cpp ****     led_1.Init(patch.D8, GPIO::Mode::OUTPUT, GPIO::Pull::NOPULL);
 327              		.loc 1 140 3 view .LVU80
 328 0002 30B5     		push	{r4, r5, lr}
 329              		.cfi_def_cfa_offset 12
 330              		.cfi_offset 4, -12
 331              		.cfi_offset 5, -8
 332              		.cfi_offset 14, -4
 333              		.loc 1 141 15 view .LVU81
 334 0004 1A78     		ldrb	r2, [r3]	@ zero_extendqisi2
 140:../../Planter/planter.cpp ****     led_1.Init(patch.D8, GPIO::Mode::OUTPUT, GPIO::Pull::NOPULL);
 335              		.loc 1 140 3 view .LVU82
 336 0006 83B0     		sub	sp, sp, #12
 337              		.cfi_def_cfa_offset 24
 338              		.loc 1 141 15 view .LVU83
 339 0008 0024     		movs	r4, #0
 340 000a 5978     		ldrb	r1, [r3, #1]	@ zero_extendqisi2
 140:../../Planter/planter.cpp ****     led_1.Init(patch.D8, GPIO::Mode::OUTPUT, GPIO::Pull::NOPULL);
 341              		.loc 1 140 3 view .LVU84
 342 000c 0546     		mov	r5, r0
 343              		.loc 1 141 15 view .LVU85
 344 000e 42EA0121 		orr	r1, r2, r1, lsl #8
ARM GAS  C:\Users\isaia\AppData\Local\Temp\cczmAhZf.s 			page 10


 345 0012 2346     		mov	r3, r4
 346 0014 0122     		movs	r2, #1
 347 0016 0094     		str	r4, [sp]
 348 0018 FFF7FEFF 		bl	_ZN5daisy4GPIO4InitENS_3PinENS0_4ModeENS0_4PullENS0_5SpeedE
 349              	.LVL32:
 142:../../Planter/planter.cpp ****     led_2.Init(patch.D9, GPIO::Mode::OUTPUT, GPIO::Pull::NOPULL);
 350              		.loc 1 142 5 is_stmt 1 view .LVU86
 351              		.loc 1 142 15 is_stmt 0 view .LVU87
 352 001c 074B     		ldr	r3, .L33+4
 353 001e 0094     		str	r4, [sp]
 354 0020 05F11400 		add	r0, r5, #20
 355 0024 1A78     		ldrb	r2, [r3]	@ zero_extendqisi2
 356 0026 5978     		ldrb	r1, [r3, #1]	@ zero_extendqisi2
 357 0028 2346     		mov	r3, r4
 358 002a 42EA0121 		orr	r1, r2, r1, lsl #8
 359 002e 0122     		movs	r2, #1
 360 0030 FFF7FEFF 		bl	_ZN5daisy4GPIO4InitENS_3PinENS0_4ModeENS0_4PullENS0_5SpeedE
 361              	.LVL33:
 143:../../Planter/planter.cpp ****   }
 362              		.loc 1 143 3 view .LVU88
 363 0034 03B0     		add	sp, sp, #12
 364              		.cfi_def_cfa_offset 12
 365              		@ sp needed
 366 0036 30BD     		pop	{r4, r5, pc}
 367              	.LVL34:
 368              	.L34:
 369              		.loc 1 143 3 view .LVU89
 370              		.align	2
 371              	.L33:
 372 0038 00000000 		.word	_ZN5daisy8patch_sm12DaisyPatchSM2D8E
 373 003c 00000000 		.word	_ZN5daisy8patch_sm12DaisyPatchSM2D9E
 374              		.cfi_endproc
 375              	.LFE2740:
 377              		.section	.text._ZN9anachrome7planter6SetLedEib,"ax",%progbits
 378              		.align	1
 379              		.p2align 2,,3
 380              		.global	_ZN9anachrome7planter6SetLedEib
 381              		.syntax unified
 382              		.thumb
 383              		.thumb_func
 384              		.fpu fpv5-d16
 386              	_ZN9anachrome7planter6SetLedEib:
 387              	.LVL35:
 388              	.LFB2741:
 144:../../Planter/planter.cpp **** 
 145:../../Planter/planter.cpp ****   void planter::SetLed(const int idx, bool state) { 
 389              		.loc 1 145 51 is_stmt 1 view -0
 390              		.cfi_startproc
 391              		@ args = 0, pretend = 0, frame = 0
 392              		@ frame_needed = 0, uses_anonymous_args = 0
 393              		@ link register save eliminated.
 146:../../Planter/planter.cpp ****     if (idx == 1)
 394              		.loc 1 146 5 view .LVU91
 395 0000 0129     		cmp	r1, #1
 147:../../Planter/planter.cpp ****       led_1.Write(state);
 396              		.loc 1 147 18 is_stmt 0 view .LVU92
 397 0002 1146     		mov	r1, r2
ARM GAS  C:\Users\isaia\AppData\Local\Temp\cczmAhZf.s 			page 11


 398              	.LVL36:
 399              		.loc 1 147 7 is_stmt 1 view .LVU93
 148:../../Planter/planter.cpp ****     else
 149:../../Planter/planter.cpp ****       led_2.Write(state);
 400              		.loc 1 149 7 view .LVU94
 401              		.loc 1 149 18 is_stmt 0 view .LVU95
 402 0004 18BF     		it	ne
 403 0006 1430     		addne	r0, r0, #20
 404              	.LVL37:
 405              		.loc 1 149 18 view .LVU96
 406 0008 FFF7FEBF 		b	_ZN5daisy4GPIO5WriteEb
 407              	.LVL38:
 408              		.loc 1 149 18 view .LVU97
 409              		.cfi_endproc
 410              	.LFE2741:
 412              		.section	.text._ZN9anachrome7planter12GetKnobValueEi,"ax",%progbits
 413              		.align	1
 414              		.p2align 2,,3
 415              		.global	_ZN9anachrome7planter12GetKnobValueEi
 416              		.syntax unified
 417              		.thumb
 418              		.thumb_func
 419              		.fpu fpv5-d16
 421              	_ZN9anachrome7planter12GetKnobValueEi:
 422              	.LVL39:
 423              	.LFB2742:
 150:../../Planter/planter.cpp ****   }
 151:../../Planter/planter.cpp **** 
 152:../../Planter/planter.cpp ****   float planter::GetKnobValue(int index)
 153:../../Planter/planter.cpp ****   {
 424              		.loc 1 153 3 is_stmt 1 view -0
 425              		.cfi_startproc
 426              		@ args = 0, pretend = 0, frame = 0
 427              		@ frame_needed = 0, uses_anonymous_args = 0
 154:../../Planter/planter.cpp ****       // Read filtered value from AnalogControl
 155:../../Planter/planter.cpp ****       // Knobs 1-4 (indices 4-7): bipolar-initialized channels, output range depends on 3V3 pot int
 156:../../Planter/planter.cpp ****       // Knobs 5-6 (indices 8-9): unipolar-initialized channels, output range ~0-0.5 for 3V3 pot
 157:../../Planter/planter.cpp ****       float raw = patch.GetAdcValue(index);
 428              		.loc 1 157 7 view .LVU99
 153:../../Planter/planter.cpp ****       // Read filtered value from AnalogControl
 429              		.loc 1 153 3 is_stmt 0 view .LVU100
 430 0000 10B5     		push	{r4, lr}
 431              		.cfi_def_cfa_offset 8
 432              		.cfi_offset 4, -8
 433              		.cfi_offset 14, -4
 153:../../Planter/planter.cpp ****       // Read filtered value from AnalogControl
 434              		.loc 1 153 3 view .LVU101
 435 0002 0C46     		mov	r4, r1
 436              		.loc 1 157 36 view .LVU102
 437 0004 B830     		adds	r0, r0, #184
 438              	.LVL40:
 439              		.loc 1 157 36 view .LVU103
 440 0006 FFF7FEFF 		bl	_ZN5daisy8patch_sm12DaisyPatchSM11GetAdcValueEi
 441              	.LVL41:
 442              		.loc 1 157 36 view .LVU104
 443 000a 211F     		subs	r1, r4, #4
 444              	.LVL42:
ARM GAS  C:\Users\isaia\AppData\Local\Temp\cczmAhZf.s 			page 12


 158:../../Planter/planter.cpp **** 
 159:../../Planter/planter.cpp ****       // Per-unit measured min/max from planter_calibration.h
 160:../../Planter/planter.cpp ****       float cal_raw_low, cal_raw_high;
 445              		.loc 1 160 7 is_stmt 1 view .LVU105
 161:../../Planter/planter.cpp **** 
 162:../../Planter/planter.cpp ****       switch(index)
 446              		.loc 1 162 7 view .LVU106
 447 000c 0529     		cmp	r1, #5
 448 000e 13D8     		bhi	.L38
 449              	.LVL43:
 163:../../Planter/planter.cpp ****       {
 164:../../Planter/planter.cpp ****           case KNOB_1:
 165:../../Planter/planter.cpp ****               cal_raw_low  = CAL.knob1_low;
 166:../../Planter/planter.cpp ****               cal_raw_high = CAL.knob1_high;
 167:../../Planter/planter.cpp ****               break;
 168:../../Planter/planter.cpp ****           case KNOB_2:
 169:../../Planter/planter.cpp ****               cal_raw_low  = CAL.knob2_low;
 170:../../Planter/planter.cpp ****               cal_raw_high = CAL.knob2_high;
 171:../../Planter/planter.cpp ****               break;
 172:../../Planter/planter.cpp ****           case KNOB_3:
 173:../../Planter/planter.cpp ****               cal_raw_low  = CAL.knob3_low;
 174:../../Planter/planter.cpp ****               cal_raw_high = CAL.knob3_high;
 175:../../Planter/planter.cpp ****               break;
 176:../../Planter/planter.cpp ****           case KNOB_4:
 177:../../Planter/planter.cpp ****               cal_raw_low  = CAL.knob4_low;
 178:../../Planter/planter.cpp ****               cal_raw_high = CAL.knob4_high;
 179:../../Planter/planter.cpp ****               break;
 180:../../Planter/planter.cpp ****           case KNOB_5:
 181:../../Planter/planter.cpp ****               cal_raw_low  = CAL.knob5_low;
 182:../../Planter/planter.cpp ****               cal_raw_high = CAL.knob5_high;
 183:../../Planter/planter.cpp ****               break;
 184:../../Planter/planter.cpp ****           case KNOB_6:
 185:../../Planter/planter.cpp ****               cal_raw_low  = CAL.knob6_low;
 186:../../Planter/planter.cpp ****               cal_raw_high = CAL.knob6_high;
 187:../../Planter/planter.cpp ****               break;
 188:../../Planter/planter.cpp ****           default:
 189:../../Planter/planter.cpp ****               return raw;
 190:../../Planter/planter.cpp ****       }
 191:../../Planter/planter.cpp **** 
 192:../../Planter/planter.cpp ****       // Linear interpolation from [cal_raw_low, cal_raw_high] -> [0.0, 1.0]
 193:../../Planter/planter.cpp ****       float scaled = (raw - cal_raw_low) / (cal_raw_high - cal_raw_low);
 450              		.loc 1 193 7 view .LVU107
 451              		.loc 1 193 13 is_stmt 0 view .LVU108
 452 0010 0B4B     		ldr	r3, .L44
 453 0012 03EB8101 		add	r1, r3, r1, lsl #2
 454              	.LVL44:
 455              		.loc 1 193 13 view .LVU109
 456 0016 D1ED007A 		vldr.32	s15, [r1]
 457 001a 80EE270A 		vdiv.f32	s0, s0, s15
 458              	.LVL45:
 194:../../Planter/planter.cpp **** 
 195:../../Planter/planter.cpp ****       // Clamp to 0-1
 196:../../Planter/planter.cpp ****       if(scaled < 0.0f) scaled = 0.0f;
 459              		.loc 1 196 7 is_stmt 1 view .LVU110
 460 001e B5EEC00A 		vcmpe.f32	s0, #0
 461 0022 F1EE10FA 		vmrs	APSR_nzcv, FPSCR
 462 0026 08D4     		bmi	.L41
ARM GAS  C:\Users\isaia\AppData\Local\Temp\cczmAhZf.s 			page 13


 197:../../Planter/planter.cpp ****       if(scaled > 1.0f) scaled = 1.0f;
 463              		.loc 1 197 7 view .LVU111
 464 0028 F7EE007A 		vmov.f32	s15, #1.0e+0
 465              		.loc 1 197 32 is_stmt 0 view .LVU112
 466 002c B4EE670A 		vcmp.f32	s0, s15
 467 0030 F1EE10FA 		vmrs	APSR_nzcv, FPSCR
 468 0034 37FE800A 		vselgt.f32	s0, s15, s0
 469              	.LVL46:
 470              	.L38:
 198:../../Planter/planter.cpp **** 
 199:../../Planter/planter.cpp ****       return scaled;
 200:../../Planter/planter.cpp ****   }
 471              		.loc 1 200 3 view .LVU113
 472 0038 10BD     		pop	{r4, pc}
 473              	.LVL47:
 474              	.L41:
 196:../../Planter/planter.cpp ****       if(scaled > 1.0f) scaled = 1.0f;
 475              		.loc 1 196 32 view .LVU114
 476 003a 9FED020A 		vldr.32	s0, .L44+4
 477              	.LVL48:
 478              		.loc 1 200 3 view .LVU115
 479 003e 10BD     		pop	{r4, pc}
 480              	.LVL49:
 481              	.L45:
 482              		.loc 1 200 3 view .LVU116
 483              		.align	2
 484              	.L44:
 485 0040 00000000 		.word	.LANCHOR0
 486 0044 00000000 		.word	0
 487              		.cfi_endproc
 488              	.LFE2742:
 490              		.section	.text._ZN9anachrome7planter20BootloaderResetCheckEv,"ax",%progbits
 491              		.align	1
 492              		.p2align 2,,3
 493              		.global	_ZN9anachrome7planter20BootloaderResetCheckEv
 494              		.syntax unified
 495              		.thumb
 496              		.thumb_func
 497              		.fpu fpv5-d16
 499              	_ZN9anachrome7planter20BootloaderResetCheckEv:
 500              	.LVL50:
 501              	.LFB2743:
 201:../../Planter/planter.cpp **** 
 202:../../Planter/planter.cpp ****     void planter::BootloaderResetCheck() {
 502              		.loc 1 202 42 is_stmt 1 view -0
 503              		.cfi_startproc
 504              		@ args = 0, pretend = 0, frame = 8
 505              		@ frame_needed = 0, uses_anonymous_args = 0
 203:../../Planter/planter.cpp ****         // Keep this check self-contained so bootloader entry remains reliable
 204:../../Planter/planter.cpp ****         // even if caller debounce cadence changes.
 205:../../Planter/planter.cpp ****         button.Debounce();
 506              		.loc 1 205 9 view .LVU118
 202:../../Planter/planter.cpp ****         // Keep this check self-contained so bootloader entry remains reliable
 507              		.loc 1 202 42 is_stmt 0 view .LVU119
 508 0000 F0B5     		push	{r4, r5, r6, r7, lr}
 509              		.cfi_def_cfa_offset 20
 510              		.cfi_offset 4, -20
ARM GAS  C:\Users\isaia\AppData\Local\Temp\cczmAhZf.s 			page 14


 511              		.cfi_offset 5, -16
 512              		.cfi_offset 6, -12
 513              		.cfi_offset 7, -8
 514              		.cfi_offset 14, -4
 515 0002 0446     		mov	r4, r0
 516 0004 85B0     		sub	sp, sp, #20
 517              		.cfi_def_cfa_offset 40
 518              		.loc 1 205 24 view .LVU120
 519 0006 2830     		adds	r0, r0, #40
 520              	.LVL51:
 521              		.loc 1 205 24 view .LVU121
 522 0008 FFF7FEFF 		bl	_ZN5daisy6Switch8DebounceEv
 523              	.LVL52:
 206:../../Planter/planter.cpp **** 
 207:../../Planter/planter.cpp ****         static uint32_t hold_start_ms = 0;
 524              		.loc 1 207 9 is_stmt 1 view .LVU122
 208:../../Planter/planter.cpp ****         static bool     armed         = false;
 525              		.loc 1 208 9 view .LVU123
 209:../../Planter/planter.cpp **** 
 210:../../Planter/planter.cpp ****         // Use raw state as the primary hold detector; polarity is already handled
 211:../../Planter/planter.cpp ****         // by Switch::RawState() for the configured button type.
 212:../../Planter/planter.cpp ****         const bool pressed_raw = button.RawState();
 526              		.loc 1 212 9 view .LVU124
 527              	.LBB56:
 528              	.LBI56:
 529              		.file 2 "../../libDaisy//src/hid/switch.h"
   1:../../libDaisy//src/hid/switch.h **** #pragma once
   2:../../libDaisy//src/hid/switch.h **** #ifndef DSY_SWITCH_H
   3:../../libDaisy//src/hid/switch.h **** #define DSY_SWITCH_H
   4:../../libDaisy//src/hid/switch.h **** #include "daisy_core.h"
   5:../../libDaisy//src/hid/switch.h **** #include "per/gpio.h"
   6:../../libDaisy//src/hid/switch.h **** #include "sys/system.h"
   7:../../libDaisy//src/hid/switch.h **** 
   8:../../libDaisy//src/hid/switch.h **** namespace daisy
   9:../../libDaisy//src/hid/switch.h **** {
  10:../../libDaisy//src/hid/switch.h **** /** 
  11:../../libDaisy//src/hid/switch.h ****     Generic Class for handling momentary/latching switches \n 
  12:../../libDaisy//src/hid/switch.h ****     Inspired/influenced by Mutable Instruments (pichenettes) Switch classes
  13:../../libDaisy//src/hid/switch.h ****     @author Stephen Hensley
  14:../../libDaisy//src/hid/switch.h ****     @date December 2019
  15:../../libDaisy//src/hid/switch.h ****     @ingroup controls
  16:../../libDaisy//src/hid/switch.h **** */
  17:../../libDaisy//src/hid/switch.h **** class Switch
  18:../../libDaisy//src/hid/switch.h **** {
  19:../../libDaisy//src/hid/switch.h ****   public:
  20:../../libDaisy//src/hid/switch.h ****     /** Specifies the expected behavior of the switch */
  21:../../libDaisy//src/hid/switch.h ****     enum Type
  22:../../libDaisy//src/hid/switch.h ****     {
  23:../../libDaisy//src/hid/switch.h ****         TYPE_TOGGLE,    /**< & */
  24:../../libDaisy//src/hid/switch.h ****         TYPE_MOMENTARY, /**< & */
  25:../../libDaisy//src/hid/switch.h ****     };
  26:../../libDaisy//src/hid/switch.h ****     /** Specifies whether the pressed is HIGH or LOW. */
  27:../../libDaisy//src/hid/switch.h ****     enum Polarity
  28:../../libDaisy//src/hid/switch.h ****     {
  29:../../libDaisy//src/hid/switch.h ****         POLARITY_NORMAL,   /**< & */
  30:../../libDaisy//src/hid/switch.h ****         POLARITY_INVERTED, /**< & */
  31:../../libDaisy//src/hid/switch.h ****     };
ARM GAS  C:\Users\isaia\AppData\Local\Temp\cczmAhZf.s 			page 15


  32:../../libDaisy//src/hid/switch.h **** 
  33:../../libDaisy//src/hid/switch.h ****     Switch() {}
  34:../../libDaisy//src/hid/switch.h ****     ~Switch() {}
  35:../../libDaisy//src/hid/switch.h **** 
  36:../../libDaisy//src/hid/switch.h ****     /** 
  37:../../libDaisy//src/hid/switch.h ****     Initializes the switch object with a given port/pin combo.
  38:../../libDaisy//src/hid/switch.h ****     \param pin port/pin object to tell the switch which hardware pin to use.
  39:../../libDaisy//src/hid/switch.h ****     \param update_rate Does nothing. Backwards compatibility until next breaking update.
  40:../../libDaisy//src/hid/switch.h ****     \param t switch type -- Default: TYPE_MOMENTARY
  41:../../libDaisy//src/hid/switch.h ****     \param pol switch polarity -- Default: POLARITY_INVERTED
  42:../../libDaisy//src/hid/switch.h ****     \param pu switch pull up/down -- Default: PULL_UP
  43:../../libDaisy//src/hid/switch.h ****     */
  44:../../libDaisy//src/hid/switch.h ****     void Init(Pin        pin,
  45:../../libDaisy//src/hid/switch.h ****               float      update_rate,
  46:../../libDaisy//src/hid/switch.h ****               Type       t,
  47:../../libDaisy//src/hid/switch.h ****               Polarity   pol,
  48:../../libDaisy//src/hid/switch.h ****               GPIO::Pull pu = GPIO::Pull::PULLUP);
  49:../../libDaisy//src/hid/switch.h **** 
  50:../../libDaisy//src/hid/switch.h ****     /**
  51:../../libDaisy//src/hid/switch.h ****        Simplified Init.
  52:../../libDaisy//src/hid/switch.h ****        \param pin port/pin object to tell the switch which hardware pin to use.
  53:../../libDaisy//src/hid/switch.h ****        \param update_rate Left for backwards compatibility until next breaking change.
  54:../../libDaisy//src/hid/switch.h ****     */
  55:../../libDaisy//src/hid/switch.h ****     void Init(Pin pin, float update_rate = 0.f);
  56:../../libDaisy//src/hid/switch.h **** 
  57:../../libDaisy//src/hid/switch.h ****     /** 
  58:../../libDaisy//src/hid/switch.h ****     Called at update_rate to debounce and handle timing for the switch.
  59:../../libDaisy//src/hid/switch.h ****     In order for events not to be missed, its important that the Edge/Pressed checks
  60:../../libDaisy//src/hid/switch.h ****     be made at the same rate as the debounce function is being called.
  61:../../libDaisy//src/hid/switch.h ****     */
  62:../../libDaisy//src/hid/switch.h ****     void Debounce();
  63:../../libDaisy//src/hid/switch.h **** 
  64:../../libDaisy//src/hid/switch.h ****     /** \return true if a button was just pressed. */
  65:../../libDaisy//src/hid/switch.h ****     inline bool RisingEdge() const { return updated_ ? state_ == 0x7f : false; }
  66:../../libDaisy//src/hid/switch.h **** 
  67:../../libDaisy//src/hid/switch.h ****     /** \return true if the button was just released */
  68:../../libDaisy//src/hid/switch.h ****     inline bool FallingEdge() const
  69:../../libDaisy//src/hid/switch.h ****     {
  70:../../libDaisy//src/hid/switch.h ****         return updated_ ? state_ == 0x80 : false;
  71:../../libDaisy//src/hid/switch.h ****     }
  72:../../libDaisy//src/hid/switch.h **** 
  73:../../libDaisy//src/hid/switch.h ****     /** \return true if the button is held down (or if the toggle is on) */
  74:../../libDaisy//src/hid/switch.h ****     inline bool Pressed() const { return state_ == 0xff; }
  75:../../libDaisy//src/hid/switch.h **** 
  76:../../libDaisy//src/hid/switch.h ****     /** \return true if the button is held down, without debouncing */
  77:../../libDaisy//src/hid/switch.h ****     inline bool RawState()
 530              		.loc 2 77 17 view .LVU125
 531              	.LBB57:
  78:../../libDaisy//src/hid/switch.h ****     {
  79:../../libDaisy//src/hid/switch.h ****         const bool raw = hw_gpio_.Read();
 532              		.loc 2 79 9 view .LVU126
 533              		.loc 2 79 39 is_stmt 0 view .LVU127
 534 000c 04F13000 		add	r0, r4, #48
 535 0010 FFF7FEFF 		bl	_ZN5daisy4GPIO4ReadEv
 536              	.LVL53:
  80:../../libDaisy//src/hid/switch.h ****         return flip_ ? !raw : raw;
 537              		.loc 2 80 22 view .LVU128
ARM GAS  C:\Users\isaia\AppData\Local\Temp\cczmAhZf.s 			page 16


 538 0014 94F84530 		ldrb	r3, [r4, #69]	@ zero_extendqisi2
 539              	.LVL54:
 540              		.loc 2 80 9 is_stmt 1 view .LVU129
 541              		.loc 2 80 22 is_stmt 0 view .LVU130
 542 0018 13B1     		cbz	r3, .L47
 543 001a 80F00100 		eor	r0, r0, #1
 544              	.LVL55:
 545              		.loc 2 80 22 view .LVU131
 546 001e C0B2     		uxtb	r0, r0
 547              	.L47:
 548              	.LVL56:
 549              		.loc 2 80 22 view .LVU132
 550              	.LBE57:
 551              	.LBE56:
 213:../../Planter/planter.cpp **** 
 214:../../Planter/planter.cpp ****         if(pressed_raw)
 552              		.loc 1 214 9 is_stmt 1 view .LVU133
 215:../../Planter/planter.cpp ****         {
 216:../../Planter/planter.cpp ****             if(!armed)
 553              		.loc 1 216 16 is_stmt 0 view .LVU134
 554 0020 3F4D     		ldr	r5, .L70
 214:../../Planter/planter.cpp ****         {
 555              		.loc 1 214 9 view .LVU135
 556 0022 0028     		cmp	r0, #0
 557 0024 51D0     		beq	.L48
 558              		.loc 1 216 13 is_stmt 1 view .LVU136
 559 0026 2B78     		ldrb	r3, [r5]	@ zero_extendqisi2
 560 0028 002B     		cmp	r3, #0
 561 002a 57D0     		beq	.L65
 562 002c 3D4E     		ldr	r6, .L70+4
 563              	.LVL57:
 564              	.L49:
 217:../../Planter/planter.cpp ****             {
 218:../../Planter/planter.cpp ****                 armed         = true;
 219:../../Planter/planter.cpp ****                 hold_start_ms = System::GetNow();
 220:../../Planter/planter.cpp ****             }
 221:../../Planter/planter.cpp ****         }
 222:../../Planter/planter.cpp ****         else
 223:../../Planter/planter.cpp ****         {
 224:../../Planter/planter.cpp ****             armed         = false;
 225:../../Planter/planter.cpp ****             hold_start_ms = 0;
 226:../../Planter/planter.cpp ****         }
 227:../../Planter/planter.cpp **** 
 228:../../Planter/planter.cpp ****         const bool held_3s_raw = armed && (System::GetNow() - hold_start_ms >= 3000);
 565              		.loc 1 228 58 is_stmt 0 view .LVU137
 566 002e FFF7FEFF 		bl	_ZN5daisy6System6GetNowEv
 567              	.LVL58:
 568              		.loc 1 228 61 view .LVU138
 569 0032 3368     		ldr	r3, [r6]
 570 0034 C01A     		subs	r0, r0, r3
 571              		.loc 1 228 40 view .LVU139
 572 0036 40F6B733 		movw	r3, #2999
 573 003a 9842     		cmp	r0, r3
 574 003c 48D9     		bls	.L51
 575              	.LVL59:
 229:../../Planter/planter.cpp ****         const bool held_3s_db  = (button.TimeHeldMs() >= 1000.0f);
 576              		.loc 1 229 9 is_stmt 1 view .LVU140
ARM GAS  C:\Users\isaia\AppData\Local\Temp\cczmAhZf.s 			page 17


 577              	.LBB58:
 578              	.LBI58:
  81:../../libDaisy//src/hid/switch.h ****     }
  82:../../libDaisy//src/hid/switch.h **** 
  83:../../libDaisy//src/hid/switch.h ****     /** \return the time in milliseconds that the button has been held (or toggle has been on) */
  84:../../libDaisy//src/hid/switch.h ****     inline float TimeHeldMs() const
 579              		.loc 2 84 18 view .LVU141
 580              	.LBB59:
  85:../../libDaisy//src/hid/switch.h ****     {
  86:../../libDaisy//src/hid/switch.h ****         return Pressed() ? System::GetNow() - rising_edge_time_ : 0;
 581              		.loc 2 86 9 view .LVU142
 582              	.LBB60:
 583              	.LBI60:
  74:../../libDaisy//src/hid/switch.h **** 
 584              		.loc 2 74 17 view .LVU143
 585              	.LBB61:
  74:../../libDaisy//src/hid/switch.h **** 
 586              		.loc 2 74 35 view .LVU144
  74:../../libDaisy//src/hid/switch.h **** 
 587              		.loc 2 74 35 is_stmt 0 view .LVU145
 588              	.LBE61:
 589              	.LBE60:
 590              		.loc 2 86 26 view .LVU146
 591 003e 94F84430 		ldrb	r3, [r4, #68]	@ zero_extendqisi2
 592 0042 FF2B     		cmp	r3, #255
 593 0044 69D0     		beq	.L68
 594              	.LVL60:
 595              	.L59:
 596              		.loc 2 86 26 view .LVU147
 597              	.LBE59:
 598              	.LBE58:
 599              	.LBB79:
 600              	.LBB80:
 230:../../Planter/planter.cpp **** 
 231:../../Planter/planter.cpp ****         if (held_3s_raw || held_3s_db) {
 232:../../Planter/planter.cpp ****                 armed         = false;
 601              		.loc 1 232 17 is_stmt 1 view .LVU148
 602              		.loc 1 232 31 is_stmt 0 view .LVU149
 603 0046 0027     		movs	r7, #0
 233:../../Planter/planter.cpp ****                 hold_start_ms = 0;
 234:../../Planter/planter.cpp **** 
 235:../../Planter/planter.cpp ****         patch.StopAdc();
 604              		.loc 1 235 22 view .LVU150
 605 0048 04F1B800 		add	r0, r4, #184
 232:../../Planter/planter.cpp ****                 hold_start_ms = 0;
 606              		.loc 1 232 31 view .LVU151
 607 004c 2F70     		strb	r7, [r5]
 233:../../Planter/planter.cpp ****                 hold_start_ms = 0;
 608              		.loc 1 233 17 is_stmt 1 view .LVU152
 609              	.LBB81:
 610              	.LBB82:
 142:../../Planter/planter.cpp ****   }
 611              		.loc 1 142 15 is_stmt 0 view .LVU153
 612 004e 0425     		movs	r5, #4
 613              	.LBE82:
 614              	.LBE81:
 615              		.loc 1 235 22 view .LVU154
ARM GAS  C:\Users\isaia\AppData\Local\Temp\cczmAhZf.s 			page 18


 616 0050 0390     		str	r0, [sp, #12]
 233:../../Planter/planter.cpp ****                 hold_start_ms = 0;
 617              		.loc 1 233 31 view .LVU155
 618 0052 3760     		str	r7, [r6]
 619              		.loc 1 235 9 is_stmt 1 view .LVU156
 620              		.loc 1 235 22 is_stmt 0 view .LVU157
 621 0054 FFF7FEFF 		bl	_ZN5daisy8patch_sm12DaisyPatchSM7StopAdcEv
 622              	.LVL61:
 236:../../Planter/planter.cpp ****         patch.StopAudio();
 623              		.loc 1 236 9 is_stmt 1 view .LVU158
 624              		.loc 1 236 24 is_stmt 0 view .LVU159
 625 0058 0398     		ldr	r0, [sp, #12]
 626              	.LBB85:
 627              	.LBB83:
 142:../../Planter/planter.cpp ****   }
 628              		.loc 1 142 15 view .LVU160
 629 005a 04F11406 		add	r6, r4, #20
 630              	.LBE83:
 631              	.LBE85:
 632              		.loc 1 236 24 view .LVU161
 633 005e FFF7FEFF 		bl	_ZN5daisy8patch_sm12DaisyPatchSM9StopAudioEv
 634              	.LVL62:
 237:../../Planter/planter.cpp ****         
 238:../../Planter/planter.cpp ****         planter::InitLeds();
 635              		.loc 1 238 9 is_stmt 1 view .LVU162
 636              	.LBB86:
 637              	.LBI81:
 139:../../Planter/planter.cpp ****   {
 638              		.loc 1 139 8 view .LVU163
 639              	.LBB84:
 141:../../Planter/planter.cpp ****     led_2.Init(patch.D9, GPIO::Mode::OUTPUT, GPIO::Pull::NOPULL);
 640              		.loc 1 141 5 view .LVU164
 141:../../Planter/planter.cpp ****     led_2.Init(patch.D9, GPIO::Mode::OUTPUT, GPIO::Pull::NOPULL);
 641              		.loc 1 141 15 is_stmt 0 view .LVU165
 642 0062 314B     		ldr	r3, .L70+8
 643 0064 0097     		str	r7, [sp]
 644 0066 2046     		mov	r0, r4
 645 0068 1A78     		ldrb	r2, [r3]	@ zero_extendqisi2
 646 006a 5978     		ldrb	r1, [r3, #1]	@ zero_extendqisi2
 647 006c 3B46     		mov	r3, r7
 648 006e 42EA0121 		orr	r1, r2, r1, lsl #8
 649 0072 0122     		movs	r2, #1
 650 0074 FFF7FEFF 		bl	_ZN5daisy4GPIO4InitENS_3PinENS0_4ModeENS0_4PullENS0_5SpeedE
 651              	.LVL63:
 142:../../Planter/planter.cpp ****   }
 652              		.loc 1 142 5 is_stmt 1 view .LVU166
 142:../../Planter/planter.cpp ****   }
 653              		.loc 1 142 15 is_stmt 0 view .LVU167
 654 0078 2C4A     		ldr	r2, .L70+12
 655 007a 0097     		str	r7, [sp]
 656 007c 3B46     		mov	r3, r7
 657 007e 1178     		ldrb	r1, [r2]	@ zero_extendqisi2
 658 0080 3046     		mov	r0, r6
 659 0082 5278     		ldrb	r2, [r2, #1]	@ zero_extendqisi2
 660 0084 41EA0221 		orr	r1, r1, r2, lsl #8
 661 0088 0122     		movs	r2, #1
 662 008a FFF7FEFF 		bl	_ZN5daisy4GPIO4InitENS_3PinENS0_4ModeENS0_4PullENS0_5SpeedE
ARM GAS  C:\Users\isaia\AppData\Local\Temp\cczmAhZf.s 			page 19


 663              	.LVL64:
 142:../../Planter/planter.cpp ****   }
 664              		.loc 1 142 15 view .LVU168
 665              	.LBE84:
 666              	.LBE86:
 667              	.LBB87:
 239:../../Planter/planter.cpp **** 
 240:../../Planter/planter.cpp ****         // Flash front panel LEDS 4 times
 241:../../Planter/planter.cpp ****         for (int i = 0; i < 4; i++) {
 668              		.loc 1 241 27 is_stmt 1 view .LVU169
 669              	.L55:
 242:../../Planter/planter.cpp ****           SetLed(1, true);
 670              		.loc 1 242 11 view .LVU170
 671              	.LBB88:
 672              	.LBI88:
 145:../../Planter/planter.cpp ****     if (idx == 1)
 673              		.loc 1 145 8 view .LVU171
 674              	.LBB89:
 146:../../Planter/planter.cpp ****       led_1.Write(state);
 675              		.loc 1 146 5 view .LVU172
 147:../../Planter/planter.cpp ****     else
 676              		.loc 1 147 7 view .LVU173
 147:../../Planter/planter.cpp ****     else
 677              		.loc 1 147 18 is_stmt 0 view .LVU174
 678 008e 0121     		movs	r1, #1
 679 0090 2046     		mov	r0, r4
 680 0092 FFF7FEFF 		bl	_ZN5daisy4GPIO5WriteEb
 681              	.LVL65:
 147:../../Planter/planter.cpp ****     else
 682              		.loc 1 147 18 view .LVU175
 683              	.LBE89:
 684              	.LBE88:
 243:../../Planter/planter.cpp ****           SetLed(2, false);
 685              		.loc 1 243 11 is_stmt 1 view .LVU176
 686              	.LBB90:
 687              	.LBI90:
 145:../../Planter/planter.cpp ****     if (idx == 1)
 688              		.loc 1 145 8 view .LVU177
 689              	.LBB91:
 146:../../Planter/planter.cpp ****       led_1.Write(state);
 690              		.loc 1 146 5 view .LVU178
 149:../../Planter/planter.cpp ****   }
 691              		.loc 1 149 7 view .LVU179
 149:../../Planter/planter.cpp ****   }
 692              		.loc 1 149 18 is_stmt 0 view .LVU180
 693 0096 0021     		movs	r1, #0
 694 0098 3046     		mov	r0, r6
 695 009a FFF7FEFF 		bl	_ZN5daisy4GPIO5WriteEb
 696              	.LVL66:
 149:../../Planter/planter.cpp ****   }
 697              		.loc 1 149 18 view .LVU181
 698              	.LBE91:
 699              	.LBE90:
 244:../../Planter/planter.cpp ****           System::Delay(100);
 700              		.loc 1 244 11 is_stmt 1 view .LVU182
 701              		.loc 1 244 24 is_stmt 0 view .LVU183
 702 009e 6420     		movs	r0, #100
ARM GAS  C:\Users\isaia\AppData\Local\Temp\cczmAhZf.s 			page 20


 703 00a0 FFF7FEFF 		bl	_ZN5daisy6System5DelayEm
 704              	.LVL67:
 245:../../Planter/planter.cpp **** 
 246:../../Planter/planter.cpp ****           SetLed(1, false);
 705              		.loc 1 246 11 is_stmt 1 view .LVU184
 706              	.LBB92:
 707              	.LBI92:
 145:../../Planter/planter.cpp ****     if (idx == 1)
 708              		.loc 1 145 8 view .LVU185
 709              	.LBB93:
 146:../../Planter/planter.cpp ****       led_1.Write(state);
 710              		.loc 1 146 5 view .LVU186
 147:../../Planter/planter.cpp ****     else
 711              		.loc 1 147 7 view .LVU187
 147:../../Planter/planter.cpp ****     else
 712              		.loc 1 147 18 is_stmt 0 view .LVU188
 713 00a4 0021     		movs	r1, #0
 714 00a6 2046     		mov	r0, r4
 715 00a8 FFF7FEFF 		bl	_ZN5daisy4GPIO5WriteEb
 716              	.LVL68:
 147:../../Planter/planter.cpp ****     else
 717              		.loc 1 147 18 view .LVU189
 718              	.LBE93:
 719              	.LBE92:
 247:../../Planter/planter.cpp ****           SetLed(2, true);
 720              		.loc 1 247 11 is_stmt 1 view .LVU190
 721              	.LBB94:
 722              	.LBI94:
 145:../../Planter/planter.cpp ****     if (idx == 1)
 723              		.loc 1 145 8 view .LVU191
 724              	.LBB95:
 146:../../Planter/planter.cpp ****       led_1.Write(state);
 725              		.loc 1 146 5 view .LVU192
 149:../../Planter/planter.cpp ****   }
 726              		.loc 1 149 7 view .LVU193
 149:../../Planter/planter.cpp ****   }
 727              		.loc 1 149 18 is_stmt 0 view .LVU194
 728 00ac 3046     		mov	r0, r6
 729 00ae 0121     		movs	r1, #1
 730 00b0 FFF7FEFF 		bl	_ZN5daisy4GPIO5WriteEb
 731              	.LVL69:
 149:../../Planter/planter.cpp ****   }
 732              		.loc 1 149 18 view .LVU195
 733              	.LBE95:
 734              	.LBE94:
 248:../../Planter/planter.cpp ****           System::Delay(100);
 735              		.loc 1 248 11 is_stmt 1 view .LVU196
 736              		.loc 1 248 24 is_stmt 0 view .LVU197
 737 00b4 6420     		movs	r0, #100
 738 00b6 FFF7FEFF 		bl	_ZN5daisy6System5DelayEm
 739              	.LVL70:
 241:../../Planter/planter.cpp ****           SetLed(1, true);
 740              		.loc 1 241 9 is_stmt 1 view .LVU198
 241:../../Planter/planter.cpp ****           SetLed(1, true);
 741              		.loc 1 241 27 view .LVU199
 742 00ba 013D     		subs	r5, r5, #1
 743              	.LVL71:
ARM GAS  C:\Users\isaia\AppData\Local\Temp\cczmAhZf.s 			page 21


 241:../../Planter/planter.cpp ****           SetLed(1, true);
 744              		.loc 1 241 27 is_stmt 0 view .LVU200
 745 00bc E7D1     		bne	.L55
 746              	.LBE87:
 249:../../Planter/planter.cpp ****         }
 250:../../Planter/planter.cpp **** 
 251:../../Planter/planter.cpp ****         // Reset system to bootloader
 252:../../Planter/planter.cpp ****         System::ResetToBootloader(System::BootloaderMode::DAISY_INFINITE_TIMEOUT);
 747              		.loc 1 252 9 is_stmt 1 view .LVU201
 748              		.loc 1 252 34 is_stmt 0 view .LVU202
 749 00be 0320     		movs	r0, #3
 750              	.LBE80:
 751              	.LBE79:
 253:../../Planter/planter.cpp ****       }
 254:../../Planter/planter.cpp **** 
 255:../../Planter/planter.cpp ****   }
 752              		.loc 1 255 3 view .LVU203
 753 00c0 05B0     		add	sp, sp, #20
 754              		.cfi_remember_state
 755              		.cfi_def_cfa_offset 20
 756              		@ sp needed
 757 00c2 BDE8F040 		pop	{r4, r5, r6, r7, lr}
 758              		.cfi_restore 14
 759              		.cfi_restore 7
 760              		.cfi_restore 6
 761              		.cfi_restore 5
 762              		.cfi_restore 4
 763              		.cfi_def_cfa_offset 0
 764              	.LVL72:
 765              	.LBB97:
 766              	.LBB96:
 252:../../Planter/planter.cpp ****       }
 767              		.loc 1 252 34 view .LVU204
 768 00c6 FFF7FEBF 		b	_ZN5daisy6System17ResetToBootloaderENS0_14BootloaderModeE
 769              	.LVL73:
 770              	.L48:
 771              		.cfi_restore_state
 252:../../Planter/planter.cpp ****       }
 772              		.loc 1 252 34 view .LVU205
 773              	.LBE96:
 774              	.LBE97:
 224:../../Planter/planter.cpp ****             hold_start_ms = 0;
 775              		.loc 1 224 13 is_stmt 1 view .LVU206
 225:../../Planter/planter.cpp ****         }
 776              		.loc 1 225 27 is_stmt 0 view .LVU207
 777 00ca 164E     		ldr	r6, .L70+4
 224:../../Planter/planter.cpp ****             hold_start_ms = 0;
 778              		.loc 1 224 27 view .LVU208
 779 00cc 2870     		strb	r0, [r5]
 225:../../Planter/planter.cpp ****         }
 780              		.loc 1 225 13 is_stmt 1 view .LVU209
 225:../../Planter/planter.cpp ****         }
 781              		.loc 1 225 27 is_stmt 0 view .LVU210
 782 00ce 3060     		str	r0, [r6]
 228:../../Planter/planter.cpp ****         const bool held_3s_db  = (button.TimeHeldMs() >= 1000.0f);
 783              		.loc 1 228 9 is_stmt 1 view .LVU211
 784              	.LVL74:
ARM GAS  C:\Users\isaia\AppData\Local\Temp\cczmAhZf.s 			page 22


 785              	.L51:
 229:../../Planter/planter.cpp **** 
 786              		.loc 1 229 9 view .LVU212
 787              	.LBB98:
  84:../../libDaisy//src/hid/switch.h ****     {
 788              		.loc 2 84 18 view .LVU213
 789              	.LBB74:
 790              		.loc 2 86 9 view .LVU214
 791              	.LBB64:
  74:../../libDaisy//src/hid/switch.h **** 
 792              		.loc 2 74 17 view .LVU215
 793              	.LBB62:
  74:../../libDaisy//src/hid/switch.h **** 
 794              		.loc 2 74 35 view .LVU216
  74:../../libDaisy//src/hid/switch.h **** 
 795              		.loc 2 74 35 is_stmt 0 view .LVU217
 796              	.LBE62:
 797              	.LBE64:
 798              		.loc 2 86 26 view .LVU218
 799 00d0 94F84430 		ldrb	r3, [r4, #68]	@ zero_extendqisi2
 800 00d4 FF2B     		cmp	r3, #255
 801 00d6 0ED0     		beq	.L69
 802              	.LVL75:
 803              	.L46:
 804              		.loc 2 86 26 view .LVU219
 805              	.LBE74:
 806              	.LBE98:
 807              		.loc 1 255 3 view .LVU220
 808 00d8 05B0     		add	sp, sp, #20
 809              		.cfi_remember_state
 810              		.cfi_def_cfa_offset 20
 811              		@ sp needed
 812 00da F0BD     		pop	{r4, r5, r6, r7, pc}
 813              	.LVL76:
 814              	.L65:
 815              		.cfi_restore_state
 218:../../Planter/planter.cpp ****                 hold_start_ms = System::GetNow();
 816              		.loc 1 218 17 is_stmt 1 view .LVU221
 218:../../Planter/planter.cpp ****                 hold_start_ms = System::GetNow();
 817              		.loc 1 218 31 is_stmt 0 view .LVU222
 818 00dc 0123     		movs	r3, #1
 219:../../Planter/planter.cpp ****             }
 819              		.loc 1 219 31 view .LVU223
 820 00de 114E     		ldr	r6, .L70+4
 218:../../Planter/planter.cpp ****                 hold_start_ms = System::GetNow();
 821              		.loc 1 218 31 view .LVU224
 822 00e0 2B70     		strb	r3, [r5]
 219:../../Planter/planter.cpp ****             }
 823              		.loc 1 219 17 is_stmt 1 view .LVU225
 219:../../Planter/planter.cpp ****             }
 824              		.loc 1 219 47 is_stmt 0 view .LVU226
 825 00e2 FFF7FEFF 		bl	_ZN5daisy6System6GetNowEv
 826              	.LVL77:
 228:../../Planter/planter.cpp ****         const bool held_3s_db  = (button.TimeHeldMs() >= 1000.0f);
 827              		.loc 1 228 40 view .LVU227
 828 00e6 2B78     		ldrb	r3, [r5]	@ zero_extendqisi2
 219:../../Planter/planter.cpp ****             }
ARM GAS  C:\Users\isaia\AppData\Local\Temp\cczmAhZf.s 			page 23


 829              		.loc 1 219 31 view .LVU228
 830 00e8 3060     		str	r0, [r6]
 228:../../Planter/planter.cpp ****         const bool held_3s_db  = (button.TimeHeldMs() >= 1000.0f);
 831              		.loc 1 228 9 is_stmt 1 view .LVU229
 228:../../Planter/planter.cpp ****         const bool held_3s_db  = (button.TimeHeldMs() >= 1000.0f);
 832              		.loc 1 228 40 is_stmt 0 view .LVU230
 833 00ea 002B     		cmp	r3, #0
 834 00ec 9FD1     		bne	.L49
 835              	.LVL78:
 229:../../Planter/planter.cpp **** 
 836              		.loc 1 229 9 is_stmt 1 view .LVU231
 837              	.LBB99:
  84:../../libDaisy//src/hid/switch.h ****     {
 838              		.loc 2 84 18 view .LVU232
 839              	.LBB75:
 840              		.loc 2 86 9 view .LVU233
 841              	.LBB65:
  74:../../libDaisy//src/hid/switch.h **** 
 842              		.loc 2 74 17 view .LVU234
 843              	.LBB63:
  74:../../libDaisy//src/hid/switch.h **** 
 844              		.loc 2 74 35 view .LVU235
  74:../../libDaisy//src/hid/switch.h **** 
 845              		.loc 2 74 35 is_stmt 0 view .LVU236
 846              	.LBE63:
 847              	.LBE65:
 848              		.loc 2 86 26 view .LVU237
 849 00ee 94F84430 		ldrb	r3, [r4, #68]	@ zero_extendqisi2
 850 00f2 FF2B     		cmp	r3, #255
 851 00f4 F0D1     		bne	.L46
 852              	.L69:
 853              	.LVL79:
 854              	.LBB66:
 855              	.LBI66:
  84:../../libDaisy//src/hid/switch.h ****     {
 856              		.loc 2 84 18 is_stmt 1 view .LVU238
 857              	.LBB67:
 858              		.loc 2 86 42 is_stmt 0 view .LVU239
 859 00f6 FFF7FEFF 		bl	_ZN5daisy6System6GetNowEv
 860              	.LVL80:
 861              		.loc 2 86 42 view .LVU240
 862              	.LBE67:
 863              	.LBE66:
 864              	.LBE75:
 865              	.LBE99:
 231:../../Planter/planter.cpp ****                 armed         = false;
 866              		.loc 1 231 9 is_stmt 1 view .LVU241
 867              	.LBB100:
 868              	.LBB76:
 869              	.LBB71:
 870              	.LBB68:
 871              		.loc 2 86 45 is_stmt 0 view .LVU242
 872 00fa 07EE900A 		vmov	s15, r0	@ int
 873              		.loc 2 86 26 view .LVU243
 874 00fe D4ED126A 		vldr.32	s13, [r4, #72]
 875              		.loc 2 86 45 view .LVU244
 876 0102 F8EE677A 		vcvt.f32.u32	s15, s15
ARM GAS  C:\Users\isaia\AppData\Local\Temp\cczmAhZf.s 			page 24


 877              	.LBE68:
 878              	.LBE71:
 879              	.LBE76:
 880              	.LBE100:
 881              	.LBB101:
 231:../../Planter/planter.cpp ****                 armed         = false;
 882              		.loc 1 231 9 view .LVU245
 883 0106 9FED0A7A 		vldr.32	s14, .L70+16
 884              	.LBE101:
 885              	.LBB102:
 886              	.LBB77:
 887              	.LBB72:
 888              	.LBB69:
 889              		.loc 2 86 26 view .LVU246
 890 010a 77EEE67A 		vsub.f32	s15, s15, s13
 891              	.LBE69:
 892              	.LBE72:
 893              	.LBE77:
 894              	.LBE102:
 895              	.LBB103:
 231:../../Planter/planter.cpp ****                 armed         = false;
 896              		.loc 1 231 9 view .LVU247
 897 010e F4EEC77A 		vcmpe.f32	s15, s14
 898 0112 F1EE10FA 		vmrs	APSR_nzcv, FPSCR
 899 0116 96DA     		bge	.L59
 900 0118 DEE7     		b	.L46
 901              	.LVL81:
 902              	.L68:
 231:../../Planter/planter.cpp ****                 armed         = false;
 903              		.loc 1 231 9 view .LVU248
 904              	.LBE103:
 905              	.LBB104:
 906              	.LBB78:
 907              	.LBB73:
  84:../../libDaisy//src/hid/switch.h ****     {
 908              		.loc 2 84 18 is_stmt 1 view .LVU249
 909              	.LBB70:
 910              		.loc 2 86 42 is_stmt 0 view .LVU250
 911 011a FFF7FEFF 		bl	_ZN5daisy6System6GetNowEv
 912              	.LVL82:
 913              		.loc 2 86 42 view .LVU251
 914              	.LBE70:
 915              	.LBE73:
 916              	.LBE78:
 917              	.LBE104:
 231:../../Planter/planter.cpp ****                 armed         = false;
 918              		.loc 1 231 9 is_stmt 1 view .LVU252
 919 011e 92E7     		b	.L59
 920              	.L71:
 921              		.align	2
 922              	.L70:
 923 0120 00000000 		.word	.LANCHOR1
 924 0124 00000000 		.word	.LANCHOR2
 925 0128 00000000 		.word	_ZN5daisy8patch_sm12DaisyPatchSM2D8E
 926 012c 00000000 		.word	_ZN5daisy8patch_sm12DaisyPatchSM2D9E
 927 0130 00007A44 		.word	1148846080
 928              		.cfi_endproc
ARM GAS  C:\Users\isaia\AppData\Local\Temp\cczmAhZf.s 			page 25


 929              	.LFE2743:
 931              		.section	.bss._ZZN9anachrome7planter20BootloaderResetCheckEvE13hold_start_ms,"aw",%nobits
 932              		.align	2
 933              		.set	.LANCHOR2,. + 0
 936              	_ZZN9anachrome7planter20BootloaderResetCheckEvE13hold_start_ms:
 937 0000 00000000 		.space	4
 938              		.section	.bss._ZZN9anachrome7planter20BootloaderResetCheckEvE5armed,"aw",%nobits
 939              		.set	.LANCHOR1,. + 0
 942              	_ZZN9anachrome7planter20BootloaderResetCheckEvE5armed:
 943 0000 00       		.space	1
 944              		.section	.rodata.CSWTCH.16,"a"
 945              		.align	2
 946              		.set	.LANCHOR0,. + 0
 949              	CSWTCH.16:
 950 0000 6666263F 		.word	1059481190
 951 0004 6666263F 		.word	1059481190
 952 0008 6666263F 		.word	1059481190
 953 000c 6666263F 		.word	1059481190
 954 0010 0000803F 		.word	1065353216
 955 0014 0000803F 		.word	1065353216
 956              		.text
 957              	.Letext0:
 958              		.file 3 "c:\\program files\\daisytoolchain\\arm-none-eabi\\include\\machine\\_default_types.h"
 959              		.file 4 "c:\\program files\\daisytoolchain\\arm-none-eabi\\include\\sys\\_stdint.h"
 960              		.file 5 "c:\\program files\\daisytoolchain\\arm-none-eabi\\include\\stdint.h"
 961              		.file 6 "c:\\program files\\daisytoolchain\\lib\\gcc\\arm-none-eabi\\10.2.1\\include\\stddef.h"
 962              		.file 7 "c:\\program files\\daisytoolchain\\arm-none-eabi\\include\\c++\\10.2.1\\cmath"
 963              		.file 8 "c:\\program files\\daisytoolchain\\arm-none-eabi\\include\\c++\\10.2.1\\bits\\std_abs.h"
 964              		.file 9 "c:\\program files\\daisytoolchain\\arm-none-eabi\\include\\c++\\10.2.1\\cstdlib"
 965              		.file 10 "c:\\program files\\daisytoolchain\\arm-none-eabi\\include\\c++\\10.2.1\\cstdint"
 966              		.file 11 "c:\\program files\\daisytoolchain\\arm-none-eabi\\include\\c++\\10.2.1\\type_traits"
 967              		.file 12 "c:\\program files\\daisytoolchain\\arm-none-eabi\\include\\c++\\10.2.1\\debug\\debug.h"
 968              		.file 13 "c:\\program files\\daisytoolchain\\arm-none-eabi\\include\\c++\\10.2.1\\arm-none-eabi\\t
 969              		.file 14 "c:\\program files\\daisytoolchain\\arm-none-eabi\\include\\c++\\10.2.1\\bits\\algorithmf
 970              		.file 15 "c:\\program files\\daisytoolchain\\arm-none-eabi\\include\\c++\\10.2.1\\bits\\stl_pair.h
 971              		.file 16 "c:\\program files\\daisytoolchain\\arm-none-eabi\\include\\c++\\10.2.1\\bits\\exception_
 972              		.file 17 "c:\\program files\\daisytoolchain\\arm-none-eabi\\include\\c++\\10.2.1\\cstdarg"
 973              		.file 18 "c:\\program files\\daisytoolchain\\arm-none-eabi\\include\\c++\\10.2.1\\cstdio"
 974              		.file 19 "c:\\program files\\daisytoolchain\\arm-none-eabi\\include\\c++\\10.2.1\\cstring"
 975              		.file 20 "c:\\program files\\daisytoolchain\\arm-none-eabi\\include\\c++\\10.2.1\\cstddef"
 976              		.file 21 "c:\\program files\\daisytoolchain\\arm-none-eabi\\include\\c++\\10.2.1\\bits\\predefined
 977              		.file 22 "c:\\program files\\daisytoolchain\\arm-none-eabi\\include\\sys\\_types.h"
 978              		.file 23 "c:\\program files\\daisytoolchain\\arm-none-eabi\\include\\sys\\reent.h"
 979              		.file 24 "c:\\program files\\daisytoolchain\\arm-none-eabi\\include\\sys\\lock.h"
 980              		.file 25 "c:\\program files\\daisytoolchain\\arm-none-eabi\\include\\math.h"
 981              		.file 26 "c:\\program files\\daisytoolchain\\arm-none-eabi\\include\\stdlib.h"
 982              		.file 27 "c:\\program files\\daisytoolchain\\arm-none-eabi\\include\\c++\\10.2.1\\math.h"
 983              		.file 28 "c:\\program files\\daisytoolchain\\arm-none-eabi\\include\\c++\\10.2.1\\stdlib.h"
 984              		.file 29 "../../libDaisy//src/daisy_core.h"
 985              		.file 30 "../../libDaisy//src/per/tim.h"
 986              		.file 31 "../../libDaisy//src/sys/system.h"
 987              		.file 32 "../../libDaisy//src/per/qspi.h"
 988              		.file 33 "../../libDaisy//src/per/dac.h"
 989              		.file 34 "../../libDaisy//src/per/gpio.h"
 990              		.file 35 "../../libDaisy//src/per/i2c.h"
 991              		.file 36 "../../libDaisy//src/per/sai.h"
 992              		.file 37 "../../libDaisy//src/hid/audio.h"
ARM GAS  C:\Users\isaia\AppData\Local\Temp\cczmAhZf.s 			page 26


 993              		.file 38 "../../libDaisy//src/per/adc.h"
 994              		.file 39 "../../libDaisy//src/hid/usb.h"
 995              		.file 40 "../../libDaisy//src/hid/ctrl.h"
 996              		.file 41 "../../libDaisy//src/hid/gatein.h"
 997              		.file 42 "../../libDaisy//src/dev/codec_pcm3060.h"
 998              		.file 43 "../../libDaisy//src/dev/max11300.h"
 999              		.file 44 "../../libDaisy//src/dev/sr_595.h"
 1000              		.file 45 "../../libDaisy//src/util/wav_format.h"
 1001              		.file 46 "../../libDaisy//src/daisy_patch_sm.h"
 1002              		.file 47 "../../libDaisy//src/dev/sdram.h"
 1003              		.file 48 "c:\\program files\\daisytoolchain\\lib\\gcc\\arm-none-eabi\\10.2.1\\include\\stdarg.h"
 1004              		.file 49 "c:\\program files\\daisytoolchain\\arm-none-eabi\\include\\stdio.h"
 1005              		.file 50 "c:\\program files\\daisytoolchain\\arm-none-eabi\\include\\string.h"
 1006              		.file 51 "../../libDaisy//Middlewares/Third_Party/FatFs/src/integer.h"
 1007              		.file 52 "../../libDaisy//Middlewares/Third_Party/FatFs/src/ff.h"
 1008              		.file 53 "../../Planter/planter_cal.h"
 1009              		.file 54 "../../Planter/planter.h"
 1010              		.file 55 "<built-in>"
ARM GAS  C:\Users\isaia\AppData\Local\Temp\cczmAhZf.s 			page 27


DEFINED SYMBOLS
                            *ABS*:00000000 planter.cpp
C:\Users\isaia\AppData\Local\Temp\cczmAhZf.s:17     .text._ZN9anachrome7planter10StartAudioEPFvPKfPfjE:00000000 $t
C:\Users\isaia\AppData\Local\Temp\cczmAhZf.s:26     .text._ZN9anachrome7planter10StartAudioEPFvPKfPfjE:00000000 _ZN9anachrome7planter10StartAudioEPFvPKfPfjE
C:\Users\isaia\AppData\Local\Temp\cczmAhZf.s:47     .text._ZN9anachrome7planter10StartAudioEPFvPKPKfPPfjE:00000000 $t
C:\Users\isaia\AppData\Local\Temp\cczmAhZf.s:55     .text._ZN9anachrome7planter10StartAudioEPFvPKPKfPPfjE:00000000 _ZN9anachrome7planter10StartAudioEPFvPKPKfPPfjE
C:\Users\isaia\AppData\Local\Temp\cczmAhZf.s:75     .text._ZN9anachrome7planter17WriteCvOutBipolarEif:00000000 $t
C:\Users\isaia\AppData\Local\Temp\cczmAhZf.s:83     .text._ZN9anachrome7planter17WriteCvOutBipolarEif:00000000 _ZN9anachrome7planter17WriteCvOutBipolarEif
C:\Users\isaia\AppData\Local\Temp\cczmAhZf.s:184    .text._ZN9anachrome7planter17WriteCvOutBipolarEif:00000078 $d
C:\Users\isaia\AppData\Local\Temp\cczmAhZf.s:191    .text._ZN9anachrome7planter7GetCvInEi:00000000 $t
C:\Users\isaia\AppData\Local\Temp\cczmAhZf.s:199    .text._ZN9anachrome7planter7GetCvInEi:00000000 _ZN9anachrome7planter7GetCvInEi
C:\Users\isaia\AppData\Local\Temp\cczmAhZf.s:302    .text._ZN9anachrome7planter7GetCvInEi:0000005c $d
C:\Users\isaia\AppData\Local\Temp\cczmAhZf.s:309    .text._ZN9anachrome7planter8InitLedsEv:00000000 $t
C:\Users\isaia\AppData\Local\Temp\cczmAhZf.s:317    .text._ZN9anachrome7planter8InitLedsEv:00000000 _ZN9anachrome7planter8InitLedsEv
C:\Users\isaia\AppData\Local\Temp\cczmAhZf.s:372    .text._ZN9anachrome7planter8InitLedsEv:00000038 $d
C:\Users\isaia\AppData\Local\Temp\cczmAhZf.s:378    .text._ZN9anachrome7planter6SetLedEib:00000000 $t
C:\Users\isaia\AppData\Local\Temp\cczmAhZf.s:386    .text._ZN9anachrome7planter6SetLedEib:00000000 _ZN9anachrome7planter6SetLedEib
C:\Users\isaia\AppData\Local\Temp\cczmAhZf.s:413    .text._ZN9anachrome7planter12GetKnobValueEi:00000000 $t
C:\Users\isaia\AppData\Local\Temp\cczmAhZf.s:421    .text._ZN9anachrome7planter12GetKnobValueEi:00000000 _ZN9anachrome7planter12GetKnobValueEi
C:\Users\isaia\AppData\Local\Temp\cczmAhZf.s:485    .text._ZN9anachrome7planter12GetKnobValueEi:00000040 $d
C:\Users\isaia\AppData\Local\Temp\cczmAhZf.s:491    .text._ZN9anachrome7planter20BootloaderResetCheckEv:00000000 $t
C:\Users\isaia\AppData\Local\Temp\cczmAhZf.s:499    .text._ZN9anachrome7planter20BootloaderResetCheckEv:00000000 _ZN9anachrome7planter20BootloaderResetCheckEv
C:\Users\isaia\AppData\Local\Temp\cczmAhZf.s:923    .text._ZN9anachrome7planter20BootloaderResetCheckEv:00000120 $d
C:\Users\isaia\AppData\Local\Temp\cczmAhZf.s:932    .bss._ZZN9anachrome7planter20BootloaderResetCheckEvE13hold_start_ms:00000000 $d
C:\Users\isaia\AppData\Local\Temp\cczmAhZf.s:936    .bss._ZZN9anachrome7planter20BootloaderResetCheckEvE13hold_start_ms:00000000 _ZZN9anachrome7planter20BootloaderResetCheckEvE13hold_start_ms
C:\Users\isaia\AppData\Local\Temp\cczmAhZf.s:942    .bss._ZZN9anachrome7planter20BootloaderResetCheckEvE5armed:00000000 _ZZN9anachrome7planter20BootloaderResetCheckEvE5armed
C:\Users\isaia\AppData\Local\Temp\cczmAhZf.s:943    .bss._ZZN9anachrome7planter20BootloaderResetCheckEvE5armed:00000000 $d
C:\Users\isaia\AppData\Local\Temp\cczmAhZf.s:945    .rodata.CSWTCH.16:00000000 $d
C:\Users\isaia\AppData\Local\Temp\cczmAhZf.s:949    .rodata.CSWTCH.16:00000000 CSWTCH.16

UNDEFINED SYMBOLS
_ZN5daisy8patch_sm12DaisyPatchSM10StartAudioEPFvPKfPfjE
_ZN5daisy8patch_sm12DaisyPatchSM10StartAudioEPFvPKPKfPPfjE
_ZN5daisy8patch_sm12DaisyPatchSM10WriteCvOutEif
_ZN5daisy8patch_sm12DaisyPatchSM11GetAdcValueEi
_ZN5daisy4GPIO4InitENS_3PinENS0_4ModeENS0_4PullENS0_5SpeedE
_ZN5daisy8patch_sm12DaisyPatchSM2D8E
_ZN5daisy8patch_sm12DaisyPatchSM2D9E
_ZN5daisy4GPIO5WriteEb
_ZN5daisy6Switch8DebounceEv
_ZN5daisy4GPIO4ReadEv
_ZN5daisy6System6GetNowEv
_ZN5daisy8patch_sm12DaisyPatchSM7StopAdcEv
_ZN5daisy8patch_sm12DaisyPatchSM9StopAudioEv
_ZN5daisy6System5DelayEm
_ZN5daisy6System17ResetToBootloaderENS0_14BootloaderModeE
