Archive member included to satisfy reference by file (symbol)

../../libDaisy//build\libdaisy.a(daisy_patch_sm.o)
                              build/VaDist.o (daisy::patch_sm::DaisyPatchSM::Init())
../../libDaisy//build\libdaisy.a(codec_pcm3060.o)
                              ../../libDaisy//build\libdaisy.a(daisy_patch_sm.o) (daisy::Pcm3060::Init(daisy::I2CHandle))
../../libDaisy//build\libdaisy.a(sdram.o)
                              ../../libDaisy//build\libdaisy.a(daisy_patch_sm.o) (SdramHandle::Init())
../../libDaisy//build\libdaisy.a(audio.o)
                              ../../libDaisy//build\libdaisy.a(daisy_patch_sm.o) (daisy::AudioHandle::Init(daisy::AudioHandle::Config const&, daisy::SaiHandle))
../../libDaisy//build\libdaisy.a(ctrl.o)
                              ../../libDaisy//build\libdaisy.a(daisy_patch_sm.o) (daisy::AnalogControl::Init(unsigned short*, float, bool, bool, float))
../../libDaisy//build\libdaisy.a(gatein.o)
                              ../../libDaisy//build\libdaisy.a(daisy_patch_sm.o) (daisy::GateIn::Init(daisy::Pin, bool))
../../libDaisy//build\libdaisy.a(switch.o)
                              build/VaDist.o (daisy::Switch::Init(daisy::Pin, float))
../../libDaisy//build\libdaisy.a(adc.o)
                              ../../libDaisy//build\libdaisy.a(daisy_patch_sm.o) (daisy::AdcChannelConfig::InitSingle(daisy::Pin, daisy::AdcChannelConfig::ConversionSpeed))
../../libDaisy//build\libdaisy.a(dac.o)
                              ../../libDaisy//build\libdaisy.a(daisy_patch_sm.o) (daisy::DacHandle::Init(daisy::DacHandle::Config const&))
../../libDaisy//build\libdaisy.a(gpio.o)
                              ../../libDaisy//build\libdaisy.a(adc.o) (daisy::GPIO::Init())
../../libDaisy//build\libdaisy.a(i2c.o)
                              ../../libDaisy//build\libdaisy.a(daisy_patch_sm.o) (daisy::I2CHandle::Init(daisy::I2CHandle::Config const&))
../../libDaisy//build\libdaisy.a(qspi.o)
                              ../../libDaisy//build\libdaisy.a(daisy_patch_sm.o) (daisy::QSPIHandle::Init(daisy::QSPIHandle::Config const&))
../../libDaisy//build\libdaisy.a(sai.o)
                              ../../libDaisy//build\libdaisy.a(daisy_patch_sm.o) (daisy::SaiHandle::Init(daisy::SaiHandle::Config const&))
../../libDaisy//build\libdaisy.a(system.o)
                              build/planter.o (daisy::System::GetNow())
../../libDaisy//build\libdaisy.a(usbd_conf.o)
                              ../../libDaisy//build\libdaisy.a(system.o) (hpcd_USB_OTG_HS)
../../libDaisy//build\libdaisy.a(usbh_conf.o)
                              ../../libDaisy//build\libdaisy.a(system.o) (hhcd_USB_OTG_HS)
../../libDaisy//build\libdaisy.a(stm32h7xx_hal.o)
                              ../../libDaisy//build\libdaisy.a(system.o) (HAL_Init)
../../libDaisy//build\libdaisy.a(stm32h7xx_hal_adc.o)
                              ../../libDaisy//build\libdaisy.a(adc.o) (HAL_ADC_ConfigChannel)
../../libDaisy//build\libdaisy.a(stm32h7xx_hal_adc_ex.o)
                              ../../libDaisy//build\libdaisy.a(adc.o) (HAL_ADCEx_Calibration_Start)
../../libDaisy//build\libdaisy.a(stm32h7xx_hal_cortex.o)
                              ../../libDaisy//build\libdaisy.a(stm32h7xx_hal.o) (HAL_NVIC_SetPriorityGrouping)
../../libDaisy//build\libdaisy.a(stm32h7xx_hal_dac.o)
                              ../../libDaisy//build\libdaisy.a(dac.o) (HAL_DAC_Init)
../../libDaisy//build\libdaisy.a(stm32h7xx_hal_dac_ex.o)
                              ../../libDaisy//build\libdaisy.a(stm32h7xx_hal_dac.o) (DAC_DMAConvCpltCh2)
../../libDaisy//build\libdaisy.a(stm32h7xx_hal_dma.o)
                              ../../libDaisy//build\libdaisy.a(adc.o) (HAL_DMA_Init)
../../libDaisy//build\libdaisy.a(stm32h7xx_hal_gpio.o)
                              ../../libDaisy//build\libdaisy.a(sdram.o) (HAL_GPIO_Init)
../../libDaisy//build\libdaisy.a(stm32h7xx_hal_hcd.o)
                              ../../libDaisy//build\libdaisy.a(usbh_conf.o) (HAL_HCD_HC_Init)
../../libDaisy//build\libdaisy.a(stm32h7xx_hal_i2c.o)
                              ../../libDaisy//build\libdaisy.a(i2c.o) (HAL_I2C_Init)
../../libDaisy//build\libdaisy.a(stm32h7xx_hal_i2c_ex.o)
                              ../../libDaisy//build\libdaisy.a(i2c.o) (HAL_I2CEx_ConfigAnalogFilter)
../../libDaisy//build\libdaisy.a(stm32h7xx_hal_pcd.o)
                              ../../libDaisy//build\libdaisy.a(usbd_conf.o) (HAL_PCD_Init)
../../libDaisy//build\libdaisy.a(stm32h7xx_hal_pcd_ex.o)
                              ../../libDaisy//build\libdaisy.a(usbd_conf.o) (HAL_PCDEx_SetTxFiFo)
../../libDaisy//build\libdaisy.a(stm32h7xx_hal_pwr_ex.o)
                              ../../libDaisy//build\libdaisy.a(system.o) (HAL_PWREx_ConfigSupply)
../../libDaisy//build\libdaisy.a(stm32h7xx_hal_qspi.o)
                              ../../libDaisy//build\libdaisy.a(qspi.o) (HAL_QSPI_Init)
[...]
Memory Configuration

Name             Origin             Length             Attributes
FLASH            0x08000000         0x00020000         xr
DTCMRAM          0x20000000         0x00020000         xrw
SRAM             0x24000000         0x00078000         xrw
RAM_D2_DMA       0x30000000         0x00008000         xrw
RAM_D2           0x30008000         0x00040000         xrw
RAM_D3           0x38000000         0x00010000         xrw
BACKUP_SRAM      0x38800000         0x00001000         xrw
ITCMRAM          0x00000000         0x00010000         xrw
SDRAM            0xc0000000         0x04000000         xrw
QSPIFLASH        0x90040000         0x007c0000         xr
*default*        0x00000000         0xffffffff

Linker script and memory map

LOAD c:/program files/daisytoolchain/bin/../lib/gcc/arm-none-eabi/10.2.1/thumb/v7e-m+dp/hard/crti.o
LOAD c:/program files/daisytoolchain/bin/../lib/gcc/arm-none-eabi/10.2.1/thumb/v7e-m+dp/hard/crtbegin.o
LOAD c:/program files/daisytoolchain/bin/../lib/gcc/arm-none-eabi/10.2.1/../../../../arm-none-eabi/lib/thumb/v7e-m+dp/hard/crt0.o
LOAD build/startup_stm32h750xx.o
LOAD build/diskio.o
LOAD build/ff.o
LOAD build/ff_gen_drv.o
LOAD build/ccsbcs.o
LOAD build/VaDist.o
LOAD build/planter.o
LOAD ../../libDaisy//build\libdaisy.a
LOAD c:/program files/daisytoolchain/bin/../lib/gcc/arm-none-eabi/10.2.1/../../../../arm-none-eabi/lib/thumb/v7e-m+dp/hard\libnosys.a
LOAD ../../DaisySP//build\libdaisysp.a
LOAD c:/program files/daisytoolchain/bin/../lib/gcc/arm-none-eabi/10.2.1/../../../../arm-none-eabi/lib/thumb/v7e-m+dp/hard\libstdc++_nano.a
LOAD c:/program files/daisytoolchain/bin/../lib/gcc/arm-none-eabi/10.2.1/../../../../arm-none-eabi/lib/thumb/v7e-m+dp/hard\libm.a
LOAD c:/program files/daisytoolchain/bin/../lib/gcc/arm-none-eabi/10.2.1/../../../../arm-none-eabi/lib/thumb/v7e-m+dp/hard\libc_nano.a
START GROUP
LOAD c:/program files/daisytoolchain/bin/../lib/gcc/arm-none-eabi/10.2.1/thumb/v7e-m+dp/hard\libgcc.a
LOAD c:/program files/daisytoolchain/bin/../lib/gcc/arm-none-eabi/10.2.1/../../../../arm-none-eabi/lib/thumb/v7e-m+dp/hard\libc_nano.a
END GROUP
START GROUP
LOAD c:/program files/daisytoolchain/bin/../lib/gcc/arm-none-eabi/10.2.1/thumb/v7e-m+dp/hard\libgcc.a
LOAD c:/program files/daisytoolchain/bin/../lib/gcc/arm-none-eabi/10.2.1/../../../../arm-none-eabi/lib/thumb/v7e-m+dp/hard\libc_nano.a
LOAD c:/program files/daisytoolchain/bin/../lib/gcc/arm-none-eabi/10.2.1/../../../../arm-none-eabi/lib/thumb/v7e-m+dp/hard\libnosys.a
END GROUP
START GROUP
LOAD c:/program files/daisytoolchain/bin/../lib/gcc/arm-none-eabi/10.2.1/thumb/v7e-m+dp/hard\libgcc.a
LOAD c:/program files/daisytoolchain/bin/../lib/gcc/arm-none-eabi/10.2.1/../../../../arm-none-eabi/lib/thumb/v7e-m+dp/hard\libc_nano.a
LOAD c:/program files/daisytoolchain/bin/../lib/gcc/arm-none-eabi/10.2.1/../../../../arm-none-eabi/lib/thumb/v7e-m+dp/hard\libnosys.a
END GROUP
LOAD c:/program files/daisytoolchain/bin/../lib/gcc/arm-none-eabi/10.2.1/thumb/v7e-m+dp/hard/crtend.o
LOAD c:/program files/daisytoolchain/bin/../lib/gcc/arm-none-eabi/10.2.1/thumb/v7e-m+dp/hard/crtn.o
                0x20020000                _estack = 0x20020000

.isr_vector     0x24000000      0x298
                0x24000000                . = ALIGN (0x4)
 *(.isr_vector)
 .isr_vector    0x24000000      0x298 build/startup_stm32h750xx.o
                0x24000000                g_pfnVectors
                0x24000298                . = ALIGN (0x4)

.text           0x24000298    0x14a98
                0x24000298                . = ALIGN (0x4)
                0x24000298                _stext = .
 *(.text)
 .text          0x24000298       0x40 c:/program files/daisytoolchain/bin/../lib/gcc/arm-none-eabi/10.2.1/thumb/v7e-m+dp/hard/crtbegin.o
 .text          0x240002d8       0x30 c:/program files/daisytoolchain/bin/../lib/gcc/arm-none-eabi/10.2.1/thumb/v7e-m+dp/hard\libgcc.a(_aeabi_uldivmod.o)
                0x240002d8                __aeabi_uldivmod
 .text          0x24000308      0x2d0 c:/program files/daisytoolchain/bin/../lib/gcc/arm-none-eabi/10.2.1/thumb/v7e-m+dp/hard\libgcc.a(_udivmoddi4.o)
                0x24000308                __udivmoddi4
 .text          0x240005d8        0x4 c:/program files/daisytoolchain/bin/../lib/gcc/arm-none-eabi/10.2.1/thumb/v7e-m+dp/hard\libgcc.a(_dvmd_tls.o)
                0x240005d8                __aeabi_idiv0
                0x240005d8                __aeabi_ldiv0
 *(.text*)
 .text.Default_Handler
                0x240005dc        0xc build/startup_stm32h750xx.o
                0x240005dc                RTC_Alarm_IRQHandler
                0x240005dc                HASH_RNG_IRQHandler
                0x240005dc                EXTI2_IRQHandler
                0x240005dc                TIM8_CC_IRQHandler
                0x240005dc                HRTIM1_Master_IRQHandler
                0x240005dc                DebugMon_Handler
                0x240005dc                TIM1_CC_IRQHandler
                0x240005dc                BDMA_Channel6_IRQHandler
                0x240005dc                DMA2_Stream5_IRQHandler
                0x240005dc                HRTIM1_FLT_IRQHandler
                0x240005dc                JPEG_IRQHandler
                0x240005dc                BDMA_Channel1_IRQHandler
                0x240005dc                HRTIM1_TIMD_IRQHandler
                0x240005dc                TAMP_STAMP_IRQHandler
                0x240005dc                PendSV_Handler
                0x240005dc                NMI_Handler
                0x240005dc                EXTI3_IRQHandler
                0x240005dc                LPTIM4_IRQHandler
                0x240005dc                TIM8_TRG_COM_TIM14_IRQHandler
                0x240005dc                LPTIM2_IRQHandler
                0x240005dc                DFSDM1_FLT1_IRQHandler
                0x240005dc                DMAMUX2_OVR_IRQHandler
                0x240005dc                TIM8_UP_TIM13_IRQHandler
                0x240005dc                I2C3_ER_IRQHandler
                0x240005dc                DFSDM1_FLT2_IRQHandler
                0x240005dc                MDMA_IRQHandler
                0x240005dc                LPTIM3_IRQHandler
                0x240005dc                HSEM1_IRQHandler
                0x240005dc                EXTI0_IRQHandler
                0x240005dc                FPU_IRQHandler
                0x240005dc                OTG_HS_WKUP_IRQHandler
                0x240005dc                FDCAN1_IT1_IRQHandler
                0x240005dc                UsageFault_Handler
                0x240005dc                LTDC_ER_IRQHandler
                0x240005dc                HRTIM1_TIME_IRQHandler
                0x240005dc                DCMI_IRQHandler
                0x240005dc                HRTIM1_TIMC_IRQHandler
                0x240005dc                SAI2_IRQHandler
                0x240005dc                DFSDM1_FLT3_IRQHandler
                0x240005dc                TIM17_IRQHandler
                0x240005dc                CRYP_IRQHandler
                0x240005dc                BDMA_Channel7_IRQHandler
                0x240005dc                LPTIM5_IRQHandler
                0x240005dc                ADC3_IRQHandler
                0x240005dc                BDMA_Channel2_IRQHandler
                0x240005dc                DMAMUX1_OVR_IRQHandler
                0x240005dc                TIM16_IRQHandler
                0x240005dc                BDMA_Channel5_IRQHandler
                0x240005dc                RCC_IRQHandler
                0x240005dc                TIM8_BRK_TIM12_IRQHandler
                0x240005dc                TIM1_TRG_COM_IRQHandler
                0x240005dc                Default_Handler
                0x240005dc                ECC_IRQHandler
                0x240005dc                CEC_IRQHandler
                0x240005dc                EXTI15_10_IRQHandler
                0x240005dc                BDMA_Channel0_IRQHandler
                0x240005dc                ADC_IRQHandler
                0x240005dc                DMA1_Stream7_IRQHandler
                0x240005dc                HRTIM1_TIMA_IRQHandler
                0x240005dc                TIM7_IRQHandler
                0x240005dc                SDMMC1_IRQHandler
                0x240005dc                DMA2_Stream7_IRQHandler
                0x240005dc                TIM15_IRQHandler
                0x240005dc                PVD_AVD_IRQHandler
                0x240005dc                EXTI9_5_IRQHandler
                0x240005dc                RTC_WKUP_IRQHandler
                0x240005dc                LTDC_IRQHandler
                0x240005dc                SAI3_IRQHandler
                0x240005dc                ETH_WKUP_IRQHandler
                0x240005dc                SPDIF_RX_IRQHandler
                0x240005dc                MemManage_Handler
                0x240005dc                SVC_Handler
                0x240005dc                CRS_IRQHandler
                0x240005dc                EXTI4_IRQHandler
                0x240005dc                HRTIM1_TIMB_IRQHandler
                0x240005dc                FDCAN2_IT1_IRQHandler
                0x240005dc                ETH_IRQHandler
                0x240005dc                TIM1_UP_IRQHandler
                0x240005dc                BDMA_Channel4_IRQHandler
                0x240005dc                WWDG_IRQHandler
                0x240005dc                SPI6_IRQHandler
                0x240005dc                I2C4_EV_IRQHandler
                0x240005dc                MDIOS_IRQHandler
                0x240005dc                FDCAN2_IT0_IRQHandler
                0x240005dc                FDCAN1_IT0_IRQHandler
                0x240005dc                OTG_FS_WKUP_IRQHandler
                0x240005dc                DMA2D_IRQHandler
                0x240005dc                TIM1_BRK_IRQHandler
                0x240005dc                EXTI1_IRQHandler
                0x240005dc                SDMMC2_IRQHandler
                0x240005dc                OTG_FS_EP1_OUT_IRQHandler
                0x240005dc                BDMA_Channel3_IRQHandler
                0x240005dc                MDIOS_WKUP_IRQHandler
                0x240005dc                DFSDM1_FLT0_IRQHandler
                0x240005dc                SAI4_IRQHandler
                0x240005dc                I2C2_ER_IRQHandler
                0x240005dc                FLASH_IRQHandler
                0x240005dc                BusFault_Handler
                0x240005dc                OTG_FS_IRQHandler
                0x240005dc                WAKEUP_PIN_IRQHandler
                0x240005dc                OTG_FS_EP1_IN_IRQHandler
                0x240005dc                I2C1_ER_IRQHandler
                0x240005dc                FMC_IRQHandler
                0x240005dc                FDCAN_CAL_IRQHandler
                0x240005dc                SWPMI1_IRQHandler
                0x240005dc                COMP1_IRQHandler
                0x240005dc                LPTIM1_IRQHandler
                0x240005dc                I2C4_ER_IRQHandler
                0x240005dc                DMA2_Stream6_IRQHandler
                0x240005dc                SAI1_IRQHandler
 .text.Reset_Handler
                0x240005e8       0x40 build/startup_stm32h750xx.o
                0x240005e8                Reset_Handler
 .text._ZN9anachrome7planterD2Ev
                0x24000628        0x4 build/VaDist.o
                0x24000628                anachrome::planter::~planter()
                0x24000628                anachrome::planter::~planter()
 .text._ZL13ProcessSamplefbR12ChannelState
                0x2400062c      0x2dc build/VaDist.o
 .text._ZL17RecomputeMatricesff
                0x24000908      0x2bc build/VaDist.o
 .text._Z13AudioCallbackPKPKfPPfj
                0x24000bc4      0x3b0 build/VaDist.o
                0x24000bc4                AudioCallback(float const* const*, float**, unsigned int)
 .text._ZN9anachrome7planter4InitEv
                0x24000f74       0xcc build/VaDist.o
                0x24000f74                anachrome::planter::Init()
 .text.startup.main
                0x24001040       0xb4 build/VaDist.o
                0x24001040                main
 .text.startup._GLOBAL__sub_I__Z13AudioCallbackPKPKfPPfj
                0x240010f4       0x8c build/VaDist.o
 .text._ZN9anachrome7planter17WriteCvOutBipolarEif
                0x24001180       0x7c build/planter.o
                0x24001180                anachrome::planter::WriteCvOutBipolar(int, float)
 .text._ZN9anachrome7planter7GetCvInEi
                0x240011fc       0x68 build/planter.o
                0x240011fc                anachrome::planter::GetCvIn(int)
 .text._ZN9anachrome7planter8InitLedsEv
                0x24001264       0x40 build/planter.o
                0x24001264                anachrome::planter::InitLeds()
 .text._ZN9anachrome7planter6SetLedEib
                0x240012a4        0xc build/planter.o
                0x240012a4                anachrome::planter::SetLed(int, bool)
 .text._ZN9anachrome7planter12GetKnobValueEi
                0x240012b0       0x48 build/planter.o
                0x240012b0                anachrome::planter::GetKnobValue(int)
 .text._ZN9anachrome7planter20BootloaderResetCheckEv
                0x240012f8      0x134 build/planter.o
                0x240012f8                anachrome::planter::BootloaderResetCheck()
 .text._ZN5daisy8patch_sm12DaisyPatchSM4Impl19InternalDacCallbackEPPtj
                0x2400142c       0xa8 ../../libDaisy//build\libdaisy.a(daisy_patch_sm.o)
                0x2400142c                daisy::patch_sm::DaisyPatchSM::Impl::InternalDacCallback(unsigned short**, unsigned int)
 .text._ZN5daisy8patch_sm12DaisyPatchSM4InitEv
                0x240014d4      0x4d0 ../../libDaisy//build\libdaisy.a(daisy_patch_sm.o)
                0x240014d4                daisy::patch_sm::DaisyPatchSM::Init()
 .text._ZN5daisy8patch_sm12DaisyPatchSM10StartAudioEPFvPKPKfPPfjE
                0x240019a4        0x8 ../../libDaisy//build\libdaisy.a(daisy_patch_sm.o)
                0x240019a4                daisy::patch_sm::DaisyPatchSM::StartAudio(void (*)(float const* const*, float**, unsigned int))
 .text._ZN5daisy8patch_sm12DaisyPatchSM9StopAudioEv
                0x240019ac        0x8 ../../libDaisy//build\libdaisy.a(daisy_patch_sm.o)
                0x240019ac                daisy::patch_sm::DaisyPatchSM::StopAudio()
 .text._ZN5daisy8patch_sm12DaisyPatchSM17SetAudioBlockSizeEj
                0x240019b4       0x54 ../../libDaisy//build\libdaisy.a(daisy_patch_sm.o)
                0x240019b4                daisy::patch_sm::DaisyPatchSM::SetAudioBlockSize(unsigned int)
 .text._ZN5daisy8patch_sm12DaisyPatchSM15AudioSampleRateEv
                0x24001a08        0x8 ../../libDaisy//build\libdaisy.a(daisy_patch_sm.o)
                0x24001a08                daisy::patch_sm::DaisyPatchSM::AudioSampleRate()
 .text._ZN5daisy8patch_sm12DaisyPatchSM17AudioCallbackRateEv
                0x24001a10        0x8 ../../libDaisy//build\libdaisy.a(daisy_patch_sm.o)
                0x24001a10                daisy::patch_sm::DaisyPatchSM::AudioCallbackRate()
 .text._ZN5daisy8patch_sm12DaisyPatchSM7StopAdcEv
                0x24001a18        0x8 ../../libDaisy//build\libdaisy.a(daisy_patch_sm.o)
                0x24001a18                daisy::patch_sm::DaisyPatchSM::StopAdc()
 .text._ZN5daisy8patch_sm12DaisyPatchSM21ProcessAnalogControlsEv
                0x24001a20       0x18 ../../libDaisy//build\libdaisy.a(daisy_patch_sm.o)
                0x24001a20                daisy::patch_sm::DaisyPatchSM::ProcessAnalogControls()
 .text._ZN5daisy8patch_sm12DaisyPatchSM22ProcessDigitalControlsEv
                0x24001a38        0x4 ../../libDaisy//build\libdaisy.a(daisy_patch_sm.o)
                0x24001a38                daisy::patch_sm::DaisyPatchSM::ProcessDigitalControls()
 .text._ZN5daisy8patch_sm12DaisyPatchSM11GetAdcValueEi
                0x24001a3c        0xc ../../libDaisy//build\libdaisy.a(daisy_patch_sm.o)
                0x24001a3c                daisy::patch_sm::DaisyPatchSM::GetAdcValue(int)
 .text._ZN5daisy8patch_sm12DaisyPatchSM10WriteCvOutEif
                0x24001a48       0x84 ../../libDaisy//build\libdaisy.a(daisy_patch_sm.o)
                0x24001a48                daisy::patch_sm::DaisyPatchSM::WriteCvOut(int, float)
 .text.startup._GLOBAL__sub_I__ZN5daisy8patch_sm12DaisyPatchSM2A1E
                0x24001acc       0x28 ../../libDaisy//build\libdaisy.a(daisy_patch_sm.o)
 .text._ZN5daisy7Pcm30604InitENS_9I2CHandleE
                0x24001af4      0x16c ../../libDaisy//build\libdaisy.a(codec_pcm3060.o)
                0x24001af4                daisy::Pcm3060::Init(daisy::I2CHandle)
 .text._ZN11SdramHandle10DeviceInitEv
                0x24001c60       0x98 ../../libDaisy//build\libdaisy.a(sdram.o)
                0x24001c60                SdramHandle::DeviceInit()
 .text._ZN11SdramHandle4InitEv
                0x24001cf8       0x7c ../../libDaisy//build\libdaisy.a(sdram.o)
                0x24001cf8                SdramHandle::Init()
 .text.HAL_SDRAM_MspInit
                0x24001d74      0x1a8 ../../libDaisy//build\libdaisy.a(sdram.o)
                0x24001d74                HAL_SDRAM_MspInit
 .text._ZN5daisy11AudioHandle4Impl16InternalCallbackEPlS2_j
                0x24001f1c      0xbbc ../../libDaisy//build\libdaisy.a(audio.o)
                0x24001f1c                daisy::AudioHandle::Impl::InternalCallback(long*, long*, unsigned int)
 .text._ZN5daisy11AudioHandle4InitERKNS0_6ConfigENS_9SaiHandleE
                0x24002ad8       0x70 ../../libDaisy//build\libdaisy.a(audio.o)
                0x24002ad8                daisy::AudioHandle::Init(daisy::AudioHandle::Config const&, daisy::SaiHandle)
 .text._ZNK5daisy11AudioHandle9GetConfigEv
                0x24002b48        0x8 ../../libDaisy//build\libdaisy.a(audio.o)
                0x24002b48                daisy::AudioHandle::GetConfig() const
 .text._ZN5daisy11AudioHandle12SetBlockSizeEj
                0x24002b50       0x1c ../../libDaisy//build\libdaisy.a(audio.o)
                0x24002b50                daisy::AudioHandle::SetBlockSize(unsigned int)
 .text._ZN5daisy11AudioHandle13GetSampleRateEv
                0x24002b6c        0x8 ../../libDaisy//build\libdaisy.a(audio.o)
                0x24002b6c                daisy::AudioHandle::GetSampleRate()
 .text._ZN5daisy11AudioHandle5StartEPFvPKPKfPPfjE
                0x24002b74       0x44 ../../libDaisy//build\libdaisy.a(audio.o)
                0x24002b74                daisy::AudioHandle::Start(void (*)(float const* const*, float**, unsigned int))
 .text._ZN5daisy11AudioHandle4StopEv
                0x24002bb8       0x20 ../../libDaisy//build\libdaisy.a(audio.o)
                0x24002bb8                daisy::AudioHandle::Stop()
 .text.startup._GLOBAL__sub_I__ZN5daisy11AudioHandle4Impl4InitENS0_6ConfigENS_9SaiHandleE
                0x24002bd8       0x24 ../../libDaisy//build\libdaisy.a(audio.o)
 .text._ZN5daisy13AnalogControl4InitEPtfbbf
                0x24002bfc       0x64 ../../libDaisy//build\libdaisy.a(ctrl.o)
                0x24002bfc                daisy::AnalogControl::Init(unsigned short*, float, bool, bool, float)
 .text._ZN5daisy13AnalogControl13InitBipolarCvEPtf
                0x24002c60       0x6c ../../libDaisy//build\libdaisy.a(ctrl.o)
                0x24002c60                daisy::AnalogControl::InitBipolarCv(unsigned short*, float)
 .text._ZN5daisy13AnalogControl7ProcessEv
                0x24002ccc       0x48 ../../libDaisy//build\libdaisy.a(ctrl.o)
                0x24002ccc                daisy::AnalogControl::Process()
 .text._ZN5daisy13AnalogControl13SetSampleRateEf
                0x24002d14       0x58 ../../libDaisy//build\libdaisy.a(ctrl.o)
                0x24002d14                daisy::AnalogControl::SetSampleRate(float)
 .text._ZN5daisy6GateIn4InitENS_3PinEb
                0x24002d6c       0x24 ../../libDaisy//build\libdaisy.a(gatein.o)
                0x24002d6c                daisy::GateIn::Init(daisy::Pin, bool)
 .text._ZN5daisy6Switch4InitENS_3PinEf
                0x24002d90       0x30 ../../libDaisy//build\libdaisy.a(switch.o)
                0x24002d90                daisy::Switch::Init(daisy::Pin, float)
 .text._ZN5daisy6Switch8DebounceEv
                0x24002dc0       0x54 ../../libDaisy//build\libdaisy.a(switch.o)
                0x24002dc0                daisy::Switch::Debounce()
 .text._ZN5daisy16AdcChannelConfig10InitSingleENS_3PinENS0_15ConversionSpeedE
                0x24002e14       0x20 ../../libDaisy//build\libdaisy.a(adc.o)
                0x24002e14                daisy::AdcChannelConfig::InitSingle(daisy::Pin, daisy::AdcChannelConfig::ConversionSpeed)
 .text._ZN5daisy9AdcHandle4InitEPNS_16AdcChannelConfigEjNS0_12OverSamplingE
                0x24002e34      0x410 ../../libDaisy//build\libdaisy.a(adc.o)
                0x24002e34                daisy::AdcHandle::Init(daisy::AdcChannelConfig*, unsigned int, daisy::AdcHandle::OverSampling)
 .text._ZN5daisy9AdcHandle5StartEv
                0x24003244       0x2c ../../libDaisy//build\libdaisy.a(adc.o)
                0x24003244                daisy::AdcHandle::Start()
 .text._ZN5daisy9AdcHandle4StopEv
                0x24003270        0xc ../../libDaisy//build\libdaisy.a(adc.o)
                0x24003270                daisy::AdcHandle::Stop()
 .text._ZNK5daisy9AdcHandle6GetPtrEh
                0x2400327c       0x14 ../../libDaisy//build\libdaisy.a(adc.o)
                0x2400327c                daisy::AdcHandle::GetPtr(unsigned char) const
 .text.HAL_ADC_MspInit
                0x24003290       0xa4 ../../libDaisy//build\libdaisy.a(adc.o)
                0x24003290                HAL_ADC_MspInit
 .text.DMA1_Stream2_IRQHandler
                0x24003334        0xc ../../libDaisy//build\libdaisy.a(adc.o)
                0x24003334                DMA1_Stream2_IRQHandler
 .text.HAL_ADC_ConvCpltCallback
                0x24003340      0x15c ../../libDaisy//build\libdaisy.a(adc.o)
                0x24003340                HAL_ADC_ConvCpltCallback
 .text.HAL_ADC_ErrorCallback
                0x2400349c        0x4 ../../libDaisy//build\libdaisy.a(adc.o)
                0x2400349c                HAL_ADC_ErrorCallback
 .text.startup._GLOBAL__sub_I__ZN5daisy16AdcChannelConfig10InitSingleENS_3PinENS0_15ConversionSpeedE
                0x240034a0       0x38 ../../libDaisy//build\libdaisy.a(adc.o)
 .text.HAL_DAC_MspInit
                0x240034d8      0x164 ../../libDaisy//build\libdaisy.a(dac.o)
                0x240034d8                HAL_DAC_MspInit
 .text.DMA2_Stream0_IRQHandler
                0x2400363c        0xc ../../libDaisy//build\libdaisy.a(dac.o)
                0x2400363c                DMA2_Stream0_IRQHandler
 .text.DMA2_Stream1_IRQHandler
                0x24003648        0xc ../../libDaisy//build\libdaisy.a(dac.o)
                0x24003648                DMA2_Stream1_IRQHandler
 .text.TIM6_DAC_IRQHandler
                0x24003654       0x1c ../../libDaisy//build\libdaisy.a(dac.o)
                0x24003654                TIM6_DAC_IRQHandler
 .text.HAL_DAC_ConvCpltCallbackCh1
                0x24003670       0x60 ../../libDaisy//build\libdaisy.a(dac.o)
                0x24003670                HAL_DAC_ConvCpltCallbackCh1
 .text.HAL_DAC_ConvHalfCpltCallbackCh1
                0x240036d0       0x54 ../../libDaisy//build\libdaisy.a(dac.o)
                0x240036d0                HAL_DAC_ConvHalfCpltCallbackCh1
 .text.HAL_DACEx_ConvHalfCpltCallbackCh2
                0x24003724       0x2c ../../libDaisy//build\libdaisy.a(dac.o)
                0x24003724                HAL_DACEx_ConvHalfCpltCallbackCh2
 .text.HAL_DACEx_ConvCpltCallbackCh2
                0x24003750       0x34 ../../libDaisy//build\libdaisy.a(dac.o)
                0x24003750                HAL_DACEx_ConvCpltCallbackCh2
 .text._ZN5daisy9DacHandle4InitERKNS0_6ConfigE
                0x24003784       0xfc ../../libDaisy//build\libdaisy.a(dac.o)
                0x24003784                daisy::DacHandle::Init(daisy::DacHandle::Config const&)
 .text._ZN5daisy9DacHandle5StartEPtS1_jPFvPS1_jE
                0x24003880       0x6c ../../libDaisy//build\libdaisy.a(dac.o)
                0x24003880                daisy::DacHandle::Start(unsigned short*, unsigned short*, unsigned int, void (*)(unsigned short**, unsigned int))
 .text._ZN5daisy9DacHandle4StopEv
                0x240038ec       0x40 ../../libDaisy//build\libdaisy.a(dac.o)
                0x240038ec                daisy::DacHandle::Stop()
 *fill*         0x2400392c        0x4 
 .text.startup._GLOBAL__sub_I__ZN5daisy9DacHandle4Impl4InitERKNS0_6ConfigE
                0x24003930       0x34 ../../libDaisy//build\libdaisy.a(dac.o)
 .text._ZN5daisy4GPIO4InitEv
                0x24003964      0x1bc ../../libDaisy//build\libdaisy.a(gpio.o)
                0x24003964                daisy::GPIO::Init()
 .text._ZN5daisy4GPIO4InitENS_3PinENS0_4ModeENS0_4PullENS0_5SpeedE
                0x24003b20      0x1cc ../../libDaisy//build\libdaisy.a(gpio.o)
                0x24003b20                daisy::GPIO::Init(daisy::Pin, daisy::GPIO::Mode, daisy::GPIO::Pull, daisy::GPIO::Speed)
 .text._ZN5daisy4GPIO4ReadEv
                0x24003cec       0x18 ../../libDaisy//build\libdaisy.a(gpio.o)
                0x24003cec                daisy::GPIO::Read()
 .text._ZN5daisy4GPIO5WriteEb
                0x24003d04       0x14 ../../libDaisy//build\libdaisy.a(gpio.o)
                0x24003d04                daisy::GPIO::Write(bool)
 .text._ZN5daisy9I2CHandle4Impl8InitPinsEv
                0x24003d18       0x70 ../../libDaisy//build\libdaisy.a(i2c.o)
                0x24003d18                daisy::I2CHandle::Impl::InitPins()
 .text.HAL_I2C_MspInit
                0x24003d88      0x1b4 ../../libDaisy//build\libdaisy.a(i2c.o)
                0x24003d88                HAL_I2C_MspInit
 .text.dsy_i2c_global_init
                0x24003f3c       0x78 ../../libDaisy//build\libdaisy.a(i2c.o)
                0x24003f3c                dsy_i2c_global_init
 .text.DMA1_Stream6_IRQHandler
                0x24003fb4       0x34 ../../libDaisy//build\libdaisy.a(i2c.o)
                0x24003fb4                DMA1_Stream6_IRQHandler
 .text.I2C1_EV_IRQHandler
                0x24003fe8        0xc ../../libDaisy//build\libdaisy.a(i2c.o)
                0x24003fe8                I2C1_EV_IRQHandler
 .text.I2C2_EV_IRQHandler
                0x24003ff4        0xc ../../libDaisy//build\libdaisy.a(i2c.o)
                0x24003ff4                I2C2_EV_IRQHandler
 .text.I2C3_EV_IRQHandler
                0x24004000        0xc ../../libDaisy//build\libdaisy.a(i2c.o)
                0x24004000                I2C3_EV_IRQHandler
 .text._ZN5daisy9I2CHandle4InitERKNS0_6ConfigE
                0x2400400c      0x130 ../../libDaisy//build\libdaisy.a(i2c.o)
                0x2400400c                daisy::I2CHandle::Init(daisy::I2CHandle::Config const&)
 .text._ZN5daisy9I2CHandle17ReadDataAtAddressEtttPhtm
                0x2400413c       0x50 ../../libDaisy//build\libdaisy.a(i2c.o)
                0x2400413c                daisy::I2CHandle::ReadDataAtAddress(unsigned short, unsigned short, unsigned short, unsigned char*, unsigned short, unsigned long)
 .text._ZN5daisy9I2CHandle18WriteDataAtAddressEtttPhtm
                0x2400418c       0x50 ../../libDaisy//build\libdaisy.a(i2c.o)
                0x2400418c                daisy::I2CHandle::WriteDataAtAddress(unsigned short, unsigned short, unsigned short, unsigned char*, unsigned short, unsigned long)
 .text.startup._GLOBAL__sub_I__ZN5daisy9I2CHandle4Impl10GlobalInitEv
                0x240041dc       0x2c ../../libDaisy//build\libdaisy.a(i2c.o)
 .text._ZN5daisy10QSPIHandle4Impl11WriteEnableEv
                0x24004208       0x8c ../../libDaisy//build\libdaisy.a(qspi.o)
                0x24004208                daisy::QSPIHandle::Impl::WriteEnable()
 *fill*         0x24004294        0x4 
 .text._ZN5daisy10QSPIHandle4Impl17DummyCyclesConfigENS0_6Config6DeviceE
                0x24004298      0x118 ../../libDaisy//build\libdaisy.a(qspi.o)
                0x24004298                daisy::QSPIHandle::Impl::DummyCyclesConfig(daisy::QSPIHandle::Config::Device)
 .text._ZN5daisy10QSPIHandle4Impl10QuadEnableEv
                0x240043b0      0x168 ../../libDaisy//build\libdaisy.a(qspi.o)
                0x240043b0                daisy::QSPIHandle::Impl::QuadEnable()
 .text._ZN5daisy10QSPIHandle4Impl21DefaultStatusRegisterEv
                0x24004518      0x158 ../../libDaisy//build\libdaisy.a(qspi.o)
                0x24004518                daisy::QSPIHandle::Impl::DefaultStatusRegister()
 .text._ZN5daisy10QSPIHandle4Impl7PreInitEm
                0x24004670      0x198 ../../libDaisy//build\libdaisy.a(qspi.o)
                0x24004670                daisy::QSPIHandle::Impl::PreInit(unsigned long)
 .text._ZN5daisy10QSPIHandle4InitERKNS0_6ConfigE
                0x24004808      0x1b4 ../../libDaisy//build\libdaisy.a(qspi.o)
                0x24004808                daisy::QSPIHandle::Init(daisy::QSPIHandle::Config const&)
 .text.HAL_QSPI_MspInit
                0x240049bc      0x194 ../../libDaisy//build\libdaisy.a(qspi.o)
                0x240049bc                HAL_QSPI_MspInit
 .text.HAL_QSPI_MspDeInit
                0x24004b50       0x7c ../../libDaisy//build\libdaisy.a(qspi.o)
                0x24004b50                HAL_QSPI_MspDeInit
 .text.QUADSPI_IRQHandler
                0x24004bcc        0xc ../../libDaisy//build\libdaisy.a(qspi.o)
                0x24004bcc                QUADSPI_IRQHandler
 .text.startup._GLOBAL__sub_I__ZN5daisy10QSPIHandle4Impl7PreInitEm
                0x24004bd8       0x40 ../../libDaisy//build\libdaisy.a(qspi.o)
 .text._ZN5daisy9SaiHandle4Impl7InitDmaENS1_15PeripheralBlockE
                0x24004c18       0xa0 ../../libDaisy//build\libdaisy.a(sai.o)
                0x24004c18                daisy::SaiHandle::Impl::InitDma(daisy::SaiHandle::Impl::PeripheralBlock)
 .text._ZN5daisy9SaiHandle4Impl8InitPinsEv
                0x24004cb8       0xbc ../../libDaisy//build\libdaisy.a(sai.o)
                0x24004cb8                daisy::SaiHandle::Impl::InitPins()
 .text.HAL_SAI_MspInit
                0x24004d74      0x164 ../../libDaisy//build\libdaisy.a(sai.o)
                0x24004d74                HAL_SAI_MspInit
 .text.DMA1_Stream0_IRQHandler
                0x24004ed8        0xc ../../libDaisy//build\libdaisy.a(sai.o)
                0x24004ed8                DMA1_Stream0_IRQHandler
 .text.DMA1_Stream1_IRQHandler
                0x24004ee4        0xc ../../libDaisy//build\libdaisy.a(sai.o)
                0x24004ee4                DMA1_Stream1_IRQHandler
 .text.DMA1_Stream3_IRQHandler
                0x24004ef0        0xc ../../libDaisy//build\libdaisy.a(sai.o)
                0x24004ef0                DMA1_Stream3_IRQHandler
 .text.DMA1_Stream4_IRQHandler
                0x24004efc        0xc ../../libDaisy//build\libdaisy.a(sai.o)
                0x24004efc                DMA1_Stream4_IRQHandler
 .text.HAL_SAI_RxHalfCpltCallback
                0x24004f08       0x78 ../../libDaisy//build\libdaisy.a(sai.o)
                0x24004f08                HAL_SAI_RxHalfCpltCallback
 .text.HAL_SAI_RxCpltCallback
                0x24004f80       0x70 ../../libDaisy//build\libdaisy.a(sai.o)
                0x24004f80                HAL_SAI_RxCpltCallback
 .text._ZN5daisy9SaiHandle4InitERKNS0_6ConfigE
                0x24004ff0      0x1f0 ../../libDaisy//build\libdaisy.a(sai.o)
                0x24004ff0                daisy::SaiHandle::Init(daisy::SaiHandle::Config const&)
 .text._ZNK5daisy9SaiHandle9GetConfigEv
                0x240051e0        0x4 ../../libDaisy//build\libdaisy.a(sai.o)
                0x240051e0                daisy::SaiHandle::GetConfig() const
 .text._ZN5daisy9SaiHandle8StartDmaEPlS1_jPFvS1_S1_jE
                0x240051e4       0xbc ../../libDaisy//build\libdaisy.a(sai.o)
                0x240051e4                daisy::SaiHandle::StartDma(long*, long*, unsigned int, void (*)(long*, long*, unsigned int))
 .text._ZN5daisy9SaiHandle7StopDmaEv
                0x240052a0       0x18 ../../libDaisy//build\libdaisy.a(sai.o)
                0x240052a0                daisy::SaiHandle::StopDma()
 .text._ZN5daisy9SaiHandle13GetSampleRateEv
                0x240052b8       0x24 ../../libDaisy//build\libdaisy.a(sai.o)
                0x240052b8                daisy::SaiHandle::GetSampleRate()
 .text._ZNK5daisy9SaiHandle9GetOffsetEv
                0x240052dc        0x8 ../../libDaisy//build\libdaisy.a(sai.o)
                0x240052dc                daisy::SaiHandle::GetOffset() const
 .text.startup._GLOBAL__sub_I__ZN5daisy9SaiHandle4Impl4InitERKNS0_6ConfigE
                0x240052e4       0x20 ../../libDaisy//build\libdaisy.a(sai.o)
 .text._ZN5daisy11TimerHandleD2Ev
                0x24005304        0x4 ../../libDaisy//build\libdaisy.a(system.o)
                0x24005304                daisy::TimerHandle::~TimerHandle()
                0x24005304                daisy::TimerHandle::~TimerHandle()
 .text.SysTick_Handler
                0x24005308       0x10 ../../libDaisy//build\libdaisy.a(system.o)
                0x24005308                SysTick_Handler
 .text.OTG_HS_EP1_OUT_IRQHandler
                0x24005318       0x24 ../../libDaisy//build\libdaisy.a(system.o)
                0x24005318                OTG_HS_EP1_OUT_IRQHandler
 .text.OTG_HS_EP1_IN_IRQHandler
                0x2400533c       0x24 ../../libDaisy//build\libdaisy.a(system.o)
                0x2400533c                OTG_HS_EP1_IN_IRQHandler
 .text.OTG_HS_IRQHandler
                0x24005360       0x24 ../../libDaisy//build\libdaisy.a(system.o)
                0x24005360                OTG_HS_IRQHandler
 .text.HardFault_Handler
                0x24005384       0xe0 ../../libDaisy//build\libdaisy.a(system.o)
                0x24005384                HardFault_Handler
 .text._ZN5daisy6System6GetNowEv
                0x24005464        0x4 ../../libDaisy//build\libdaisy.a(system.o)
                0x24005464                daisy::System::GetNow()
 .text._ZN5daisy6System5DelayEm
                0x24005468        0x4 ../../libDaisy//build\libdaisy.a(system.o)
                0x24005468                daisy::System::Delay(unsigned long)
 .text._ZN5daisy6System17ResetToBootloaderENS0_14BootloaderModeE
                0x2400546c       0x9c ../../libDaisy//build\libdaisy.a(system.o)
                0x2400546c                daisy::System::ResetToBootloader(daisy::System::BootloaderMode)
 .text._ZN5daisy6System20GetBootloaderVersionEv
                0x24005508       0x34 ../../libDaisy//build\libdaisy.a(system.o)
                0x24005508                daisy::System::GetBootloaderVersion()
 *fill*         0x2400553c        0x4 
 .text._ZN5daisy6System15ConfigureClocksEv
                0x24005540      0x1a4 ../../libDaisy//build\libdaisy.a(system.o)
                0x24005540                daisy::System::ConfigureClocks()
 .text._ZN5daisy6System12ConfigureMpuEv
                0x240056e4       0x7c ../../libDaisy//build\libdaisy.a(system.o)
                0x240056e4                daisy::System::ConfigureMpu()
 .text._ZN5daisy6System4InitERKNS0_6ConfigE
                0x24005760       0xf8 ../../libDaisy//build\libdaisy.a(system.o)
                0x24005760                daisy::System::Init(daisy::System::Config const&)
 .text._ZN5daisy6System12GetPClk1FreqEv
                0x24005858        0x4 ../../libDaisy//build\libdaisy.a(system.o)
                0x24005858                daisy::System::GetPClk1Freq()
 .text._ZN5daisy6System12GetPClk2FreqEv
                0x2400585c        0x4 ../../libDaisy//build\libdaisy.a(system.o)
                0x2400585c                daisy::System::GetPClk2Freq()
 .text._ZN5daisy6System22GetProgramMemoryRegionEv
                0x24005860       0x78 ../../libDaisy//build\libdaisy.a(system.o)
                0x24005860                daisy::System::GetProgramMemoryRegion()
 .text.startup._GLOBAL__sub_I__ZN5daisy9boot_infoE
                0x240058d8       0x1c ../../libDaisy//build\libdaisy.a(system.o)
 .text.HAL_PCD_SetupStageCallback
                0x240058f4        0xc ../../libDaisy//build\libdaisy.a(usbd_conf.o)
                0x240058f4                HAL_PCD_SetupStageCallback
 .text.HAL_PCD_DataOutStageCallback
                0x24005900       0x14 ../../libDaisy//build\libdaisy.a(usbd_conf.o)
                0x24005900                HAL_PCD_DataOutStageCallback
 .text.HAL_PCD_DataInStageCallback
                0x24005914       0x14 ../../libDaisy//build\libdaisy.a(usbd_conf.o)
                0x24005914                HAL_PCD_DataInStageCallback
 .text.HAL_PCD_SOFCallback
                0x24005928        0x8 ../../libDaisy//build\libdaisy.a(usbd_conf.o)
                0x24005928                HAL_PCD_SOFCallback
 .text.HAL_PCD_ResetCallback
                0x24005930       0x24 ../../libDaisy//build\libdaisy.a(usbd_conf.o)
                0x24005930                HAL_PCD_ResetCallback
 .text.HAL_PCD_SuspendCallback
                0x24005954       0x30 ../../libDaisy//build\libdaisy.a(usbd_conf.o)
                0x24005954                HAL_PCD_SuspendCallback
 .text.HAL_PCD_ResumeCallback
                0x24005984        0x8 ../../libDaisy//build\libdaisy.a(usbd_conf.o)
                0x24005984                HAL_PCD_ResumeCallback
 .text.HAL_PCD_ISOOUTIncompleteCallback
                0x2400598c        0x8 ../../libDaisy//build\libdaisy.a(usbd_conf.o)
                0x2400598c                HAL_PCD_ISOOUTIncompleteCallback
 .text.HAL_PCD_ISOINIncompleteCallback
                0x24005994        0x8 ../../libDaisy//build\libdaisy.a(usbd_conf.o)
                0x24005994                HAL_PCD_ISOINIncompleteCallback
 .text.HAL_PCD_ConnectCallback
                0x2400599c        0x8 ../../libDaisy//build\libdaisy.a(usbd_conf.o)
                0x2400599c                HAL_PCD_ConnectCallback
 .text.HAL_PCD_DisconnectCallback
                0x240059a4        0x8 ../../libDaisy//build\libdaisy.a(usbd_conf.o)
                0x240059a4                HAL_PCD_DisconnectCallback
 .text.USBD_LL_OpenEP
                0x240059ac       0x24 ../../libDaisy//build\libdaisy.a(usbd_conf.o)
                0x240059ac                USBD_LL_OpenEP
 .text.USBD_LL_StallEP
                0x240059d0       0x1c ../../libDaisy//build\libdaisy.a(usbd_conf.o)
                0x240059d0                USBD_LL_StallEP
 .text.USBD_LL_ClearStallEP
                0x240059ec       0x1c ../../libDaisy//build\libdaisy.a(usbd_conf.o)
                0x240059ec                USBD_LL_ClearStallEP
 .text.USBD_LL_IsStallEP
                0x24005a08       0x28 ../../libDaisy//build\libdaisy.a(usbd_conf.o)
                0x24005a08                USBD_LL_IsStallEP
 .text.USBD_LL_SetUSBAddress
                0x24005a30       0x1c ../../libDaisy//build\libdaisy.a(usbd_conf.o)
                0x24005a30                USBD_LL_SetUSBAddress
 .text.USBD_LL_Transmit
                0x24005a4c       0x1c ../../libDaisy//build\libdaisy.a(usbd_conf.o)
                0x24005a4c                USBD_LL_Transmit
 .text.USBD_LL_PrepareReceive
                0x24005a68       0x1c ../../libDaisy//build\libdaisy.a(usbd_conf.o)
                0x24005a68                USBD_LL_PrepareReceive
 .text.HAL_HCD_SOF_Callback
                0x24005a84        0x8 ../../libDaisy//build\libdaisy.a(usbh_conf.o)
                0x24005a84                HAL_HCD_SOF_Callback
 .text.HAL_HCD_Connect_Callback
                0x24005a8c        0x8 ../../libDaisy//build\libdaisy.a(usbh_conf.o)
                0x24005a8c                HAL_HCD_Connect_Callback
 .text.HAL_HCD_Disconnect_Callback
                0x24005a94        0x8 ../../libDaisy//build\libdaisy.a(usbh_conf.o)
                0x24005a94                HAL_HCD_Disconnect_Callback
 .text.HAL_HCD_HC_NotifyURBChange_Callback
                0x24005a9c        0x4 ../../libDaisy//build\libdaisy.a(usbh_conf.o)
                0x24005a9c                HAL_HCD_HC_NotifyURBChange_Callback
 .text.HAL_HCD_PortEnabled_Callback
                0x24005aa0        0x8 ../../libDaisy//build\libdaisy.a(usbh_conf.o)
                0x24005aa0                HAL_HCD_PortEnabled_Callback
 .text.HAL_HCD_PortDisabled_Callback
                0x24005aa8        0x8 ../../libDaisy//build\libdaisy.a(usbh_conf.o)
                0x24005aa8                HAL_HCD_PortDisabled_Callback
 .text.USBH_LL_Stop
                0x24005ab0       0x1c ../../libDaisy//build\libdaisy.a(usbh_conf.o)
                0x24005ab0                USBH_LL_Stop
 .text.HAL_MspInit
                0x24005acc        0x4 ../../libDaisy//build\libdaisy.a(stm32h7xx_hal.o)
                0x24005acc                HAL_MspInit
 .text.HAL_InitTick
                0x24005ad0       0x4c ../../libDaisy//build\libdaisy.a(stm32h7xx_hal.o)
                0x24005ad0                HAL_InitTick
 .text.HAL_Init
                0x24005b1c       0x60 ../../libDaisy//build\libdaisy.a(stm32h7xx_hal.o)
                0x24005b1c                HAL_Init
 .text.HAL_IncTick
                0x24005b7c       0x18 ../../libDaisy//build\libdaisy.a(stm32h7xx_hal.o)
                0x24005b7c                HAL_IncTick
 .text.HAL_GetTick
                0x24005b94        0xc ../../libDaisy//build\libdaisy.a(stm32h7xx_hal.o)
                0x24005b94                HAL_GetTick
 .text.HAL_Delay
                0x24005ba0       0x24 ../../libDaisy//build\libdaisy.a(stm32h7xx_hal.o)
                0x24005ba0                HAL_Delay
 .text.HAL_GetREVID
                0x24005bc4        0xc ../../libDaisy//build\libdaisy.a(stm32h7xx_hal.o)
                0x24005bc4                HAL_GetREVID
 .text.HAL_ADC_ConvHalfCpltCallback
                0x24005bd0        0x4 ../../libDaisy//build\libdaisy.a(stm32h7xx_hal_adc.o)
                0x24005bd0                HAL_ADC_ConvHalfCpltCallback
 .text.ADC_DMAHalfConvCplt
                0x24005bd4        0xc ../../libDaisy//build\libdaisy.a(stm32h7xx_hal_adc.o)
                0x24005bd4                ADC_DMAHalfConvCplt
 .text.ADC_DMAConvCplt
                0x24005be0       0x6c ../../libDaisy//build\libdaisy.a(stm32h7xx_hal_adc.o)
                0x24005be0                ADC_DMAConvCplt
 .text.ADC_DMAError
                0x24005c4c       0x1c ../../libDaisy//build\libdaisy.a(stm32h7xx_hal_adc.o)
                0x24005c4c                ADC_DMAError
 .text.HAL_ADC_ConfigChannel
                0x24005c68      0x440 ../../libDaisy//build\libdaisy.a(stm32h7xx_hal_adc.o)
                0x24005c68                HAL_ADC_ConfigChannel
 .text.ADC_ConversionStop
                0x240060a8       0xf8 ../../libDaisy//build\libdaisy.a(stm32h7xx_hal_adc.o)
                0x240060a8                ADC_ConversionStop
 .text.ADC_Enable
                0x240061a0       0xac ../../libDaisy//build\libdaisy.a(stm32h7xx_hal_adc.o)
                0x240061a0                ADC_Enable
 .text.HAL_ADC_Start_DMA
                0x2400624c      0x124 ../../libDaisy//build\libdaisy.a(stm32h7xx_hal_adc.o)
                0x2400624c                HAL_ADC_Start_DMA
 .text.ADC_Disable
                0x24006370       0x74 ../../libDaisy//build\libdaisy.a(stm32h7xx_hal_adc.o)
                0x24006370                ADC_Disable
 .text.HAL_ADC_Stop_DMA
                0x240063e4       0x90 ../../libDaisy//build\libdaisy.a(stm32h7xx_hal_adc.o)
                0x240063e4                HAL_ADC_Stop_DMA
 .text.ADC_ConfigureBoostMode
                0x24006474      0x17c ../../libDaisy//build\libdaisy.a(stm32h7xx_hal_adc.o)
                0x24006474                ADC_ConfigureBoostMode
 .text.HAL_ADC_Init
                0x240065f0      0x21c ../../libDaisy//build\libdaisy.a(stm32h7xx_hal_adc.o)
                0x240065f0                HAL_ADC_Init
 .text.HAL_ADCEx_Calibration_Start
                0x2400680c       0xa4 ../../libDaisy//build\libdaisy.a(stm32h7xx_hal_adc_ex.o)
                0x2400680c                HAL_ADCEx_Calibration_Start
 .text.HAL_ADCEx_MultiModeConfigChannel
                0x240068b0       0xd0 ../../libDaisy//build\libdaisy.a(stm32h7xx_hal_adc_ex.o)
                0x240068b0                HAL_ADCEx_MultiModeConfigChannel
 .text.HAL_NVIC_SetPriorityGrouping
                0x24006980       0x24 ../../libDaisy//build\libdaisy.a(stm32h7xx_hal_cortex.o)
                0x24006980                HAL_NVIC_SetPriorityGrouping
 .text.HAL_NVIC_SetPriority
                0x240069a4       0x7c ../../libDaisy//build\libdaisy.a(stm32h7xx_hal_cortex.o)
                0x240069a4                HAL_NVIC_SetPriority
 .text.HAL_NVIC_EnableIRQ
                0x24006a20       0x1c ../../libDaisy//build\libdaisy.a(stm32h7xx_hal_cortex.o)
                0x24006a20                HAL_NVIC_EnableIRQ
 .text.HAL_NVIC_DisableIRQ
                0x24006a3c       0x28 ../../libDaisy//build\libdaisy.a(stm32h7xx_hal_cortex.o)
                0x24006a3c                HAL_NVIC_DisableIRQ
 .text.HAL_NVIC_SystemReset
                0x24006a64       0x24 ../../libDaisy//build\libdaisy.a(stm32h7xx_hal_cortex.o)
                0x24006a64                HAL_NVIC_SystemReset
 .text.HAL_SYSTICK_Config
                0x24006a88       0x2c ../../libDaisy//build\libdaisy.a(stm32h7xx_hal_cortex.o)
                0x24006a88                HAL_SYSTICK_Config
 .text.HAL_MPU_Disable
                0x24006ab4       0x1c ../../libDaisy//build\libdaisy.a(stm32h7xx_hal_cortex.o)
                0x24006ab4                HAL_MPU_Disable
 .text.HAL_MPU_Enable
                0x24006ad0       0x20 ../../libDaisy//build\libdaisy.a(stm32h7xx_hal_cortex.o)
                0x24006ad0                HAL_MPU_Enable
 .text.HAL_MPU_ConfigRegion
                0x24006af0       0x64 ../../libDaisy//build\libdaisy.a(stm32h7xx_hal_cortex.o)
                0x24006af0                HAL_MPU_ConfigRegion
 .text.HAL_SYSTICK_Callback
                0x24006b54        0x4 ../../libDaisy//build\libdaisy.a(stm32h7xx_hal_cortex.o)
                0x24006b54                HAL_SYSTICK_Callback
 .text.HAL_SYSTICK_IRQHandler
                0x24006b58        0x8 ../../libDaisy//build\libdaisy.a(stm32h7xx_hal_cortex.o)
                0x24006b58                HAL_SYSTICK_IRQHandler
 .text.HAL_DAC_Init
                0x24006b60       0x2c ../../libDaisy//build\libdaisy.a(stm32h7xx_hal_dac.o)
                0x24006b60                HAL_DAC_Init
 .text.HAL_DAC_Start_DMA
                0x24006b8c      0x118 ../../libDaisy//build\libdaisy.a(stm32h7xx_hal_dac.o)
                0x24006b8c                HAL_DAC_Start_DMA
 .text.HAL_DAC_Stop_DMA
                0x24006ca4       0x5c ../../libDaisy//build\libdaisy.a(stm32h7xx_hal_dac.o)
                0x24006ca4                HAL_DAC_Stop_DMA
 .text.DAC_DMAConvCpltCh1
                0x24006d00       0x10 ../../libDaisy//build\libdaisy.a(stm32h7xx_hal_dac.o)
                0x24006d00                DAC_DMAConvCpltCh1
 .text.DAC_DMAHalfConvCpltCh1
                0x24006d10        0xc ../../libDaisy//build\libdaisy.a(stm32h7xx_hal_dac.o)
                0x24006d10                DAC_DMAHalfConvCpltCh1
 .text.HAL_DAC_ErrorCallbackCh1
                0x24006d1c        0x4 ../../libDaisy//build\libdaisy.a(stm32h7xx_hal_dac.o)
                0x24006d1c                HAL_DAC_ErrorCallbackCh1
 .text.DAC_DMAErrorCh1
                0x24006d20       0x18 ../../libDaisy//build\libdaisy.a(stm32h7xx_hal_dac.o)
                0x24006d20                DAC_DMAErrorCh1
 .text.HAL_DAC_DMAUnderrunCallbackCh1
                0x24006d38        0x4 ../../libDaisy//build\libdaisy.a(stm32h7xx_hal_dac.o)
                0x24006d38                HAL_DAC_DMAUnderrunCallbackCh1
 .text.HAL_DAC_IRQHandler
                0x24006d3c       0x68 ../../libDaisy//build\libdaisy.a(stm32h7xx_hal_dac.o)
                0x24006d3c                HAL_DAC_IRQHandler
 .text.HAL_DAC_ConfigChannel
                0x24006da4      0x15c ../../libDaisy//build\libdaisy.a(stm32h7xx_hal_dac.o)
                0x24006da4                HAL_DAC_ConfigChannel
 .text.DAC_DMAConvCpltCh2
                0x24006f00       0x10 ../../libDaisy//build\libdaisy.a(stm32h7xx_hal_dac_ex.o)
                0x24006f00                DAC_DMAConvCpltCh2
 .text.DAC_DMAHalfConvCpltCh2
                0x24006f10        0xc ../../libDaisy//build\libdaisy.a(stm32h7xx_hal_dac_ex.o)
                0x24006f10                DAC_DMAHalfConvCpltCh2
 .text.HAL_DACEx_ErrorCallbackCh2
                0x24006f1c        0x4 ../../libDaisy//build\libdaisy.a(stm32h7xx_hal_dac_ex.o)
                0x24006f1c                HAL_DACEx_ErrorCallbackCh2
 .text.DAC_DMAErrorCh2
                0x24006f20       0x18 ../../libDaisy//build\libdaisy.a(stm32h7xx_hal_dac_ex.o)
                0x24006f20                DAC_DMAErrorCh2
 .text.HAL_DACEx_DMAUnderrunCallbackCh2
                0x24006f38        0x4 ../../libDaisy//build\libdaisy.a(stm32h7xx_hal_dac_ex.o)
                0x24006f38                HAL_DACEx_DMAUnderrunCallbackCh2
 .text.DMA_CalcBaseAndBitshift
                0x24006f3c       0xf4 ../../libDaisy//build\libdaisy.a(stm32h7xx_hal_dma.o)
 .text.DMA_CalcDMAMUXChannelBaseAndMask
                0x24007030       0xd8 ../../libDaisy//build\libdaisy.a(stm32h7xx_hal_dma.o)
 .text.HAL_DMA_Init
                0x24007108      0x4dc ../../libDaisy//build\libdaisy.a(stm32h7xx_hal_dma.o)
                0x24007108                HAL_DMA_Init
 .text.HAL_DMA_Start_IT
                0x240075e4      0x344 ../../libDaisy//build\libdaisy.a(stm32h7xx_hal_dma.o)
                0x240075e4                HAL_DMA_Start_IT
 .text.HAL_DMA_Abort
                0x24007928      0x2f0 ../../libDaisy//build\libdaisy.a(stm32h7xx_hal_dma.o)
                0x24007928                HAL_DMA_Abort
 .text.HAL_DMA_Abort_IT
                0x24007c18      0x194 ../../libDaisy//build\libdaisy.a(stm32h7xx_hal_dma.o)
                0x24007c18                HAL_DMA_Abort_IT
 .text.HAL_DMA_IRQHandler
                0x24007dac      0x6a0 ../../libDaisy//build\libdaisy.a(stm32h7xx_hal_dma.o)
                0x24007dac                HAL_DMA_IRQHandler
 .text.HAL_DMA_GetError
                0x2400844c        0x4 ../../libDaisy//build\libdaisy.a(stm32h7xx_hal_dma.o)
                0x2400844c                HAL_DMA_GetError
 .text.HAL_GPIO_Init
                0x24008450      0x274 ../../libDaisy//build\libdaisy.a(stm32h7xx_hal_gpio.o)
                0x24008450                HAL_GPIO_Init
 .text.HAL_GPIO_DeInit
                0x240086c4      0x190 ../../libDaisy//build\libdaisy.a(stm32h7xx_hal_gpio.o)
                0x240086c4                HAL_GPIO_DeInit
 .text.HAL_GPIO_ReadPin
                0x24008854        0xc ../../libDaisy//build\libdaisy.a(stm32h7xx_hal_gpio.o)
                0x24008854                HAL_GPIO_ReadPin
 .text.HAL_GPIO_WritePin
                0x24008860        0x8 ../../libDaisy//build\libdaisy.a(stm32h7xx_hal_gpio.o)
                0x24008860                HAL_GPIO_WritePin
 .text.HAL_HCD_IRQHandler
                0x24008868      0x8f4 ../../libDaisy//build\libdaisy.a(stm32h7xx_hal_hcd.o)
                0x24008868                HAL_HCD_IRQHandler
 .text.HAL_HCD_Stop
                0x2400915c       0x28 ../../libDaisy//build\libdaisy.a(stm32h7xx_hal_hcd.o)
                0x2400915c                HAL_HCD_Stop
 .text.I2C_WaitOnTXISFlagUntilTimeout
                0x24009184      0x16c ../../libDaisy//build\libdaisy.a(stm32h7xx_hal_i2c.o)
 .text.I2C_WaitOnSTOPFlagUntilTimeout
                0x240092f0      0x168 ../../libDaisy//build\libdaisy.a(stm32h7xx_hal_i2c.o)
 .text.HAL_I2C_Init
                0x24009458       0xac ../../libDaisy//build\libdaisy.a(stm32h7xx_hal_i2c.o)
                0x24009458                HAL_I2C_Init
 .text.HAL_I2C_Mem_Write
                0x24009504      0x268 ../../libDaisy//build\libdaisy.a(stm32h7xx_hal_i2c.o)
                0x24009504                HAL_I2C_Mem_Write
 .text.HAL_I2C_Mem_Read
                0x2400976c      0x2cc ../../libDaisy//build\libdaisy.a(stm32h7xx_hal_i2c.o)
                0x2400976c                HAL_I2C_Mem_Read
 .text.HAL_I2C_EV_IRQHandler
                0x24009a38       0x10 ../../libDaisy//build\libdaisy.a(stm32h7xx_hal_i2c.o)
                0x24009a38                HAL_I2C_EV_IRQHandler
 .text.HAL_I2C_GetState
                0x24009a48        0x8 ../../libDaisy//build\libdaisy.a(stm32h7xx_hal_i2c.o)
                0x24009a48                HAL_I2C_GetState
 .text.HAL_I2CEx_ConfigAnalogFilter
                0x24009a50       0x54 ../../libDaisy//build\libdaisy.a(stm32h7xx_hal_i2c_ex.o)
                0x24009a50                HAL_I2CEx_ConfigAnalogFilter
 .text.HAL_I2CEx_ConfigDigitalFilter
                0x24009aa4       0x58 ../../libDaisy//build\libdaisy.a(stm32h7xx_hal_i2c_ex.o)
                0x24009aa4                HAL_I2CEx_ConfigDigitalFilter
 .text.HAL_PCD_IRQHandler
                0x24009afc      0xb48 ../../libDaisy//build\libdaisy.a(stm32h7xx_hal_pcd.o)
                0x24009afc                HAL_PCD_IRQHandler
 .text.HAL_PCD_SetAddress
                0x2400a644       0x2c ../../libDaisy//build\libdaisy.a(stm32h7xx_hal_pcd.o)
                0x2400a644                HAL_PCD_SetAddress
 .text.HAL_PCD_EP_Open
                0x2400a670       0x7c ../../libDaisy//build\libdaisy.a(stm32h7xx_hal_pcd.o)
                0x2400a670                HAL_PCD_EP_Open
 .text.HAL_PCD_EP_Receive
                0x2400a6ec       0x44 ../../libDaisy//build\libdaisy.a(stm32h7xx_hal_pcd.o)
                0x2400a6ec                HAL_PCD_EP_Receive
 .text.HAL_PCD_EP_Transmit
                0x2400a730       0x44 ../../libDaisy//build\libdaisy.a(stm32h7xx_hal_pcd.o)
                0x2400a730                HAL_PCD_EP_Transmit
 .text.HAL_PCD_EP_SetStall
                0x2400a774       0x88 ../../libDaisy//build\libdaisy.a(stm32h7xx_hal_pcd.o)
                0x2400a774                HAL_PCD_EP_SetStall
 .text.HAL_PCD_EP_ClrStall
                0x2400a7fc       0x78 ../../libDaisy//build\libdaisy.a(stm32h7xx_hal_pcd.o)
                0x2400a7fc                HAL_PCD_EP_ClrStall
 .text.HAL_PCDEx_LPM_Callback
                0x2400a874        0x4 ../../libDaisy//build\libdaisy.a(stm32h7xx_hal_pcd_ex.o)
                0x2400a874                HAL_PCDEx_LPM_Callback
 .text.HAL_PWREx_ConfigSupply
                0x2400a878       0x48 ../../libDaisy//build\libdaisy.a(stm32h7xx_hal_pwr_ex.o)
                0x2400a878                HAL_PWREx_ConfigSupply
 .text.HAL_PWREx_EnableUSBVoltageDetector
                0x2400a8c0       0x10 ../../libDaisy//build\libdaisy.a(stm32h7xx_hal_pwr_ex.o)
                0x2400a8c0                HAL_PWREx_EnableUSBVoltageDetector
 .text.QSPI_Config
                0x2400a8d0      0x174 ../../libDaisy//build\libdaisy.a(stm32h7xx_hal_qspi.o)
 .text.HAL_QSPI_Init
                0x2400aa44       0xb8 ../../libDaisy//build\libdaisy.a(stm32h7xx_hal_qspi.o)
                0x2400aa44                HAL_QSPI_Init
 .text.HAL_QSPI_DeInit
                0x2400aafc       0x24 ../../libDaisy//build\libdaisy.a(stm32h7xx_hal_qspi.o)
                0x2400aafc                HAL_QSPI_DeInit
 .text.HAL_QSPI_Command
                0x2400ab20       0xd4 ../../libDaisy//build\libdaisy.a(stm32h7xx_hal_qspi.o)
                0x2400ab20                HAL_QSPI_Command
 .text.HAL_QSPI_Transmit
                0x2400abf4       0xfc ../../libDaisy//build\libdaisy.a(stm32h7xx_hal_qspi.o)
                0x2400abf4                HAL_QSPI_Transmit
 .text.HAL_QSPI_Receive
                0x2400acf0      0x108 ../../libDaisy//build\libdaisy.a(stm32h7xx_hal_qspi.o)
                0x2400acf0                HAL_QSPI_Receive
 .text.HAL_QSPI_AutoPolling
                0x2400adf8       0xf0 ../../libDaisy//build\libdaisy.a(stm32h7xx_hal_qspi.o)
                0x2400adf8                HAL_QSPI_AutoPolling
 .text.HAL_QSPI_MemoryMapped
                0x2400aee8       0xc0 ../../libDaisy//build\libdaisy.a(stm32h7xx_hal_qspi.o)
                0x2400aee8                HAL_QSPI_MemoryMapped
 .text.HAL_QSPI_ErrorCallback
                0x2400afa8        0x4 ../../libDaisy//build\libdaisy.a(stm32h7xx_hal_qspi.o)
                0x2400afa8                HAL_QSPI_ErrorCallback
 .text.QSPI_DMAAbortCplt
                0x2400afac       0x38 ../../libDaisy//build\libdaisy.a(stm32h7xx_hal_qspi.o)
 .text.HAL_QSPI_AbortCpltCallback
                0x2400afe4        0x4 ../../libDaisy//build\libdaisy.a(stm32h7xx_hal_qspi.o)
                0x2400afe4                HAL_QSPI_AbortCpltCallback
 .text.HAL_QSPI_CmdCpltCallback
                0x2400afe8        0x4 ../../libDaisy//build\libdaisy.a(stm32h7xx_hal_qspi.o)
                0x2400afe8                HAL_QSPI_CmdCpltCallback
 .text.HAL_QSPI_RxCpltCallback
                0x2400afec        0x4 ../../libDaisy//build\libdaisy.a(stm32h7xx_hal_qspi.o)
                0x2400afec                HAL_QSPI_RxCpltCallback
 .text.HAL_QSPI_TxCpltCallback
                0x2400aff0        0x4 ../../libDaisy//build\libdaisy.a(stm32h7xx_hal_qspi.o)
                0x2400aff0                HAL_QSPI_TxCpltCallback
 .text.HAL_QSPI_FifoThresholdCallback
                0x2400aff4        0x4 ../../libDaisy//build\libdaisy.a(stm32h7xx_hal_qspi.o)
                0x2400aff4                HAL_QSPI_FifoThresholdCallback
 .text.HAL_QSPI_StatusMatchCallback
                0x2400aff8        0x4 ../../libDaisy//build\libdaisy.a(stm32h7xx_hal_qspi.o)
                0x2400aff8                HAL_QSPI_StatusMatchCallback
 .text.HAL_QSPI_TimeOutCallback
                0x2400affc        0x4 ../../libDaisy//build\libdaisy.a(stm32h7xx_hal_qspi.o)
                0x2400affc                HAL_QSPI_TimeOutCallback
 .text.HAL_QSPI_IRQHandler
                0x2400b000      0x210 ../../libDaisy//build\libdaisy.a(stm32h7xx_hal_qspi.o)
                0x2400b000                HAL_QSPI_IRQHandler
 .text.HAL_RCC_GetSysClockFreq.part.0
                0x2400b210      0x130 ../../libDaisy//build\libdaisy.a(stm32h7xx_hal_rcc.o)
 .text.HAL_RCC_OscConfig
                0x2400b340      0x5f4 ../../libDaisy//build\libdaisy.a(stm32h7xx_hal_rcc.o)
                0x2400b340                HAL_RCC_OscConfig
 .text.HAL_RCC_GetSysClockFreq
                0x2400b934      0x140 ../../libDaisy//build\libdaisy.a(stm32h7xx_hal_rcc.o)
                0x2400b934                HAL_RCC_GetSysClockFreq
 .text.HAL_RCC_ClockConfig
                0x2400ba74      0x250 ../../libDaisy//build\libdaisy.a(stm32h7xx_hal_rcc.o)
                0x2400ba74                HAL_RCC_ClockConfig
 .text.HAL_RCC_GetHCLKFreq
                0x2400bcc4       0x80 ../../libDaisy//build\libdaisy.a(stm32h7xx_hal_rcc.o)
                0x2400bcc4                HAL_RCC_GetHCLKFreq
 .text.HAL_RCC_GetPCLK1Freq
                0x2400bd44       0x90 ../../libDaisy//build\libdaisy.a(stm32h7xx_hal_rcc.o)
                0x2400bd44                HAL_RCC_GetPCLK1Freq
 .text.HAL_RCC_GetPCLK2Freq
                0x2400bdd4       0x90 ../../libDaisy//build\libdaisy.a(stm32h7xx_hal_rcc.o)
                0x2400bdd4                HAL_RCC_GetPCLK2Freq
 .text.RCCEx_PLL2_Config
                0x2400be64       0xf4 ../../libDaisy//build\libdaisy.a(stm32h7xx_hal_rcc_ex.o)
 .text.RCCEx_PLL3_Config
                0x2400bf58       0xf4 ../../libDaisy//build\libdaisy.a(stm32h7xx_hal_rcc_ex.o)
 .text.HAL_RCCEx_PeriphCLKConfig
                0x2400c04c      0xbf8 ../../libDaisy//build\libdaisy.a(stm32h7xx_hal_rcc_ex.o)
                0x2400c04c                HAL_RCCEx_PeriphCLKConfig
 .text.HAL_RCCEx_GetD3PCLK1Freq
                0x2400cc44       0x24 ../../libDaisy//build\libdaisy.a(stm32h7xx_hal_rcc_ex.o)
                0x2400cc44                HAL_RCCEx_GetD3PCLK1Freq
 .text.HAL_RCCEx_GetPLL2ClockFreq
                0x2400cc68      0x17c ../../libDaisy//build\libdaisy.a(stm32h7xx_hal_rcc_ex.o)
                0x2400cc68                HAL_RCCEx_GetPLL2ClockFreq
 .text.HAL_RCCEx_GetPLL3ClockFreq
                0x2400cde4      0x17c ../../libDaisy//build\libdaisy.a(stm32h7xx_hal_rcc_ex.o)
                0x2400cde4                HAL_RCCEx_GetPLL3ClockFreq
 .text.HAL_RCCEx_GetPLL1ClockFreq
                0x2400cf60      0x18c ../../libDaisy//build\libdaisy.a(stm32h7xx_hal_rcc_ex.o)
                0x2400cf60                HAL_RCCEx_GetPLL1ClockFreq
 .text.HAL_RCCEx_GetPeriphCLKFreq
                0x2400d0ec      0x390 ../../libDaisy//build\libdaisy.a(stm32h7xx_hal_rcc_ex.o)
                0x2400d0ec                HAL_RCCEx_GetPeriphCLKFreq
 .text.HAL_SAI_Init.part.0
                0x2400d47c      0x390 ../../libDaisy//build\libdaisy.a(stm32h7xx_hal_sai.o)
 .text.HAL_SAI_InitProtocol
                0x2400d80c      0x174 ../../libDaisy//build\libdaisy.a(stm32h7xx_hal_sai.o)
                0x2400d80c                HAL_SAI_InitProtocol
 .text.HAL_SAI_DMAStop
                0x2400d980       0xdc ../../libDaisy//build\libdaisy.a(stm32h7xx_hal_sai.o)
                0x2400d980                HAL_SAI_DMAStop
 .text.HAL_SAI_Transmit_DMA
                0x2400da5c      0x124 ../../libDaisy//build\libdaisy.a(stm32h7xx_hal_sai.o)
                0x2400da5c                HAL_SAI_Transmit_DMA
 .text.HAL_SAI_Receive_DMA
                0x2400db80       0xd0 ../../libDaisy//build\libdaisy.a(stm32h7xx_hal_sai.o)
                0x2400db80                HAL_SAI_Receive_DMA
 .text.HAL_SAI_TxCpltCallback
                0x2400dc50        0x4 ../../libDaisy//build\libdaisy.a(stm32h7xx_hal_sai.o)
                0x2400dc50                HAL_SAI_TxCpltCallback
 .text.SAI_DMATxCplt
                0x2400dc54       0x64 ../../libDaisy//build\libdaisy.a(stm32h7xx_hal_sai.o)
 .text.HAL_SAI_TxHalfCpltCallback
                0x2400dcb8        0x4 ../../libDaisy//build\libdaisy.a(stm32h7xx_hal_sai.o)
                0x2400dcb8                HAL_SAI_TxHalfCpltCallback
 .text.SAI_DMATxHalfCplt
                0x2400dcbc        0xc ../../libDaisy//build\libdaisy.a(stm32h7xx_hal_sai.o)
 .text.SAI_DMARxCplt
                0x2400dcc8       0x64 ../../libDaisy//build\libdaisy.a(stm32h7xx_hal_sai.o)
 .text.SAI_DMARxHalfCplt
                0x2400dd2c        0xc ../../libDaisy//build\libdaisy.a(stm32h7xx_hal_sai.o)
 .text.HAL_SAI_ErrorCallback
                0x2400dd38        0x4 ../../libDaisy//build\libdaisy.a(stm32h7xx_hal_sai.o)
                0x2400dd38                HAL_SAI_ErrorCallback
 .text.SAI_DMAError
                0x2400dd3c       0x6c ../../libDaisy//build\libdaisy.a(stm32h7xx_hal_sai.o)
 .text.HAL_SDRAM_Init
                0x2400dda8       0x54 ../../libDaisy//build\libdaisy.a(stm32h7xx_hal_sdram.o)
                0x2400dda8                HAL_SDRAM_Init
 .text.HAL_SDRAM_SendCommand
                0x2400ddfc       0x40 ../../libDaisy//build\libdaisy.a(stm32h7xx_hal_sdram.o)
                0x2400ddfc                HAL_SDRAM_SendCommand
 .text.HAL_SDRAM_ProgramRefreshRate
                0x2400de3c       0x30 ../../libDaisy//build\libdaisy.a(stm32h7xx_hal_sdram.o)
                0x2400de3c                HAL_SDRAM_ProgramRefreshRate
 .text.HAL_TIM_Base_Init
                0x2400de6c      0x16c ../../libDaisy//build\libdaisy.a(stm32h7xx_hal_tim.o)
                0x2400de6c                HAL_TIM_Base_Init
 .text.HAL_TIM_Base_Start
                0x2400dfd8       0xb0 ../../libDaisy//build\libdaisy.a(stm32h7xx_hal_tim.o)
                0x2400dfd8                HAL_TIM_Base_Start
 .text.HAL_TIM_Base_Start_IT
                0x2400e088       0xb8 ../../libDaisy//build\libdaisy.a(stm32h7xx_hal_tim.o)
                0x2400e088                HAL_TIM_Base_Start_IT
 .text.HAL_TIM_ConfigClockSource
                0x2400e140      0x198 ../../libDaisy//build\libdaisy.a(stm32h7xx_hal_tim.o)
                0x2400e140                HAL_TIM_ConfigClockSource
 .text.HAL_TIM_OC_DelayElapsedCallback
                0x2400e2d8        0x4 ../../libDaisy//build\libdaisy.a(stm32h7xx_hal_tim.o)
                0x2400e2d8                HAL_TIM_OC_DelayElapsedCallback
 .text.HAL_TIM_IC_CaptureCallback
                0x2400e2dc        0x4 ../../libDaisy//build\libdaisy.a(stm32h7xx_hal_tim.o)
                0x2400e2dc                HAL_TIM_IC_CaptureCallback
 .text.HAL_TIM_PWM_PulseFinishedCallback
                0x2400e2e0        0x4 ../../libDaisy//build\libdaisy.a(stm32h7xx_hal_tim.o)
                0x2400e2e0                HAL_TIM_PWM_PulseFinishedCallback
 .text.HAL_TIM_TriggerCallback
                0x2400e2e4        0x4 ../../libDaisy//build\libdaisy.a(stm32h7xx_hal_tim.o)
                0x2400e2e4                HAL_TIM_TriggerCallback
 .text.HAL_TIM_IRQHandler
                0x2400e2e8      0x154 ../../libDaisy//build\libdaisy.a(stm32h7xx_hal_tim.o)
                0x2400e2e8                HAL_TIM_IRQHandler
 .text.HAL_TIMEx_MasterConfigSynchronization
                0x2400e43c       0xb4 ../../libDaisy//build\libdaisy.a(stm32h7xx_hal_tim_ex.o)
                0x2400e43c                HAL_TIMEx_MasterConfigSynchronization
 .text.HAL_TIMEx_CommutCallback
                0x2400e4f0        0x4 ../../libDaisy//build\libdaisy.a(stm32h7xx_hal_tim_ex.o)
                0x2400e4f0                HAL_TIMEx_CommutCallback
 .text.HAL_TIMEx_BreakCallback
                0x2400e4f4        0x4 ../../libDaisy//build\libdaisy.a(stm32h7xx_hal_tim_ex.o)
                0x2400e4f4                HAL_TIMEx_BreakCallback
 .text.HAL_TIMEx_Break2Callback
                0x2400e4f8        0x4 ../../libDaisy//build\libdaisy.a(stm32h7xx_hal_tim_ex.o)
                0x2400e4f8                HAL_TIMEx_Break2Callback
 .text.FMC_SDRAM_Init
                0x2400e4fc       0x7c ../../libDaisy//build\libdaisy.a(stm32h7xx_ll_fmc.o)
                0x2400e4fc                FMC_SDRAM_Init
 .text.FMC_SDRAM_Timing_Init
                0x2400e578       0x98 ../../libDaisy//build\libdaisy.a(stm32h7xx_ll_fmc.o)
                0x2400e578                FMC_SDRAM_Timing_Init
 .text.FMC_SDRAM_SendCommand
                0x2400e610       0x30 ../../libDaisy//build\libdaisy.a(stm32h7xx_ll_fmc.o)
                0x2400e610                FMC_SDRAM_SendCommand
 .text.FMC_SDRAM_ProgramRefreshRate
                0x2400e640       0x1c ../../libDaisy//build\libdaisy.a(stm32h7xx_ll_fmc.o)
                0x2400e640                FMC_SDRAM_ProgramRefreshRate
 .text.USB_SetTurnaroundTime
                0x2400e65c       0xf4 ../../libDaisy//build\libdaisy.a(stm32h7xx_ll_usb.o)
                0x2400e65c                USB_SetTurnaroundTime
 .text.USB_FlushTxFifo
                0x2400e750       0x54 ../../libDaisy//build\libdaisy.a(stm32h7xx_ll_usb.o)
                0x2400e750                USB_FlushTxFifo
 .text.USB_FlushRxFifo
                0x2400e7a4       0x50 ../../libDaisy//build\libdaisy.a(stm32h7xx_ll_usb.o)
                0x2400e7a4                USB_FlushRxFifo
 .text.USB_GetDevSpeed
                0x2400e7f4       0x18 ../../libDaisy//build\libdaisy.a(stm32h7xx_ll_usb.o)
                0x2400e7f4                USB_GetDevSpeed
 .text.USB_ActivateEndpoint
                0x2400e80c       0x90 ../../libDaisy//build\libdaisy.a(stm32h7xx_ll_usb.o)
                0x2400e80c                USB_ActivateEndpoint
 .text.USB_EPStartXfer
                0x2400e89c      0x288 ../../libDaisy//build\libdaisy.a(stm32h7xx_ll_usb.o)
                0x2400e89c                USB_EPStartXfer
 .text.USB_EPStopXfer
                0x2400eb24       0x88 ../../libDaisy//build\libdaisy.a(stm32h7xx_ll_usb.o)
                0x2400eb24                USB_EPStopXfer
 .text.USB_WritePacket
                0x2400ebac       0x2c ../../libDaisy//build\libdaisy.a(stm32h7xx_ll_usb.o)
                0x2400ebac                USB_WritePacket
 .text.USB_ReadPacket
                0x2400ebd8       0x4c ../../libDaisy//build\libdaisy.a(stm32h7xx_ll_usb.o)
                0x2400ebd8                USB_ReadPacket
 .text.USB_EPSetStall
                0x2400ec24       0x68 ../../libDaisy//build\libdaisy.a(stm32h7xx_ll_usb.o)
                0x2400ec24                USB_EPSetStall
 .text.USB_EPClearStall
                0x2400ec8c       0x58 ../../libDaisy//build\libdaisy.a(stm32h7xx_ll_usb.o)
                0x2400ec8c                USB_EPClearStall
 .text.USB_SetDevAddress
                0x2400ece4       0x24 ../../libDaisy//build\libdaisy.a(stm32h7xx_ll_usb.o)
                0x2400ece4                USB_SetDevAddress
 .text.USB_ReadInterrupts
                0x2400ed08        0x8 ../../libDaisy//build\libdaisy.a(stm32h7xx_ll_usb.o)
                0x2400ed08                USB_ReadInterrupts
 .text.USB_ReadChInterrupts
                0x2400ed10       0x10 ../../libDaisy//build\libdaisy.a(stm32h7xx_ll_usb.o)
                0x2400ed10                USB_ReadChInterrupts
 .text.USB_ReadDevAllOutEpInterrupt
                0x2400ed20       0x10 ../../libDaisy//build\libdaisy.a(stm32h7xx_ll_usb.o)
                0x2400ed20                USB_ReadDevAllOutEpInterrupt
 .text.USB_ReadDevAllInEpInterrupt
                0x2400ed30       0x10 ../../libDaisy//build\libdaisy.a(stm32h7xx_ll_usb.o)
                0x2400ed30                USB_ReadDevAllInEpInterrupt
 .text.USB_ReadDevOutEPInterrupt
                0x2400ed40       0x14 ../../libDaisy//build\libdaisy.a(stm32h7xx_ll_usb.o)
                0x2400ed40                USB_ReadDevOutEPInterrupt
 .text.USB_ReadDevInEPInterrupt
                0x2400ed54       0x20 ../../libDaisy//build\libdaisy.a(stm32h7xx_ll_usb.o)
                0x2400ed54                USB_ReadDevInEPInterrupt
 .text.USB_GetMode
                0x2400ed74        0x8 ../../libDaisy//build\libdaisy.a(stm32h7xx_ll_usb.o)
                0x2400ed74                USB_GetMode
 .text.USB_ActivateSetup
                0x2400ed7c       0x2c ../../libDaisy//build\libdaisy.a(stm32h7xx_ll_usb.o)
                0x2400ed7c                USB_ActivateSetup
 .text.USB_EP0_OutStart
                0x2400eda8       0x58 ../../libDaisy//build\libdaisy.a(stm32h7xx_ll_usb.o)
                0x2400eda8                USB_EP0_OutStart
 .text.USB_InitFSLSPClkSel
                0x2400ee00       0x44 ../../libDaisy//build\libdaisy.a(stm32h7xx_ll_usb.o)
                0x2400ee00                USB_InitFSLSPClkSel
 .text.USB_HC_ReadInterrupt
                0x2400ee44        0x8 ../../libDaisy//build\libdaisy.a(stm32h7xx_ll_usb.o)
                0x2400ee44                USB_HC_ReadInterrupt
 .text.USB_HC_Halt
                0x2400ee4c       0xe4 ../../libDaisy//build\libdaisy.a(stm32h7xx_ll_usb.o)
                0x2400ee4c                USB_HC_Halt
 .text.USB_StopHost
                0x2400ef30      0x1e4 ../../libDaisy//build\libdaisy.a(stm32h7xx_ll_usb.o)
                0x2400ef30                USB_StopHost
 .text.USBD_SetClassConfig
                0x2400f114       0x10 ../../libDaisy//build\libdaisy.a(usbd_core.o)
                0x2400f114                USBD_SetClassConfig
 .text.USBD_ClrClassConfig
                0x2400f124       0x14 ../../libDaisy//build\libdaisy.a(usbd_core.o)
                0x2400f124                USBD_ClrClassConfig
 .text.USBD_LL_SetupStage
                0x2400f138       0x60 ../../libDaisy//build\libdaisy.a(usbd_core.o)
                0x2400f138                USBD_LL_SetupStage
 .text.USBD_LL_DataOutStage
                0x2400f198       0x74 ../../libDaisy//build\libdaisy.a(usbd_core.o)
                0x2400f198                USBD_LL_DataOutStage
 .text.USBD_LL_DataInStage
                0x2400f20c       0xc0 ../../libDaisy//build\libdaisy.a(usbd_core.o)
                0x2400f20c                USBD_LL_DataInStage
 .text.USBD_LL_Reset
                0x2400f2cc       0x5c ../../libDaisy//build\libdaisy.a(usbd_core.o)
                0x2400f2cc                USBD_LL_Reset
 .text.USBD_LL_SetSpeed
                0x2400f328        0x8 ../../libDaisy//build\libdaisy.a(usbd_core.o)
                0x2400f328                USBD_LL_SetSpeed
 .text.USBD_LL_Suspend
                0x2400f330       0x20 ../../libDaisy//build\libdaisy.a(usbd_core.o)
                0x2400f330                USBD_LL_Suspend
 .text.USBD_LL_Resume
                0x2400f350       0x18 ../../libDaisy//build\libdaisy.a(usbd_core.o)
                0x2400f350                USBD_LL_Resume
 .text.USBD_LL_SOF
                0x2400f368       0x20 ../../libDaisy//build\libdaisy.a(usbd_core.o)
                0x2400f368                USBD_LL_SOF
 .text.USBD_LL_IsoINIncomplete
                0x2400f388       0x2c ../../libDaisy//build\libdaisy.a(usbd_core.o)
                0x2400f388                USBD_LL_IsoINIncomplete
 .text.USBD_LL_IsoOUTIncomplete
                0x2400f3b4       0x2c ../../libDaisy//build\libdaisy.a(usbd_core.o)
                0x2400f3b4                USBD_LL_IsoOUTIncomplete
 .text.USBD_LL_DevConnected
                0x2400f3e0        0x4 ../../libDaisy//build\libdaisy.a(usbd_core.o)
                0x2400f3e0                USBD_LL_DevConnected
 .text.USBD_LL_DevDisconnected
                0x2400f3e4       0x24 ../../libDaisy//build\libdaisy.a(usbd_core.o)
                0x2400f3e4                USBD_LL_DevDisconnected
 .text.USBD_CoreFindIF
                0x2400f408        0x4 ../../libDaisy//build\libdaisy.a(usbd_core.o)
                0x2400f408                USBD_CoreFindIF
 .text.USBD_CoreFindEP
                0x2400f40c        0x4 ../../libDaisy//build\libdaisy.a(usbd_core.o)
                0x2400f40c                USBD_CoreFindEP
 .text.USBD_StdDevReq
                0x2400f410      0x360 ../../libDaisy//build\libdaisy.a(usbd_ctlreq.o)
                0x2400f410                USBD_StdDevReq
 .text.USBD_StdItfReq
                0x2400f770       0x84 ../../libDaisy//build\libdaisy.a(usbd_ctlreq.o)
                0x2400f770                USBD_StdItfReq
 .text.USBD_StdEPReq
                0x2400f7f4      0x160 ../../libDaisy//build\libdaisy.a(usbd_ctlreq.o)
                0x2400f7f4                USBD_StdEPReq
 .text.USBD_ParseSetupRequest
                0x2400f954       0x18 ../../libDaisy//build\libdaisy.a(usbd_ctlreq.o)
                0x2400f954                USBD_ParseSetupRequest
 .text.USBD_CtlSendData
                0x2400f96c       0x1c ../../libDaisy//build\libdaisy.a(usbd_ioreq.o)
                0x2400f96c                USBD_CtlSendData
 .text.USBD_CtlContinueSendData
                0x2400f988       0x14 ../../libDaisy//build\libdaisy.a(usbd_ioreq.o)
                0x2400f988                USBD_CtlContinueSendData
 .text.USBD_CtlContinueRx
                0x2400f99c       0x14 ../../libDaisy//build\libdaisy.a(usbd_ioreq.o)
                0x2400f99c                USBD_CtlContinueRx
 .text.USBD_CtlSendStatus
                0x2400f9b0       0x18 ../../libDaisy//build\libdaisy.a(usbd_ioreq.o)
                0x2400f9b0                USBD_CtlSendStatus
 .text.USBD_CtlReceiveStatus
                0x2400f9c8       0x18 ../../libDaisy//build\libdaisy.a(usbd_ioreq.o)
                0x2400f9c8                USBD_CtlReceiveStatus
 .text.USBH_LL_IncTimer
                0x2400f9e0       0x20 ../../libDaisy//build\libdaisy.a(usbh_core.o)
                0x2400f9e0                USBH_LL_IncTimer
 .text.USBH_LL_PortEnabled
                0x2400fa00        0x8 ../../libDaisy//build\libdaisy.a(usbh_core.o)
                0x2400fa00                USBH_LL_PortEnabled
 .text.USBH_LL_PortDisabled
                0x2400fa08        0x8 ../../libDaisy//build\libdaisy.a(usbh_core.o)
                0x2400fa08                USBH_LL_PortDisabled
 .text.USBH_LL_Connect
                0x2400fa10       0x18 ../../libDaisy//build\libdaisy.a(usbh_core.o)
                0x2400fa10                USBH_LL_Connect
 .text.USBH_LL_Disconnect
                0x2400fa28       0x2c ../../libDaisy//build\libdaisy.a(usbh_core.o)
                0x2400fa28                USBH_LL_Disconnect
 .text.USBH_FreePipe
                0x2400fa54       0x18 ../../libDaisy//build\libdaisy.a(usbh_pipes.o)
                0x2400fa54                USBH_FreePipe
 .text._ZN5daisy6Random4InitEv
                0x2400fa6c       0x3c ../../libDaisy//build\libdaisy.a(rng.o)
                0x2400fa6c                daisy::Random::Init()
 .text._ZN5daisy9SpiHandle4Impl7InitDmaEv
                0x2400faa8       0xec ../../libDaisy//build\libdaisy.a(spi.o)
                0x2400faa8                daisy::SpiHandle::Impl::InitDma()
 .text._ZN5daisy9SpiHandle4Impl10StartDmaTxEPhjPFvPvEPFvS3_NS0_6ResultEES3_
                0x2400fb94       0xc8 ../../libDaisy//build\libdaisy.a(spi.o)
                0x2400fb94                daisy::SpiHandle::Impl::StartDmaTx(unsigned char*, unsigned int, void (*)(void*), void (*)(void*, daisy::SpiHandle::Result), void*)
 .text._ZN5daisy9SpiHandle4Impl10StartDmaRxEPhjPFvPvEPFvS3_NS0_6ResultEES3_
                0x2400fc5c       0xc8 ../../libDaisy//build\libdaisy.a(spi.o)
                0x2400fc5c                daisy::SpiHandle::Impl::StartDmaRx(unsigned char*, unsigned int, void (*)(void*), void (*)(void*, daisy::SpiHandle::Result), void*)
 .text._ZN5daisy9SpiHandle4Impl12StartDmaRxTxEPhS2_jPFvPvEPFvS3_NS0_6ResultEES3_
                0x2400fd24       0xcc ../../libDaisy//build\libdaisy.a(spi.o)
                0x2400fd24                daisy::SpiHandle::Impl::StartDmaRxTx(unsigned char*, unsigned char*, unsigned int, void (*)(void*), void (*)(void*, daisy::SpiHandle::Result), void*)
 .text._ZN5daisy9SpiHandle4Impl8InitPinsEv
                0x2400fdf0      0x25c ../../libDaisy//build\libdaisy.a(spi.o)
                0x2400fdf0                daisy::SpiHandle::Impl::InitPins()
 .text.HAL_SPI_MspInit
                0x2401004c      0x6e8 ../../libDaisy//build\libdaisy.a(spi.o)
                0x2401004c                HAL_SPI_MspInit
 .text.dsy_spi_global_init
                0x24010734       0x80 ../../libDaisy//build\libdaisy.a(spi.o)
                0x24010734                dsy_spi_global_init
 .text.SPI1_IRQHandler
                0x240107b4        0xc ../../libDaisy//build\libdaisy.a(spi.o)
                0x240107b4                SPI1_IRQHandler
 .text.SPI2_IRQHandler
                0x240107c0        0xc ../../libDaisy//build\libdaisy.a(spi.o)
                0x240107c0                SPI2_IRQHandler
 .text.SPI3_IRQHandler
                0x240107cc        0xc ../../libDaisy//build\libdaisy.a(spi.o)
                0x240107cc                SPI3_IRQHandler
 .text.SPI4_IRQHandler
                0x240107d8        0xc ../../libDaisy//build\libdaisy.a(spi.o)
                0x240107d8                SPI4_IRQHandler
 .text.SPI5_IRQHandler
                0x240107e4        0xc ../../libDaisy//build\libdaisy.a(spi.o)
                0x240107e4                SPI5_IRQHandler
 .text.DMA2_Stream2_IRQHandler
                0x240107f0       0x34 ../../libDaisy//build\libdaisy.a(spi.o)
                0x240107f0                DMA2_Stream2_IRQHandler
 .text.DMA2_Stream3_IRQHandler
                0x24010824       0x38 ../../libDaisy//build\libdaisy.a(spi.o)
                0x24010824                DMA2_Stream3_IRQHandler
 .text.HAL_SPI_TxCpltCallback
                0x2401085c       0xc4 ../../libDaisy//build\libdaisy.a(spi.o)
                0x2401085c                HAL_SPI_TxCpltCallback
 .text.HAL_SPI_RxCpltCallback
                0x24010920       0xc4 ../../libDaisy//build\libdaisy.a(spi.o)
                0x24010920                HAL_SPI_RxCpltCallback
 .text.HAL_SPI_TxRxCpltCallback
                0x240109e4       0xc4 ../../libDaisy//build\libdaisy.a(spi.o)
                0x240109e4                HAL_SPI_TxRxCpltCallback
 .text.HAL_SPI_ErrorCallback
                0x24010aa8       0xc8 ../../libDaisy//build\libdaisy.a(spi.o)
                0x24010aa8                HAL_SPI_ErrorCallback
 .text.startup._GLOBAL__sub_I__Z19MapInstanceToHandleP11SPI_TypeDef
                0x24010b70      0x1d8 ../../libDaisy//build\libdaisy.a(spi.o)
 .text.HAL_TIM_Base_MspInit
                0x24010d48      0x1e0 ../../libDaisy//build\libdaisy.a(tim.o)
                0x24010d48                HAL_TIM_Base_MspInit
 .text.HAL_TIM_PeriodElapsedCallback
                0x24010f28       0x44 ../../libDaisy//build\libdaisy.a(tim.o)
                0x24010f28                HAL_TIM_PeriodElapsedCallback
 .text.TIM2_IRQHandler
                0x24010f6c        0xc ../../libDaisy//build\libdaisy.a(tim.o)
                0x24010f6c                TIM2_IRQHandler
 .text.TIM3_IRQHandler
                0x24010f78        0xc ../../libDaisy//build\libdaisy.a(tim.o)
                0x24010f78                TIM3_IRQHandler
 .text.TIM4_IRQHandler
                0x24010f84        0xc ../../libDaisy//build\libdaisy.a(tim.o)
                0x24010f84                TIM4_IRQHandler
 .text.TIM5_IRQHandler
                0x24010f90        0xc ../../libDaisy//build\libdaisy.a(tim.o)
                0x24010f90                TIM5_IRQHandler
 .text._ZN5daisy11TimerHandle4InitERKNS0_6ConfigE
                0x24010f9c       0xd0 ../../libDaisy//build\libdaisy.a(tim.o)
                0x24010f9c                daisy::TimerHandle::Init(daisy::TimerHandle::Config const&)
 .text._ZN5daisy11TimerHandle5StartEv
                0x2401106c       0x24 ../../libDaisy//build\libdaisy.a(tim.o)
                0x2401106c                daisy::TimerHandle::Start()
 .text.startup._GLOBAL__sub_I__ZN5daisy11TimerHandle4Impl4InitERKNS0_6ConfigE
                0x24011090       0x38 ../../libDaisy//build\libdaisy.a(tim.o)
 .text._ZL20UART_CheckRxListenerPN5daisy11UartHandler4ImplE
                0x240110c8       0x84 ../../libDaisy//build\libdaisy.a(uart.o)
 .text._ZN5daisy11UartHandler4Impl10StartDmaTxEPhjPFvPvEPFvS3_NS0_6ResultEES3_
                0x2401114c      0x184 ../../libDaisy//build\libdaisy.a(uart.o)
                0x2401114c                daisy::UartHandler::Impl::StartDmaTx(unsigned char*, unsigned int, void (*)(void*), void (*)(void*, daisy::UartHandler::Result), void*)
 .text._ZN5daisy11UartHandler4Impl10StartDmaRxEPhjPFvPvEPFvS3_NS0_6ResultEES3_
                0x240112d0      0x184 ../../libDaisy//build\libdaisy.a(uart.o)
                0x240112d0                daisy::UartHandler::Impl::StartDmaRx(unsigned char*, unsigned int, void (*)(void*), void (*)(void*, daisy::UartHandler::Result), void*)
 .text._ZN5daisy11UartHandler4Impl19DmaTransferFinishedEP20__UART_HandleTypeDefNS0_6ResultE
                0x24011454       0xc0 ../../libDaisy//build\libdaisy.a(uart.o)
                0x24011454                daisy::UartHandler::Impl::DmaTransferFinished(__UART_HandleTypeDef*, daisy::UartHandler::Result)
 .text._ZN5daisy11UartHandler4Impl8InitPinsEv
                0x24011514      0x148 ../../libDaisy//build\libdaisy.a(uart.o)
                0x24011514                daisy::UartHandler::Impl::InitPins()
 .text.HAL_UART_MspInit
                0x2401165c      0x4b4 ../../libDaisy//build\libdaisy.a(uart.o)
                0x2401165c                HAL_UART_MspInit
 .text.dsy_uart_global_init
                0x24011b10      0x110 ../../libDaisy//build\libdaisy.a(uart.o)
                0x24011b10                dsy_uart_global_init
 .text.USART1_IRQHandler
                0x24011c20       0x2c ../../libDaisy//build\libdaisy.a(uart.o)
                0x24011c20                USART1_IRQHandler
 .text.USART2_IRQHandler
                0x24011c4c       0x34 ../../libDaisy//build\libdaisy.a(uart.o)
                0x24011c4c                USART2_IRQHandler
 .text.USART3_IRQHandler
                0x24011c80       0x34 ../../libDaisy//build\libdaisy.a(uart.o)
                0x24011c80                USART3_IRQHandler
 .text.UART4_IRQHandler
                0x24011cb4       0x34 ../../libDaisy//build\libdaisy.a(uart.o)
                0x24011cb4                UART4_IRQHandler
 .text.UART5_IRQHandler
                0x24011ce8       0x34 ../../libDaisy//build\libdaisy.a(uart.o)
                0x24011ce8                UART5_IRQHandler
 .text.USART6_IRQHandler
                0x24011d1c       0x34 ../../libDaisy//build\libdaisy.a(uart.o)
                0x24011d1c                USART6_IRQHandler
 .text.UART7_IRQHandler
                0x24011d50       0x34 ../../libDaisy//build\libdaisy.a(uart.o)
                0x24011d50                UART7_IRQHandler
 .text.UART8_IRQHandler
                0x24011d84       0x34 ../../libDaisy//build\libdaisy.a(uart.o)
                0x24011d84                UART8_IRQHandler
 .text.LPUART1_IRQHandler
                0x24011db8       0x34 ../../libDaisy//build\libdaisy.a(uart.o)
                0x24011db8                LPUART1_IRQHandler
 .text.DMA1_Stream5_IRQHandler
                0x24011dec       0x34 ../../libDaisy//build\libdaisy.a(uart.o)
                0x24011dec                DMA1_Stream5_IRQHandler
 .text.DMA2_Stream4_IRQHandler
                0x24011e20       0x38 ../../libDaisy//build\libdaisy.a(uart.o)
                0x24011e20                DMA2_Stream4_IRQHandler
 .text.HAL_UART_TxCpltCallback
                0x24011e58        0x8 ../../libDaisy//build\libdaisy.a(uart.o)
                0x24011e58                HAL_UART_TxCpltCallback
 .text.HAL_UART_RxCpltCallback
                0x24011e60       0x94 ../../libDaisy//build\libdaisy.a(uart.o)
                0x24011e60                HAL_UART_RxCpltCallback
 .text.HAL_UART_RxHalfCpltCallback
                0x24011ef4       0x90 ../../libDaisy//build\libdaisy.a(uart.o)
                0x24011ef4                HAL_UART_RxHalfCpltCallback
 .text.HAL_UART_ErrorCallback
                0x24011f84       0x94 ../../libDaisy//build\libdaisy.a(uart.o)
                0x24011f84                HAL_UART_ErrorCallback
 .text.startup._GLOBAL__sub_I__Z19MapInstanceToHandleP13USART_TypeDef
                0x24012018      0x1b0 ../../libDaisy//build\libdaisy.a(uart.o)
 .text.dsy_dma_init
                0x240121c8      0x100 ../../libDaisy//build\libdaisy.a(dma.o)
                0x240121c8                dsy_dma_init
 .text.dsy_dma_invalidate_cache_for_buffer
                0x240122c8       0x2c ../../libDaisy//build\libdaisy.a(dma.o)
                0x240122c8                dsy_dma_invalidate_cache_for_buffer
 .text.HAL_MDMA_Abort_IT
                0x240122f4       0x2c ../../libDaisy//build\libdaisy.a(stm32h7xx_hal_mdma.o)
                0x240122f4                HAL_MDMA_Abort_IT
 .text.SPI_CloseTransfer
                0x24012320       0xb8 ../../libDaisy//build\libdaisy.a(stm32h7xx_hal_spi.o)
 .text.HAL_SPI_Init
                0x240123d8      0x1a8 ../../libDaisy//build\libdaisy.a(stm32h7xx_hal_spi.o)
                0x240123d8                HAL_SPI_Init
 .text.HAL_SPI_Transmit_DMA
                0x24012580      0x180 ../../libDaisy//build\libdaisy.a(stm32h7xx_hal_spi.o)
                0x24012580                HAL_SPI_Transmit_DMA
 .text.HAL_SPI_Receive_DMA
                0x24012700      0x194 ../../libDaisy//build\libdaisy.a(stm32h7xx_hal_spi.o)
                0x24012700                HAL_SPI_Receive_DMA
 .text.HAL_SPI_TransmitReceive_DMA
                0x24012894      0x214 ../../libDaisy//build\libdaisy.a(stm32h7xx_hal_spi.o)
                0x24012894                HAL_SPI_TransmitReceive_DMA
 .text.SPI_DMATransmitCplt
                0x24012aa8       0x28 ../../libDaisy//build\libdaisy.a(stm32h7xx_hal_spi.o)
 .text.SPI_DMAReceiveCplt
                0x24012ad0       0x28 ../../libDaisy//build\libdaisy.a(stm32h7xx_hal_spi.o)
 .text.SPI_DMATransmitReceiveCplt
                0x24012af8       0x28 ../../libDaisy//build\libdaisy.a(stm32h7xx_hal_spi.o)
 .text.HAL_SPI_TxHalfCpltCallback
                0x24012b20        0x4 ../../libDaisy//build\libdaisy.a(stm32h7xx_hal_spi.o)
                0x24012b20                HAL_SPI_TxHalfCpltCallback
 .text.SPI_DMAHalfTransmitCplt
                0x24012b24        0xc ../../libDaisy//build\libdaisy.a(stm32h7xx_hal_spi.o)
 .text.HAL_SPI_RxHalfCpltCallback
                0x24012b30        0x4 ../../libDaisy//build\libdaisy.a(stm32h7xx_hal_spi.o)
                0x24012b30                HAL_SPI_RxHalfCpltCallback
 .text.SPI_DMAHalfReceiveCplt
                0x24012b34        0xc ../../libDaisy//build\libdaisy.a(stm32h7xx_hal_spi.o)
 .text.HAL_SPI_TxRxHalfCpltCallback
                0x24012b40        0x4 ../../libDaisy//build\libdaisy.a(stm32h7xx_hal_spi.o)
                0x24012b40                HAL_SPI_TxRxHalfCpltCallback
 .text.SPI_DMAHalfTransmitReceiveCplt
                0x24012b44        0xc ../../libDaisy//build\libdaisy.a(stm32h7xx_hal_spi.o)
 .text.SPI_DMAError
                0x24012b50       0xd8 ../../libDaisy//build\libdaisy.a(stm32h7xx_hal_spi.o)
 .text.SPI_DMAAbortOnError
                0x24012c28       0x1c ../../libDaisy//build\libdaisy.a(stm32h7xx_hal_spi.o)
 .text.HAL_SPI_SuspendCallback
                0x24012c44        0x4 ../../libDaisy//build\libdaisy.a(stm32h7xx_hal_spi.o)
                0x24012c44                HAL_SPI_SuspendCallback
 .text.HAL_SPI_IRQHandler
                0x24012c48      0x214 ../../libDaisy//build\libdaisy.a(stm32h7xx_hal_spi.o)
                0x24012c48                HAL_SPI_IRQHandler
 .text.HAL_SPI_GetState
                0x24012e5c        0x8 ../../libDaisy//build\libdaisy.a(stm32h7xx_hal_spi.o)
                0x24012e5c                HAL_SPI_GetState
 .text.HAL_UART_Transmit_DMA
                0x24012e64       0x8c ../../libDaisy//build\libdaisy.a(stm32h7xx_hal_uart.o)
                0x24012e64                HAL_UART_Transmit_DMA
 .text.UART_DMATransmitCplt
                0x24012ef0       0x44 ../../libDaisy//build\libdaisy.a(stm32h7xx_hal_uart.o)
 .text.HAL_UART_TxHalfCpltCallback
                0x24012f34        0x4 ../../libDaisy//build\libdaisy.a(stm32h7xx_hal_uart.o)
                0x24012f34                HAL_UART_TxHalfCpltCallback
 .text.UART_DMATxHalfCplt
                0x24012f38        0xc ../../libDaisy//build\libdaisy.a(stm32h7xx_hal_uart.o)
 .text.UART_DMAError
                0x24012f44       0xd4 ../../libDaisy//build\libdaisy.a(stm32h7xx_hal_uart.o)
 .text.UART_DMAAbortOnError
                0x24013018       0x14 ../../libDaisy//build\libdaisy.a(stm32h7xx_hal_uart.o)
 .text.HAL_UARTEx_RxEventCallback
                0x2401302c        0x4 ../../libDaisy//build\libdaisy.a(stm32h7xx_hal_uart.o)
                0x2401302c                HAL_UARTEx_RxEventCallback
 .text.HAL_UART_IRQHandler
                0x24013030      0x380 ../../libDaisy//build\libdaisy.a(stm32h7xx_hal_uart.o)
                0x24013030                HAL_UART_IRQHandler
 .text.UART_DMARxHalfCplt
                0x240133b0       0x20 ../../libDaisy//build\libdaisy.a(stm32h7xx_hal_uart.o)
 .text.UART_DMAReceiveCplt
                0x240133d0       0x9c ../../libDaisy//build\libdaisy.a(stm32h7xx_hal_uart.o)
 .text.HAL_UART_GetState
                0x2401346c        0xc ../../libDaisy//build\libdaisy.a(stm32h7xx_hal_uart.o)
                0x2401346c                HAL_UART_GetState
 .text.UART_SetConfig
                0x24013478      0x534 ../../libDaisy//build\libdaisy.a(stm32h7xx_hal_uart.o)
                0x24013478                UART_SetConfig
 .text.UART_AdvFeatureConfig
                0x240139ac       0xb0 ../../libDaisy//build\libdaisy.a(stm32h7xx_hal_uart.o)
                0x240139ac                UART_AdvFeatureConfig
 .text.UART_CheckIdleState
                0x24013a5c      0x260 ../../libDaisy//build\libdaisy.a(stm32h7xx_hal_uart.o)
                0x24013a5c                UART_CheckIdleState
 .text.HAL_UART_Init
                0x24013cbc       0x68 ../../libDaisy//build\libdaisy.a(stm32h7xx_hal_uart.o)
                0x24013cbc                HAL_UART_Init
 .text.UART_Start_Receive_DMA
                0x24013d24       0xa4 ../../libDaisy//build\libdaisy.a(stm32h7xx_hal_uart.o)
                0x24013d24                UART_Start_Receive_DMA
 .text.HAL_UART_Receive_DMA
                0x24013dc8       0x48 ../../libDaisy//build\libdaisy.a(stm32h7xx_hal_uart.o)
                0x24013dc8                HAL_UART_Receive_DMA
 .text.HAL_UARTEx_WakeupCallback
                0x24013e10        0x4 ../../libDaisy//build\libdaisy.a(stm32h7xx_hal_uart_ex.o)
                0x24013e10                HAL_UARTEx_WakeupCallback
 .text.HAL_UARTEx_RxFifoFullCallback
                0x24013e14        0x4 ../../libDaisy//build\libdaisy.a(stm32h7xx_hal_uart_ex.o)
                0x24013e14                HAL_UARTEx_RxFifoFullCallback
 .text.HAL_UARTEx_TxFifoEmptyCallback
                0x24013e18        0x4 ../../libDaisy//build\libdaisy.a(stm32h7xx_hal_uart_ex.o)
                0x24013e18                HAL_UARTEx_TxFifoEmptyCallback
 .text.__aeabi_atexit
                0x24013e1c        0xa c:/program files/daisytoolchain/bin/../lib/gcc/arm-none-eabi/10.2.1/../../../../arm-none-eabi/lib/thumb/v7e-m+dp/hard\libstdc++_nano.a(atexit_arm.o)
                0x24013e1c                __aeabi_atexit
 *fill*         0x24013e26        0x2 
 .text.asinhf   0x24013e28       0xd0 c:/program files/daisytoolchain/bin/../lib/gcc/arm-none-eabi/10.2.1/../../../../arm-none-eabi/lib/thumb/v7e-m+dp/hard\libm.a(lib_a-sf_asinh.o)