Archive member included to satisfy reference by file (symbol)

../../libDaisy//build\libdaisy.a(daisy_patch_sm.o)
                              build/HardwareTestPlanter.o (daisy::patch_sm::DaisyPatchSM::Init())
../../libDaisy//build\libdaisy.a(codec_pcm3060.o)
                              ../../libDaisy//build\libdaisy.a(daisy_patch_sm.o) (daisy::Pcm3060::Init(daisy::I2CHandle))
../../libDaisy//build\libdaisy.a(sdram.o)
                              ../../libDaisy//build\libdaisy.a(daisy_patch_sm.o) (SdramHandle::Init())
../../libDaisy//build\libdaisy.a(audio.o)
                              ../../libDaisy//build\libdaisy.a(daisy_patch_sm.o) (daisy::AudioHandle::Init(daisy::AudioHandle::Config const&, daisy::SaiHandle))
../../libDaisy//build\libdaisy.a(ctrl.o)
                              ../../libDaisy//build\libdaisy.a(daisy_patch_sm.o) (daisy::AnalogControl::Init(unsigned short*, float, bool, bool, float))
../../libDaisy//build\libdaisy.a(gatein.o)
                              ../../libDaisy//build\libdaisy.a(daisy_patch_sm.o) (daisy::GateIn::Init(daisy::Pin, bool))
../../libDaisy//build\libdaisy.a(logger.o)
                              build/HardwareTestPlanter.o (daisy::Logger<(daisy::LoggerDestination)2>::Print(char const*, ...))
../../libDaisy//build\libdaisy.a(midi_parser.o)
                              build/HardwareTestPlanter.o (daisy::MidiParser::Parse(unsigned char, daisy::MidiEvent*))
../../libDaisy//build\libdaisy.a(switch.o)
                              build/HardwareTestPlanter.o (daisy::Switch::Init(dsy_gpio_pin, float))
../../libDaisy//build\libdaisy.a(usb.o)
                              ../../libDaisy//build\libdaisy.a(logger.o) (daisy::UsbHandle::Init(daisy::UsbHandle::UsbPeriph))
../../libDaisy//build\libdaisy.a(usb_midi.o)
                              build/HardwareTestPlanter.o (daisy::MidiUsbTransport::Init(daisy::MidiUsbTransport::Config))
../../libDaisy//build\libdaisy.a(adc.o)
                              ../../libDaisy//build\libdaisy.a(daisy_patch_sm.o) (daisy::AdcChannelConfig::InitSingle(dsy_gpio_pin, daisy::AdcChannelConfig::ConversionSpeed))
../../libDaisy//build\libdaisy.a(dac.o)
                              ../../libDaisy//build\libdaisy.a(daisy_patch_sm.o) (daisy::DacHandle::Init(daisy::DacHandle::Config const&))
../../libDaisy//build\libdaisy.a(gpio.o)
                              ../../libDaisy//build\libdaisy.a(gatein.o) (daisy::GPIO::Init(daisy::Pin, daisy::GPIO::Mode, daisy::GPIO::Pull, daisy::GPIO::Speed))
../../libDaisy//build\libdaisy.a(i2c.o)
                              ../../libDaisy//build\libdaisy.a(daisy_patch_sm.o) (daisy::I2CHandle::Init(daisy::I2CHandle::Config const&))
../../libDaisy//build\libdaisy.a(qspi.o)
                              ../../libDaisy//build\libdaisy.a(daisy_patch_sm.o) (daisy::QSPIHandle::Init(daisy::QSPIHandle::Config const&))
../../libDaisy//build\libdaisy.a(sai.o)
                              ../../libDaisy//build\libdaisy.a(daisy_patch_sm.o) (daisy::SaiHandle::Init(daisy::SaiHandle::Config const&))
../../libDaisy//build\libdaisy.a(sdmmc.o)
                              build/HardwareTestPlanter.o (daisy::SdmmcHandler::Init(daisy::SdmmcHandler::Config const&))
../../libDaisy//build\libdaisy.a(fatfs.o)
                              build/HardwareTestPlanter.o (daisy::FatFSInterface::Init(unsigned char))
../../libDaisy//build\libdaisy.a(system.o)
                              build/HardwareTestPlanter.o (daisy::System::GetNow())
../../libDaisy//build\libdaisy.a(usbd_cdc_if.o)
                              ../../libDaisy//build\libdaisy.a(usb.o) (CDC_Transmit_FS)
../../libDaisy//build\libdaisy.a(usbd_conf.o)
                              ../../libDaisy//build\libdaisy.a(system.o) (hpcd_USB_OTG_HS)
../../libDaisy//build\libdaisy.a(usbd_desc.o)
                              ../../libDaisy//build\libdaisy.a(usb.o) (HS_Desc)
../../libDaisy//build\libdaisy.a(usbh_conf.o)
                              ../../libDaisy//build\libdaisy.a(system.o) (hhcd_USB_OTG_HS)
../../libDaisy//build\libdaisy.a(hal_map.o)
                              ../../libDaisy//build\libdaisy.a(gpio.o) (dsy_hal_map_get_port)
../../libDaisy//build\libdaisy.a(sd_diskio.o)
                              ../../libDaisy//build\libdaisy.a(fatfs.o) (SD_Driver)
../../libDaisy//build\libdaisy.a(usbh_diskio.o)
                              ../../libDaisy//build\libdaisy.a(fatfs.o) (USBH_Driver)
../../libDaisy//build\libdaisy.a(stm32h7xx_hal.o)
                              ../../libDaisy//build\libdaisy.a(system.o) (HAL_Init)
../../libDaisy//build\libdaisy.a(stm32h7xx_hal_adc.o)
                              ../../libDaisy//build\libdaisy.a(adc.o) (HAL_ADC_ConfigChannel)
../../libDaisy//build\libdaisy.a(stm32h7xx_hal_adc_ex.o)
                              ../../libDaisy//build\libdaisy.a(adc.o) (HAL_ADCEx_Calibration_Start)
../../libDaisy//build\libdaisy.a(stm32h7xx_hal_cortex.o)
[...]
Memory Configuration

Name             Origin             Length             Attributes
FLASH            0x08000000         0x00020000         xr
DTCMRAM          0x20000000         0x00020000         xrw
SRAM             0x24000000         0x00078000         xrw
RAM_D2_DMA       0x30000000         0x00008000         xrw
RAM_D2           0x30008000         0x00040000         xrw
RAM_D3           0x38000000         0x00010000         xrw
BACKUP_SRAM      0x38800000         0x00001000         xrw
ITCMRAM          0x00000000         0x00010000         xrw
SDRAM            0xc0000000         0x04000000         xrw
QSPIFLASH        0x90040000         0x007c0000         xr
*default*        0x00000000         0xffffffff

Linker script and memory map

LOAD c:/program files/daisytoolchain/bin/../lib/gcc/arm-none-eabi/10.2.1/thumb/v7e-m+dp/hard/crti.o
LOAD c:/program files/daisytoolchain/bin/../lib/gcc/arm-none-eabi/10.2.1/thumb/v7e-m+dp/hard/crtbegin.o
LOAD c:/program files/daisytoolchain/bin/../lib/gcc/arm-none-eabi/10.2.1/../../../../arm-none-eabi/lib/thumb/v7e-m+dp/hard/crt0.o
LOAD build/startup_stm32h750xx.o
LOAD build/diskio.o
LOAD build/ff.o
LOAD build/ff_gen_drv.o
LOAD build/ccsbcs.o
LOAD build/HardwareTestPlanter.o
LOAD build/planter.o
LOAD ../../libDaisy//build\libdaisy.a
LOAD c:/program files/daisytoolchain/bin/../lib/gcc/arm-none-eabi/10.2.1/../../../../arm-none-eabi/lib/thumb/v7e-m+dp/hard\libnosys.a
LOAD ../../DaisySP//build\libdaisysp.a
LOAD c:/program files/daisytoolchain/bin/../lib/gcc/arm-none-eabi/10.2.1/../../../../arm-none-eabi/lib/thumb/v7e-m+dp/hard\libstdc++_nano.a
LOAD c:/program files/daisytoolchain/bin/../lib/gcc/arm-none-eabi/10.2.1/../../../../arm-none-eabi/lib/thumb/v7e-m+dp/hard\libm.a
LOAD c:/program files/daisytoolchain/bin/../lib/gcc/arm-none-eabi/10.2.1/../../../../arm-none-eabi/lib/thumb/v7e-m+dp/hard\libc_nano.a
START GROUP
LOAD c:/program files/daisytoolchain/bin/../lib/gcc/arm-none-eabi/10.2.1/thumb/v7e-m+dp/hard\libgcc.a
LOAD c:/program files/daisytoolchain/bin/../lib/gcc/arm-none-eabi/10.2.1/../../../../arm-none-eabi/lib/thumb/v7e-m+dp/hard\libc_nano.a
END GROUP
START GROUP
LOAD c:/program files/daisytoolchain/bin/../lib/gcc/arm-none-eabi/10.2.1/thumb/v7e-m+dp/hard\libgcc.a
LOAD c:/program files/daisytoolchain/bin/../lib/gcc/arm-none-eabi/10.2.1/../../../../arm-none-eabi/lib/thumb/v7e-m+dp/hard\libc_nano.a
LOAD c:/program files/daisytoolchain/bin/../lib/gcc/arm-none-eabi/10.2.1/../../../../arm-none-eabi/lib/thumb/v7e-m+dp/hard\libnosys.a
END GROUP
START GROUP
LOAD c:/program files/daisytoolchain/bin/../lib/gcc/arm-none-eabi/10.2.1/thumb/v7e-m+dp/hard\libgcc.a
LOAD c:/program files/daisytoolchain/bin/../lib/gcc/arm-none-eabi/10.2.1/../../../../arm-none-eabi/lib/thumb/v7e-m+dp/hard\libc_nano.a
LOAD c:/program files/daisytoolchain/bin/../lib/gcc/arm-none-eabi/10.2.1/../../../../arm-none-eabi/lib/thumb/v7e-m+dp/hard\libnosys.a
END GROUP
LOAD c:/program files/daisytoolchain/bin/../lib/gcc/arm-none-eabi/10.2.1/thumb/v7e-m+dp/hard/crtend.o
LOAD c:/program files/daisytoolchain/bin/../lib/gcc/arm-none-eabi/10.2.1/thumb/v7e-m+dp/hard/crtn.o
                0x20020000                _estack = 0x20020000

.isr_vector     0x24000000      0x298
                0x24000000                . = ALIGN (0x4)
 *(.isr_vector)
 .isr_vector    0x24000000      0x298 build/startup_stm32h750xx.o
                0x24000000                g_pfnVectors
                0x24000298                . = ALIGN (0x4)

.text           0x240002a0    0x1d378
                0x240002a0                . = ALIGN (0x4)
                0x240002a0                _stext = .
 *(.text)
 .text          0x240002a0       0x40 c:/program files/daisytoolchain/bin/../lib/gcc/arm-none-eabi/10.2.1/thumb/v7e-m+dp/hard/crtbegin.o
 .text          0x240002e0      0x6ac build/HardwareTestPlanter.o
                0x240002e0                fsi
                0x24000760                file
 *fill*         0x2400098c        0x4 
 .text          0x24000990       0xa0 c:/program files/daisytoolchain/bin/../lib/gcc/arm-none-eabi/10.2.1/../../../../arm-none-eabi/lib/thumb/v7e-m+dp/hard\libc_nano.a(lib_a-memchr.o)
                0x24000990                memchr
 .text          0x24000a30      0x378 c:/program files/daisytoolchain/bin/../lib/gcc/arm-none-eabi/10.2.1/thumb/v7e-m+dp/hard\libgcc.a(_arm_addsubdf3.o)
                0x24000a30                __aeabi_drsub
                0x24000a38                __aeabi_dsub
                0x24000a38                __subdf3
                0x24000a3c                __aeabi_dadd
                0x24000a3c                __adddf3
                0x24000cb4                __floatunsidf
                0x24000cb4                __aeabi_ui2d
                0x24000cd4                __floatsidf
                0x24000cd4                __aeabi_i2d
                0x24000cf8                __aeabi_f2d
                0x24000cf8                __extendsfdf2
                0x24000d3c                __floatundidf
                0x24000d3c                __aeabi_ul2d
                0x24000d4c                __floatdidf
                0x24000d4c                __aeabi_l2d
 .text          0x24000da8       0x30 c:/program files/daisytoolchain/bin/../lib/gcc/arm-none-eabi/10.2.1/thumb/v7e-m+dp/hard\libgcc.a(_aeabi_uldivmod.o)
                0x24000da8                __aeabi_uldivmod
 .text          0x24000dd8      0x2d0 c:/program files/daisytoolchain/bin/../lib/gcc/arm-none-eabi/10.2.1/thumb/v7e-m+dp/hard\libgcc.a(_udivmoddi4.o)
                0x24000dd8                __udivmoddi4
 .text          0x240010a8        0x4 c:/program files/daisytoolchain/bin/../lib/gcc/arm-none-eabi/10.2.1/thumb/v7e-m+dp/hard\libgcc.a(_dvmd_tls.o)
                0x240010a8                __aeabi_idiv0
                0x240010a8                __aeabi_ldiv0
 *(.text*)
 .text.Default_Handler
                0x240010ac        0x4 build/startup_stm32h750xx.o
                0x240010ac                RTC_Alarm_IRQHandler
                0x240010ac                HASH_RNG_IRQHandler
                0x240010ac                EXTI2_IRQHandler
                0x240010ac                TIM8_CC_IRQHandler
                0x240010ac                HRTIM1_Master_IRQHandler
                0x240010ac                DebugMon_Handler
                0x240010ac                TIM1_CC_IRQHandler
                0x240010ac                BDMA_Channel6_IRQHandler
                0x240010ac                DMA2_Stream5_IRQHandler
                0x240010ac                HRTIM1_FLT_IRQHandler
                0x240010ac                JPEG_IRQHandler
                0x240010ac                BDMA_Channel1_IRQHandler
                0x240010ac                HRTIM1_TIMD_IRQHandler
                0x240010ac                TAMP_STAMP_IRQHandler
                0x240010ac                PendSV_Handler
                0x240010ac                NMI_Handler
                0x240010ac                EXTI3_IRQHandler
                0x240010ac                LPTIM4_IRQHandler
                0x240010ac                TIM8_TRG_COM_TIM14_IRQHandler
                0x240010ac                LPTIM2_IRQHandler
                0x240010ac                DFSDM1_FLT1_IRQHandler
                0x240010ac                DMAMUX2_OVR_IRQHandler
                0x240010ac                TIM8_UP_TIM13_IRQHandler
                0x240010ac                I2C3_ER_IRQHandler
                0x240010ac                DFSDM1_FLT2_IRQHandler
                0x240010ac                MDMA_IRQHandler
                0x240010ac                LPTIM3_IRQHandler
                0x240010ac                HSEM1_IRQHandler
                0x240010ac                EXTI0_IRQHandler
                0x240010ac                FPU_IRQHandler
                0x240010ac                OTG_HS_WKUP_IRQHandler
                0x240010ac                FDCAN1_IT1_IRQHandler
                0x240010ac                UsageFault_Handler
                0x240010ac                LTDC_ER_IRQHandler
                0x240010ac                HRTIM1_TIME_IRQHandler
                0x240010ac                DCMI_IRQHandler
                0x240010ac                HRTIM1_TIMC_IRQHandler
                0x240010ac                SAI2_IRQHandler
                0x240010ac                DFSDM1_FLT3_IRQHandler
                0x240010ac                TIM17_IRQHandler
                0x240010ac                CRYP_IRQHandler
                0x240010ac                BDMA_Channel7_IRQHandler
                0x240010ac                LPTIM5_IRQHandler
                0x240010ac                ADC3_IRQHandler
                0x240010ac                BDMA_Channel2_IRQHandler
                0x240010ac                DMAMUX1_OVR_IRQHandler
                0x240010ac                TIM16_IRQHandler
                0x240010ac                BDMA_Channel5_IRQHandler
                0x240010ac                RCC_IRQHandler
                0x240010ac                TIM8_BRK_TIM12_IRQHandler
                0x240010ac                TIM1_TRG_COM_IRQHandler
                0x240010ac                Default_Handler
                0x240010ac                ECC_IRQHandler
                0x240010ac                CEC_IRQHandler
                0x240010ac                EXTI15_10_IRQHandler
                0x240010ac                BDMA_Channel0_IRQHandler
                0x240010ac                ADC_IRQHandler
                0x240010ac                DMA1_Stream7_IRQHandler
                0x240010ac                HRTIM1_TIMA_IRQHandler
                0x240010ac                TIM7_IRQHandler
                0x240010ac                DMA2_Stream7_IRQHandler
                0x240010ac                TIM15_IRQHandler
                0x240010ac                PVD_AVD_IRQHandler
                0x240010ac                EXTI9_5_IRQHandler
                0x240010ac                RTC_WKUP_IRQHandler
                0x240010ac                LTDC_IRQHandler
                0x240010ac                SAI3_IRQHandler
                0x240010ac                ETH_WKUP_IRQHandler
                0x240010ac                SPDIF_RX_IRQHandler
                0x240010ac                MemManage_Handler
                0x240010ac                SVC_Handler
                0x240010ac                CRS_IRQHandler
                0x240010ac                EXTI4_IRQHandler
                0x240010ac                HRTIM1_TIMB_IRQHandler
                0x240010ac                FDCAN2_IT1_IRQHandler
                0x240010ac                ETH_IRQHandler
                0x240010ac                TIM1_UP_IRQHandler
                0x240010ac                BDMA_Channel4_IRQHandler
                0x240010ac                WWDG_IRQHandler
                0x240010ac                SPI6_IRQHandler
                0x240010ac                I2C4_EV_IRQHandler
                0x240010ac                MDIOS_IRQHandler
                0x240010ac                FDCAN2_IT0_IRQHandler
                0x240010ac                FDCAN1_IT0_IRQHandler
                0x240010ac                OTG_FS_WKUP_IRQHandler
                0x240010ac                DMA2D_IRQHandler
                0x240010ac                TIM1_BRK_IRQHandler
                0x240010ac                EXTI1_IRQHandler
                0x240010ac                SDMMC2_IRQHandler
                0x240010ac                BDMA_Channel3_IRQHandler
                0x240010ac                MDIOS_WKUP_IRQHandler
                0x240010ac                DFSDM1_FLT0_IRQHandler
                0x240010ac                SAI4_IRQHandler
                0x240010ac                I2C2_ER_IRQHandler
                0x240010ac                FLASH_IRQHandler
                0x240010ac                BusFault_Handler
                0x240010ac                WAKEUP_PIN_IRQHandler
                0x240010ac                I2C1_ER_IRQHandler
                0x240010ac                FMC_IRQHandler
                0x240010ac                FDCAN_CAL_IRQHandler
                0x240010ac                SWPMI1_IRQHandler
                0x240010ac                COMP1_IRQHandler
                0x240010ac                LPTIM1_IRQHandler
                0x240010ac                I2C4_ER_IRQHandler
                0x240010ac                DMA2_Stream6_IRQHandler
                0x240010ac                SAI1_IRQHandler
 .text.Reset_Handler
                0x240010b0       0x40 build/startup_stm32h750xx.o
                0x240010b0                Reset_Handler
 .text.disk_status
                0x240010f0       0x14 build/diskio.o
                0x240010f0                disk_status
 .text.disk_initialize
                0x24001104       0x24 build/diskio.o
                0x24001104                disk_initialize
 .text.disk_read
                0x24001128       0x1c build/diskio.o
                0x24001128                disk_read
 .text.disk_write
                0x24001144       0x1c build/diskio.o
                0x24001144                disk_write
 .text.disk_ioctl
                0x24001160       0x18 build/diskio.o
                0x24001160                disk_ioctl
 .text.get_ldnumber
                0x24001178       0x54 build/ff.o
 .text.validate
                0x240011cc       0x30 build/ff.o
 .text.sync_window.part.0
                0x240011fc       0x54 build/ff.o
 .text.sync_fs  0x24001250       0xc0 build/ff.o
 .text.move_window.part.0
                0x24001310       0x30 build/ff.o
 .text.check_fs
                0x24001340       0x84 build/ff.o
 .text.find_volume
                0x240013c4      0x258 build/ff.o
 .text.put_fat.part.0
                0x2400161c      0x1c0 build/ff.o
 .text.get_fat.isra.0
                0x240017dc      0x148 build/ff.o
 .text.remove_chain.isra.0
                0x24001924       0x80 build/ff.o
 .text.create_chain.isra.0
                0x240019a4       0xbc build/ff.o
 .text.dir_next
                0x24001a60      0x148 build/ff.o
 .text.dir_sdi  0x24001ba8       0xa8 build/ff.o
 .text.dir_find
                0x24001c50      0x1ec build/ff.o
 .text.follow_path
                0x24001e3c      0x3a8 build/ff.o
 .text.dir_register
                0x240021e4      0x3e4 build/ff.o
 .text.f_mount  0x240025c8       0x58 build/ff.o
                0x240025c8                f_mount
 .text.f_open   0x24002620      0x278 build/ff.o
                0x24002620                f_open
 .text.f_read   0x24002898      0x1c4 build/ff.o
                0x24002898                f_read
 .text.f_write  0x24002a5c      0x200 build/ff.o
                0x24002a5c                f_write
 .text.f_sync   0x24002c5c       0xec build/ff.o
                0x24002c5c                f_sync
 .text.f_close  0x24002d48       0x24 build/ff.o
                0x24002d48                f_close
 .text.FATFS_LinkDriver
                0x24002d6c       0x58 build/ff_gen_drv.o
                0x24002d6c                FATFS_LinkDriver
 .text.ff_convert
                0x24002dc4       0x40 build/ccsbcs.o
                0x24002dc4                ff_convert
 .text.ff_wtoupper
                0x24002e04       0xa0 build/ccsbcs.o
                0x24002e04                ff_wtoupper
 .text._ZN5daisy8patch_sm12DaisyPatchSMD2Ev
                0x24002ea4        0x4 build/HardwareTestPlanter.o
                0x24002ea4                daisy::patch_sm::DaisyPatchSM::~DaisyPatchSM()
                0x24002ea4                daisy::patch_sm::DaisyPatchSM::~DaisyPatchSM()
 .text._ZN7daisysp10OscillatorD2Ev
                0x24002ea8        0x4 build/HardwareTestPlanter.o
                0x24002ea8                daisysp::Oscillator::~Oscillator()
                0x24002ea8                daisysp::Oscillator::~Oscillator()
 .text._ZN9anachrome7planterD2Ev
                0x24002eac        0x4 build/HardwareTestPlanter.o
                0x24002eac                anachrome::planter::~planter()
                0x24002eac                anachrome::planter::~planter()
 .text._ZN5daisy11MidiHandlerINS_16MidiUsbTransportEED2Ev
                0x24002eb0        0x4 build/HardwareTestPlanter.o
                0x24002eb0                daisy::MidiHandler<daisy::MidiUsbTransport>::~MidiHandler()
                0x24002eb0                daisy::MidiHandler<daisy::MidiUsbTransport>::~MidiHandler()
 .text._Z13AudioCallbackPKPKfPPfj
                0x24002eb4       0x84 build/HardwareTestPlanter.o
                0x24002eb4                AudioCallback(float const* const*, float**, unsigned int)
 .text._ZN5daisy11MidiHandlerINS_16MidiUsbTransportEE13ParseCallbackEPhjPv
                0x24002f38       0x74 build/HardwareTestPlanter.o
                0x24002f38                daisy::MidiHandler<daisy::MidiUsbTransport>::ParseCallback(unsigned char*, unsigned int, void*)
 .text._ZN9anachrome7planter4InitEv
                0x24002fac       0x90 build/HardwareTestPlanter.o
                0x24002fac                anachrome::planter::Init()
 *fill*         0x2400303c        0x4 
 .text.startup.main
                0x24003040      0x6b8 build/HardwareTestPlanter.o
                0x24003040                main
 .text.startup._GLOBAL__sub_I_hw
                0x240036f8       0xbc build/HardwareTestPlanter.o
 .text._ZN9anachrome7planter17WriteCvOutBipolarEif
                0x240037b4      0x104 build/planter.o
                0x240037b4                anachrome::planter::WriteCvOutBipolar(int, float)
 .text._ZN9anachrome7planter7GetCvInEi
                0x240038b8       0xb4 build/planter.o
                0x240038b8                anachrome::planter::GetCvIn(int)
 .text._ZN9anachrome7planter8InitLedsEv
                0x2400396c       0x28 build/planter.o
                0x2400396c                anachrome::planter::InitLeds()
 .text._ZN9anachrome7planter6SetLedEib
                0x24003994        0xc build/planter.o
                0x24003994                anachrome::planter::SetLed(int, bool)
 .text._ZN9anachrome7planter12GetKnobValueEi
                0x240039a0       0x68 build/planter.o
                0x240039a0                anachrome::planter::GetKnobValue(int)
 .text._ZN9anachrome7planter20BootloaderResetCheckEv
                0x24003a08       0xac build/planter.o
                0x24003a08                anachrome::planter::BootloaderResetCheck()
 .text._ZN5daisy8patch_sm12DaisyPatchSM4Impl19InternalDacCallbackEPPtj
                0x24003ab4       0xa8 ../../libDaisy//build\libdaisy.a(daisy_patch_sm.o)
                0x24003ab4                daisy::patch_sm::DaisyPatchSM::Impl::InternalDacCallback(unsigned short**, unsigned int)
 .text._ZN5daisy8patch_sm12DaisyPatchSM4InitEv
                0x24003b5c      0x29c ../../libDaisy//build\libdaisy.a(daisy_patch_sm.o)
                0x24003b5c                daisy::patch_sm::DaisyPatchSM::Init()
 .text._ZN5daisy8patch_sm12DaisyPatchSM10StartAudioEPFvPKPKfPPfjE
                0x24003df8        0x8 ../../libDaisy//build\libdaisy.a(daisy_patch_sm.o)
                0x24003df8                daisy::patch_sm::DaisyPatchSM::StartAudio(void (*)(float const* const*, float**, unsigned int))
 .text._ZN5daisy8patch_sm12DaisyPatchSM9StopAudioEv
                0x24003e00        0x8 ../../libDaisy//build\libdaisy.a(daisy_patch_sm.o)
                0x24003e00                daisy::patch_sm::DaisyPatchSM::StopAudio()
 .text._ZN5daisy8patch_sm12DaisyPatchSM17SetAudioBlockSizeEj
                0x24003e08       0x54 ../../libDaisy//build\libdaisy.a(daisy_patch_sm.o)
                0x24003e08                daisy::patch_sm::DaisyPatchSM::SetAudioBlockSize(unsigned int)
 .text._ZN5daisy8patch_sm12DaisyPatchSM15AudioSampleRateEv
                0x24003e5c        0x8 ../../libDaisy//build\libdaisy.a(daisy_patch_sm.o)
                0x24003e5c                daisy::patch_sm::DaisyPatchSM::AudioSampleRate()
 .text._ZN5daisy8patch_sm12DaisyPatchSM17AudioCallbackRateEv
                0x24003e64        0x8 ../../libDaisy//build\libdaisy.a(daisy_patch_sm.o)
                0x24003e64                daisy::patch_sm::DaisyPatchSM::AudioCallbackRate()
 .text._ZN5daisy8patch_sm12DaisyPatchSM7StopAdcEv
                0x24003e6c        0x8 ../../libDaisy//build\libdaisy.a(daisy_patch_sm.o)
                0x24003e6c                daisy::patch_sm::DaisyPatchSM::StopAdc()
 .text._ZN5daisy8patch_sm12DaisyPatchSM21ProcessAnalogControlsEv
                0x24003e74       0x18 ../../libDaisy//build\libdaisy.a(daisy_patch_sm.o)
                0x24003e74                daisy::patch_sm::DaisyPatchSM::ProcessAnalogControls()
 .text._ZN5daisy8patch_sm12DaisyPatchSM22ProcessDigitalControlsEv
                0x24003e8c        0x4 ../../libDaisy//build\libdaisy.a(daisy_patch_sm.o)
                0x24003e8c                daisy::patch_sm::DaisyPatchSM::ProcessDigitalControls()
 .text._ZN5daisy8patch_sm12DaisyPatchSM11GetAdcValueEi
                0x24003e90        0xc ../../libDaisy//build\libdaisy.a(daisy_patch_sm.o)
                0x24003e90                daisy::patch_sm::DaisyPatchSM::GetAdcValue(int)
 .text._ZN5daisy8patch_sm12DaisyPatchSM10WriteCvOutEif
                0x24003e9c       0x84 ../../libDaisy//build\libdaisy.a(daisy_patch_sm.o)
                0x24003e9c                daisy::patch_sm::DaisyPatchSM::WriteCvOut(int, float)
 .text._ZN5daisy8patch_sm12DaisyPatchSM13ValidateSDRAMEv
                0x24003f20       0x58 ../../libDaisy//build\libdaisy.a(daisy_patch_sm.o)
                0x24003f20                daisy::patch_sm::DaisyPatchSM::ValidateSDRAM()
 .text._ZN5daisy8patch_sm12DaisyPatchSM12ValidateQSPIEb
                0x24003f78       0x84 ../../libDaisy//build\libdaisy.a(daisy_patch_sm.o)
                0x24003f78                daisy::patch_sm::DaisyPatchSM::ValidateQSPI(bool)
 .text.startup._GLOBAL__sub_I__ZN5daisy8patch_sm12DaisyPatchSM2A1E
                0x24003ffc       0x28 ../../libDaisy//build\libdaisy.a(daisy_patch_sm.o)
 .text._ZN5daisy7Pcm30604InitENS_9I2CHandleE
                0x24004024      0x16c ../../libDaisy//build\libdaisy.a(codec_pcm3060.o)
                0x24004024                daisy::Pcm3060::Init(daisy::I2CHandle)
 .text._ZN11SdramHandle10DeviceInitEv
                0x24004190       0x98 ../../libDaisy//build\libdaisy.a(sdram.o)
                0x24004190                SdramHandle::DeviceInit()
 .text._ZN11SdramHandle4InitEv
                0x24004228       0x7c ../../libDaisy//build\libdaisy.a(sdram.o)
                0x24004228                SdramHandle::Init()
 .text.HAL_SDRAM_MspInit
                0x240042a4      0x1a8 ../../libDaisy//build\libdaisy.a(sdram.o)
                0x240042a4                HAL_SDRAM_MspInit
 .text._ZN5daisy11AudioHandle4Impl16InternalCallbackEPlS2_j
                0x2400444c      0xbbc ../../libDaisy//build\libdaisy.a(audio.o)
                0x2400444c                daisy::AudioHandle::Impl::InternalCallback(long*, long*, unsigned int)
 .text._ZN5daisy11AudioHandle4InitERKNS0_6ConfigENS_9SaiHandleE
                0x24005008       0x70 ../../libDaisy//build\libdaisy.a(audio.o)
                0x24005008                daisy::AudioHandle::Init(daisy::AudioHandle::Config const&, daisy::SaiHandle)
 .text._ZNK5daisy11AudioHandle9GetConfigEv
                0x24005078        0x8 ../../libDaisy//build\libdaisy.a(audio.o)
                0x24005078                daisy::AudioHandle::GetConfig() const
 .text._ZN5daisy11AudioHandle12SetBlockSizeEj
                0x24005080       0x1c ../../libDaisy//build\libdaisy.a(audio.o)
                0x24005080                daisy::AudioHandle::SetBlockSize(unsigned int)
 .text._ZN5daisy11AudioHandle13GetSampleRateEv
                0x2400509c        0x8 ../../libDaisy//build\libdaisy.a(audio.o)
                0x2400509c                daisy::AudioHandle::GetSampleRate()
 .text._ZN5daisy11AudioHandle5StartEPFvPKPKfPPfjE
                0x240050a4       0x44 ../../libDaisy//build\libdaisy.a(audio.o)
                0x240050a4                daisy::AudioHandle::Start(void (*)(float const* const*, float**, unsigned int))
 .text._ZN5daisy11AudioHandle4StopEv
                0x240050e8       0x20 ../../libDaisy//build\libdaisy.a(audio.o)
                0x240050e8                daisy::AudioHandle::Stop()
 .text.startup._GLOBAL__sub_I__ZN5daisy11AudioHandle4Impl4InitENS0_6ConfigENS_9SaiHandleE
                0x24005108       0x24 ../../libDaisy//build\libdaisy.a(audio.o)
 .text._ZN5daisy13AnalogControl4InitEPtfbbf
                0x2400512c       0x64 ../../libDaisy//build\libdaisy.a(ctrl.o)
                0x2400512c                daisy::AnalogControl::Init(unsigned short*, float, bool, bool, float)
 .text._ZN5daisy13AnalogControl13InitBipolarCvEPtf
                0x24005190       0x6c ../../libDaisy//build\libdaisy.a(ctrl.o)
                0x24005190                daisy::AnalogControl::InitBipolarCv(unsigned short*, float)
 .text._ZN5daisy13AnalogControl7ProcessEv
                0x240051fc       0x48 ../../libDaisy//build\libdaisy.a(ctrl.o)
                0x240051fc                daisy::AnalogControl::Process()
 .text._ZN5daisy13AnalogControl13SetSampleRateEf
                0x24005244       0x58 ../../libDaisy//build\libdaisy.a(ctrl.o)
                0x24005244                daisy::AnalogControl::SetSampleRate(float)
 .text._ZN5daisy6GateIn4InitENS_3PinEb
                0x2400529c       0x24 ../../libDaisy//build\libdaisy.a(gatein.o)
                0x2400529c                daisy::GateIn::Init(daisy::Pin, bool)
 .text._ZN5daisy9UsbHandleD2Ev
                0x240052c0        0x4 ../../libDaisy//build\libdaisy.a(logger.o)
                0x240052c0                daisy::UsbHandle::~UsbHandle()
                0x240052c0                daisy::UsbHandle::~UsbHandle()
 .text._ZN5daisy6LoggerILNS_17LoggerDestinationE2EE11TransmitBufEv
                0x240052c4       0x60 ../../libDaisy//build\libdaisy.a(logger.o)
                0x240052c4                daisy::Logger<(daisy::LoggerDestination)2>::TransmitBuf()
 .text._ZN5daisy6LoggerILNS_17LoggerDestinationE2EE6PrintVEPKcSt9__va_list
                0x24005324       0x2c ../../libDaisy//build\libdaisy.a(logger.o)
                0x24005324                daisy::Logger<(daisy::LoggerDestination)2>::PrintV(char const*, std::__va_list)
 .text._ZN5daisy6LoggerILNS_17LoggerDestinationE2EE5PrintEPKcz
                0x24005350       0x1c ../../libDaisy//build\libdaisy.a(logger.o)
                0x24005350                daisy::Logger<(daisy::LoggerDestination)2>::Print(char const*, ...)
 .text._ZN5daisy6LoggerILNS_17LoggerDestinationE2EE13AppendNewLineEv
                0x2400536c       0x60 ../../libDaisy//build\libdaisy.a(logger.o)
                0x2400536c                daisy::Logger<(daisy::LoggerDestination)2>::AppendNewLine()
 .text._ZN5daisy6LoggerILNS_17LoggerDestinationE2EE10PrintLineVEPKcSt9__va_list
                0x240053cc       0x30 ../../libDaisy//build\libdaisy.a(logger.o)
                0x240053cc                daisy::Logger<(daisy::LoggerDestination)2>::PrintLineV(char const*, std::__va_list)
 .text._ZN5daisy6LoggerILNS_17LoggerDestinationE2EE9PrintLineEPKcz
                0x240053fc       0x1c ../../libDaisy//build\libdaisy.a(logger.o)
                0x240053fc                daisy::Logger<(daisy::LoggerDestination)2>::PrintLine(char const*, ...)
 .text._ZN5daisy6LoggerILNS_17LoggerDestinationE2EE8StartLogEb
                0x24005418       0x40 ../../libDaisy//build\libdaisy.a(logger.o)
                0x24005418                daisy::Logger<(daisy::LoggerDestination)2>::StartLog(bool)
 .text.startup._GLOBAL__sub_I__ZN5daisy10LoggerImplILNS_17LoggerDestinationE1EE11usb_handle_E
                0x24005458       0x2c ../../libDaisy//build\libdaisy.a(logger.o)
 .text._ZN5daisy10MidiParser5ParseEhPNS_9MidiEventE
                0x24005484      0x170 ../../libDaisy//build\libdaisy.a(midi_parser.o)
                0x24005484                daisy::MidiParser::Parse(unsigned char, daisy::MidiEvent*)
 .text._ZN5daisy10MidiParser5ResetEv
                0x240055f4        0xc ../../libDaisy//build\libdaisy.a(midi_parser.o)
                0x240055f4                daisy::MidiParser::Reset()
 .text._ZN5daisy6Switch4InitE12dsy_gpio_pinf
                0x24005600       0x34 ../../libDaisy//build\libdaisy.a(switch.o)
                0x24005600                daisy::Switch::Init(dsy_gpio_pin, float)
 .text._ZN5daisy6Switch8DebounceEv
                0x24005634       0x5c ../../libDaisy//build\libdaisy.a(switch.o)
                0x24005634                daisy::Switch::Debounce()
 .text.DummyRxCallback
                0x24005690        0x4 ../../libDaisy//build\libdaisy.a(usb.o)
                0x24005690                DummyRxCallback
 .text._ZN5daisy9UsbHandle4InitENS0_9UsbPeriphE
                0x24005694      0x10c ../../libDaisy//build\libdaisy.a(usb.o)
                0x24005694                daisy::UsbHandle::Init(daisy::UsbHandle::UsbPeriph)
 .text._ZN5daisy9UsbHandle16TransmitExternalEPhj
                0x240057a0       0x14 ../../libDaisy//build\libdaisy.a(usb.o)
                0x240057a0                daisy::UsbHandle::TransmitExternal(unsigned char*, unsigned int)
 .text._ZN5daisy9UsbHandle18SetReceiveCallbackEPFvPhPmENS0_9UsbPeriphE
                0x240057b4       0x38 ../../libDaisy//build\libdaisy.a(usb.o)
                0x240057b4                daisy::UsbHandle::SetReceiveCallback(void (*)(unsigned char*, unsigned long*), daisy::UsbHandle::UsbPeriph)
 .text.OTG_FS_EP1_OUT_IRQHandler
                0x240057ec        0xc ../../libDaisy//build\libdaisy.a(usb.o)
                0x240057ec                OTG_FS_EP1_OUT_IRQHandler
 .text.OTG_FS_EP1_IN_IRQHandler
                0x240057f8        0xc ../../libDaisy//build\libdaisy.a(usb.o)
                0x240057f8                OTG_FS_EP1_IN_IRQHandler
 .text.OTG_FS_IRQHandler
                0x24005804        0xc ../../libDaisy//build\libdaisy.a(usb.o)
                0x24005804                OTG_FS_IRQHandler
 .text._ZN5daisy16MidiUsbTransport4ImplD2Ev
                0x24005810        0x4 ../../libDaisy//build\libdaisy.a(usb_midi.o)
                0x24005810                daisy::MidiUsbTransport::Impl::~Impl()
                0x24005810                daisy::MidiUsbTransport::Impl::~Impl()
 .text._ZN5daisy16MidiUsbTransport4Impl5ParseEv
                0x24005814       0x68 ../../libDaisy//build\libdaisy.a(usb_midi.o)
                0x24005814                daisy::MidiUsbTransport::Impl::Parse()
 .text._Z15ReceiveCallbackPhPm
                0x2400587c       0x9c ../../libDaisy//build\libdaisy.a(usb_midi.o)
                0x2400587c                ReceiveCallback(unsigned char*, unsigned long*)
 .text._ZN5daisy16MidiUsbTransport4InitENS0_6ConfigE
                0x24005918       0x54 ../../libDaisy//build\libdaisy.a(usb_midi.o)
                0x24005918                daisy::MidiUsbTransport::Init(daisy::MidiUsbTransport::Config)
 .text._ZN5daisy16MidiUsbTransport7StartRxEPFvPhjPvES2_
                0x2400596c       0x14 ../../libDaisy//build\libdaisy.a(usb_midi.o)
                0x2400596c                daisy::MidiUsbTransport::StartRx(void (*)(unsigned char*, unsigned int, void*), void*)
 .text._ZN5daisy16MidiUsbTransport8RxActiveEv
                0x24005980        0x8 ../../libDaisy//build\libdaisy.a(usb_midi.o)
                0x24005980                daisy::MidiUsbTransport::RxActive()
 .text._ZN5daisy16MidiUsbTransport7FlushRxEv
                0x24005988        0xc ../../libDaisy//build\libdaisy.a(usb_midi.o)
                0x24005988                daisy::MidiUsbTransport::FlushRx()
 .text.startup._GLOBAL__sub_I__Z15ReceiveCallbackPhPm
                0x24005994       0x60 ../../libDaisy//build\libdaisy.a(usb_midi.o)
 .text._ZN5daisy16AdcChannelConfig10InitSingleE12dsy_gpio_pinNS0_15ConversionSpeedE
                0x240059f4       0x28 ../../libDaisy//build\libdaisy.a(adc.o)
                0x240059f4                daisy::AdcChannelConfig::InitSingle(dsy_gpio_pin, daisy::AdcChannelConfig::ConversionSpeed)
 .text._ZN5daisy9AdcHandle4InitEPNS_16AdcChannelConfigEjNS0_12OverSamplingE
                0x24005a1c      0x41c ../../libDaisy//build\libdaisy.a(adc.o)
                0x24005a1c                daisy::AdcHandle::Init(daisy::AdcChannelConfig*, unsigned int, daisy::AdcHandle::OverSampling)
 .text._ZN5daisy9AdcHandle5StartEv
                0x24005e38       0x2c ../../libDaisy//build\libdaisy.a(adc.o)
                0x24005e38                daisy::AdcHandle::Start()
 .text._ZN5daisy9AdcHandle4StopEv
                0x24005e64        0xc ../../libDaisy//build\libdaisy.a(adc.o)
                0x24005e64                daisy::AdcHandle::Stop()
 .text._ZNK5daisy9AdcHandle3GetEh
                0x24005e70       0x18 ../../libDaisy//build\libdaisy.a(adc.o)
                0x24005e70                daisy::AdcHandle::Get(unsigned char) const
 .text._ZNK5daisy9AdcHandle6GetPtrEh
                0x24005e88       0x14 ../../libDaisy//build\libdaisy.a(adc.o)
                0x24005e88                daisy::AdcHandle::GetPtr(unsigned char) const
 .text.HAL_ADC_MspInit
                0x24005e9c       0x98 ../../libDaisy//build\libdaisy.a(adc.o)
                0x24005e9c                HAL_ADC_MspInit
 .text.DMA1_Stream2_IRQHandler
                0x24005f34        0xc ../../libDaisy//build\libdaisy.a(adc.o)
                0x24005f34                DMA1_Stream2_IRQHandler
 .text.HAL_ADC_ConvCpltCallback
                0x24005f40      0x148 ../../libDaisy//build\libdaisy.a(adc.o)
                0x24005f40                HAL_ADC_ConvCpltCallback
 .text.HAL_ADC_ErrorCallback
                0x24006088        0x4 ../../libDaisy//build\libdaisy.a(adc.o)
                0x24006088                HAL_ADC_ErrorCallback
 .text.HAL_DAC_MspInit
                0x2400608c      0x15c ../../libDaisy//build\libdaisy.a(dac.o)
                0x2400608c                HAL_DAC_MspInit
 .text.DMA2_Stream0_IRQHandler
                0x240061e8        0xc ../../libDaisy//build\libdaisy.a(dac.o)
                0x240061e8                DMA2_Stream0_IRQHandler
 .text.DMA2_Stream1_IRQHandler
                0x240061f4        0xc ../../libDaisy//build\libdaisy.a(dac.o)
                0x240061f4                DMA2_Stream1_IRQHandler
 .text.TIM6_DAC_IRQHandler
                0x24006200       0x1c ../../libDaisy//build\libdaisy.a(dac.o)
                0x24006200                TIM6_DAC_IRQHandler
 .text.HAL_DAC_ConvCpltCallbackCh1
                0x2400621c       0x60 ../../libDaisy//build\libdaisy.a(dac.o)
                0x2400621c                HAL_DAC_ConvCpltCallbackCh1
 .text.HAL_DAC_ConvHalfCpltCallbackCh1
                0x2400627c       0x54 ../../libDaisy//build\libdaisy.a(dac.o)
                0x2400627c                HAL_DAC_ConvHalfCpltCallbackCh1
 .text.HAL_DACEx_ConvHalfCpltCallbackCh2
                0x240062d0       0x2c ../../libDaisy//build\libdaisy.a(dac.o)
                0x240062d0                HAL_DACEx_ConvHalfCpltCallbackCh2
 .text.HAL_DACEx_ConvCpltCallbackCh2
                0x240062fc       0x34 ../../libDaisy//build\libdaisy.a(dac.o)
                0x240062fc                HAL_DACEx_ConvCpltCallbackCh2
 .text._ZN5daisy9DacHandle4InitERKNS0_6ConfigE
                0x24006330       0xfc ../../libDaisy//build\libdaisy.a(dac.o)
                0x24006330                daisy::DacHandle::Init(daisy::DacHandle::Config const&)
 .text._ZN5daisy9DacHandle5StartEPtS1_jPFvPS1_jE
                0x2400642c       0x6c ../../libDaisy//build\libdaisy.a(dac.o)
                0x2400642c                daisy::DacHandle::Start(unsigned short*, unsigned short*, unsigned int, void (*)(unsigned short**, unsigned int))
 .text._ZN5daisy9DacHandle4StopEv
                0x24006498       0x40 ../../libDaisy//build\libdaisy.a(dac.o)
                0x24006498                daisy::DacHandle::Stop()
 .text._ZN5daisy4GPIO4InitENS_3PinENS0_4ModeENS0_4PullENS0_5SpeedE
                0x240064d8      0x1cc ../../libDaisy//build\libdaisy.a(gpio.o)
                0x240064d8                daisy::GPIO::Init(daisy::Pin, daisy::GPIO::Mode, daisy::GPIO::Pull, daisy::GPIO::Speed)
 .text._ZN5daisy4GPIO4ReadEv
                0x240066a4       0x18 ../../libDaisy//build\libdaisy.a(gpio.o)
                0x240066a4                daisy::GPIO::Read()
 .text.dsy_gpio_init
                0x240066bc      0x1b8 ../../libDaisy//build\libdaisy.a(gpio.o)
                0x240066bc                dsy_gpio_init
 .text.dsy_gpio_read
                0x24006874       0x1c ../../libDaisy//build\libdaisy.a(gpio.o)
                0x24006874                dsy_gpio_read
 .text.dsy_gpio_write
                0x24006890       0x24 ../../libDaisy//build\libdaisy.a(gpio.o)
                0x24006890                dsy_gpio_write
 .text.dsy_gpio_toggle
                0x240068b4       0x1c ../../libDaisy//build\libdaisy.a(gpio.o)
                0x240068b4                dsy_gpio_toggle
 .text._ZN5daisy9I2CHandle4Impl8InitPinsEv
                0x240068d0       0x58 ../../libDaisy//build\libdaisy.a(i2c.o)
                0x240068d0                daisy::I2CHandle::Impl::InitPins()
 .text.HAL_I2C_MspInit
                0x24006928      0x1b4 ../../libDaisy//build\libdaisy.a(i2c.o)
                0x24006928                HAL_I2C_MspInit
 .text.dsy_i2c_global_init
                0x24006adc       0x78 ../../libDaisy//build\libdaisy.a(i2c.o)
                0x24006adc                dsy_i2c_global_init
 .text.DMA1_Stream6_IRQHandler
                0x24006b54       0x34 ../../libDaisy//build\libdaisy.a(i2c.o)
                0x24006b54                DMA1_Stream6_IRQHandler
 .text.I2C1_EV_IRQHandler
                0x24006b88        0xc ../../libDaisy//build\libdaisy.a(i2c.o)
                0x24006b88                I2C1_EV_IRQHandler
 .text.I2C2_EV_IRQHandler
                0x24006b94        0xc ../../libDaisy//build\libdaisy.a(i2c.o)
                0x24006b94                I2C2_EV_IRQHandler
 .text.I2C3_EV_IRQHandler
                0x24006ba0        0xc ../../libDaisy//build\libdaisy.a(i2c.o)
                0x24006ba0                I2C3_EV_IRQHandler
 .text._ZN5daisy9I2CHandle4InitERKNS0_6ConfigE
                0x24006bac      0x12c ../../libDaisy//build\libdaisy.a(i2c.o)
                0x24006bac                daisy::I2CHandle::Init(daisy::I2CHandle::Config const&)
 .text._ZN5daisy9I2CHandle17ReadDataAtAddressEtttPhtm
                0x24006cd8       0x4c ../../libDaisy//build\libdaisy.a(i2c.o)
                0x24006cd8                daisy::I2CHandle::ReadDataAtAddress(unsigned short, unsigned short, unsigned short, unsigned char*, unsigned short, unsigned long)
 .text._ZN5daisy9I2CHandle18WriteDataAtAddressEtttPhtm
                0x24006d24       0x4c ../../libDaisy//build\libdaisy.a(i2c.o)
                0x24006d24                daisy::I2CHandle::WriteDataAtAddress(unsigned short, unsigned short, unsigned short, unsigned char*, unsigned short, unsigned long)
 .text.startup._GLOBAL__sub_I__ZN5daisy9I2CHandle4Impl10GlobalInitEv
                0x24006d70       0x18 ../../libDaisy//build\libdaisy.a(i2c.o)
 .text._ZN5daisy10QSPIHandle4Impl11WriteEnableEv
                0x24006d88       0x8c ../../libDaisy//build\libdaisy.a(qspi.o)
                0x24006d88                daisy::QSPIHandle::Impl::WriteEnable()
 *fill*         0x24006e14        0x4 
 .text._ZN5daisy10QSPIHandle4Impl17DummyCyclesConfigENS0_6Config6DeviceE
                0x24006e18      0x118 ../../libDaisy//build\libdaisy.a(qspi.o)
                0x24006e18                daisy::QSPIHandle::Impl::DummyCyclesConfig(daisy::QSPIHandle::Config::Device)
 .text._ZN5daisy10QSPIHandle4Impl10QuadEnableEv
                0x24006f30      0x158 ../../libDaisy//build\libdaisy.a(qspi.o)
                0x24006f30                daisy::QSPIHandle::Impl::QuadEnable()
 .text._ZN5daisy10QSPIHandle4Impl4InitERKNS0_6ConfigE
                0x24007088      0x194 ../../libDaisy//build\libdaisy.a(qspi.o)
                0x24007088                daisy::QSPIHandle::Impl::Init(daisy::QSPIHandle::Config const&)
 *fill*         0x2400721c        0x4 
 .text._ZN5daisy10QSPIHandle4Impl7SetModeENS0_6Config4ModeE.part.0
                0x24007220      0x17c ../../libDaisy//build\libdaisy.a(qspi.o)
 .text._ZN5daisy10QSPIHandle4Impl9WritePageEmmPhb
                0x2400739c      0x194 ../../libDaisy//build\libdaisy.a(qspi.o)
                0x2400739c                daisy::QSPIHandle::Impl::WritePage(unsigned long, unsigned long, unsigned char*, bool)
 .text._ZN5daisy10QSPIHandle4Impl5WriteEmmPh
                0x24007530      0x320 ../../libDaisy//build\libdaisy.a(qspi.o)
                0x24007530                daisy::QSPIHandle::Impl::Write(unsigned long, unsigned long, unsigned char*)
 .text._ZN5daisy10QSPIHandle4InitERKNS0_6ConfigE
                0x24007850      0x198 ../../libDaisy//build\libdaisy.a(qspi.o)
                0x24007850                daisy::QSPIHandle::Init(daisy::QSPIHandle::Config const&)
 .text._ZN5daisy10QSPIHandle5WriteEmmPh
                0x240079e8        0x8 ../../libDaisy//build\libdaisy.a(qspi.o)
                0x240079e8                daisy::QSPIHandle::Write(unsigned long, unsigned long, unsigned char*)
 .text._ZN5daisy10QSPIHandle5EraseEmm
                0x240079f0      0x1d4 ../../libDaisy//build\libdaisy.a(qspi.o)
                0x240079f0                daisy::QSPIHandle::Erase(unsigned long, unsigned long)
 .text.HAL_QSPI_MspInit
                0x24007bc4      0x11c ../../libDaisy//build\libdaisy.a(qspi.o)
                0x24007bc4                HAL_QSPI_MspInit
 .text.HAL_QSPI_MspDeInit
                0x24007ce0       0x54 ../../libDaisy//build\libdaisy.a(qspi.o)
                0x24007ce0                HAL_QSPI_MspDeInit
 .text.QUADSPI_IRQHandler
                0x24007d34        0xc ../../libDaisy//build\libdaisy.a(qspi.o)
                0x24007d34                QUADSPI_IRQHandler
 .text.startup._GLOBAL__sub_I__ZN5daisy10QSPIHandle4Impl4InitERKNS0_6ConfigE
                0x24007d40       0x28 ../../libDaisy//build\libdaisy.a(qspi.o)
 .text._ZN5daisy9SaiHandle4Impl7InitDmaENS1_15PeripheralBlockE
                0x24007d68       0xa0 ../../libDaisy//build\libdaisy.a(sai.o)
                0x24007d68                daisy::SaiHandle::Impl::InitDma(daisy::SaiHandle::Impl::PeripheralBlock)
 .text._ZN5daisy9SaiHandle4Impl8InitPinsEv
                0x24007e08       0xa8 ../../libDaisy//build\libdaisy.a(sai.o)
                0x24007e08                daisy::SaiHandle::Impl::InitPins()
 .text.HAL_SAI_MspInit
                0x24007eb0      0x164 ../../libDaisy//build\libdaisy.a(sai.o)
                0x24007eb0                HAL_SAI_MspInit
 .text.DMA1_Stream0_IRQHandler
                0x24008014        0xc ../../libDaisy//build\libdaisy.a(sai.o)
                0x24008014                DMA1_Stream0_IRQHandler
 .text.DMA1_Stream1_IRQHandler
                0x24008020        0xc ../../libDaisy//build\libdaisy.a(sai.o)
                0x24008020                DMA1_Stream1_IRQHandler
 .text.DMA1_Stream3_IRQHandler
                0x2400802c        0xc ../../libDaisy//build\libdaisy.a(sai.o)
                0x2400802c                DMA1_Stream3_IRQHandler
 .text.DMA1_Stream4_IRQHandler
                0x24008038        0xc ../../libDaisy//build\libdaisy.a(sai.o)
                0x24008038                DMA1_Stream4_IRQHandler
 .text.HAL_SAI_RxHalfCpltCallback
                0x24008044       0x78 ../../libDaisy//build\libdaisy.a(sai.o)
                0x24008044                HAL_SAI_RxHalfCpltCallback
 .text.HAL_SAI_RxCpltCallback
                0x240080bc       0x70 ../../libDaisy//build\libdaisy.a(sai.o)
                0x240080bc                HAL_SAI_RxCpltCallback
 *fill*         0x2400812c        0x4 
 .text._ZN5daisy9SaiHandle4InitERKNS0_6ConfigE
                0x24008130      0x1f0 ../../libDaisy//build\libdaisy.a(sai.o)
                0x24008130                daisy::SaiHandle::Init(daisy::SaiHandle::Config const&)
 .text._ZNK5daisy9SaiHandle9GetConfigEv
                0x24008320        0x4 ../../libDaisy//build\libdaisy.a(sai.o)
                0x24008320                daisy::SaiHandle::GetConfig() const
 .text._ZN5daisy9SaiHandle8StartDmaEPlS1_jPFvS1_S1_jE
                0x24008324       0xbc ../../libDaisy//build\libdaisy.a(sai.o)
                0x24008324                daisy::SaiHandle::StartDma(long*, long*, unsigned int, void (*)(long*, long*, unsigned int))
 .text._ZN5daisy9SaiHandle7StopDmaEv
                0x240083e0       0x18 ../../libDaisy//build\libdaisy.a(sai.o)
                0x240083e0                daisy::SaiHandle::StopDma()
 .text._ZN5daisy9SaiHandle13GetSampleRateEv
                0x240083f8       0x24 ../../libDaisy//build\libdaisy.a(sai.o)
                0x240083f8                daisy::SaiHandle::GetSampleRate()
 .text._ZNK5daisy9SaiHandle9GetOffsetEv
                0x2400841c        0x8 ../../libDaisy//build\libdaisy.a(sai.o)
                0x2400841c                daisy::SaiHandle::GetOffset() const
 .text._ZN5daisy12SdmmcHandler4InitERKNS0_6ConfigE
                0x24008424       0x80 ../../libDaisy//build\libdaisy.a(sdmmc.o)
                0x24008424                daisy::SdmmcHandler::Init(daisy::SdmmcHandler::Config const&)
 .text.HAL_SD_MspInit
                0x240084a4       0xe4 ../../libDaisy//build\libdaisy.a(sdmmc.o)
                0x240084a4                HAL_SD_MspInit
 .text.SDMMC1_IRQHandler
                0x24008588        0xc ../../libDaisy//build\libdaisy.a(sdmmc.o)
                0x24008588                SDMMC1_IRQHandler
 .text._ZN5daisy14FatFSInterface4InitEh
                0x24008594       0x48 ../../libDaisy//build\libdaisy.a(fatfs.o)
                0x24008594                daisy::FatFSInterface::Init(unsigned char)
 .text.get_fattime
                0x240085dc        0x4 ../../libDaisy//build\libdaisy.a(fatfs.o)
                0x240085dc                get_fattime
 .text._ZN5daisy11TimerHandleD2Ev
                0x240085e0        0x4 ../../libDaisy//build\libdaisy.a(system.o)
                0x240085e0                daisy::TimerHandle::~TimerHandle()
                0x240085e0                daisy::TimerHandle::~TimerHandle()
 .text.SysTick_Handler
                0x240085e4       0x10 ../../libDaisy//build\libdaisy.a(system.o)
                0x240085e4                SysTick_Handler
 .text.OTG_HS_EP1_OUT_IRQHandler
                0x240085f4       0x24 ../../libDaisy//build\libdaisy.a(system.o)
                0x240085f4                OTG_HS_EP1_OUT_IRQHandler
 .text.OTG_HS_EP1_IN_IRQHandler
                0x24008618       0x24 ../../libDaisy//build\libdaisy.a(system.o)
                0x24008618                OTG_HS_EP1_IN_IRQHandler
 .text.OTG_HS_IRQHandler
                0x2400863c       0x24 ../../libDaisy//build\libdaisy.a(system.o)
                0x2400863c                OTG_HS_IRQHandler
 .text.HardFault_Handler
                0x24008660       0xe0 ../../libDaisy//build\libdaisy.a(system.o)
                0x24008660                HardFault_Handler
 .text._ZN5daisy6System6GetNowEv
                0x24008740        0x4 ../../libDaisy//build\libdaisy.a(system.o)
                0x24008740                daisy::System::GetNow()
 .text._ZN5daisy6System5DelayEm
                0x24008744        0x4 ../../libDaisy//build\libdaisy.a(system.o)
                0x24008744                daisy::System::Delay(unsigned long)
 .text._ZN5daisy6System17ResetToBootloaderENS0_14BootloaderModeE
                0x24008748       0x8c ../../libDaisy//build\libdaisy.a(system.o)
                0x24008748                daisy::System::ResetToBootloader(daisy::System::BootloaderMode)
 .text._ZN5daisy6System20GetBootloaderVersionEv
                0x240087d4       0x34 ../../libDaisy//build\libdaisy.a(system.o)
                0x240087d4                daisy::System::GetBootloaderVersion()
 .text._ZN5daisy6System15ConfigureClocksEv
                0x24008808      0x194 ../../libDaisy//build\libdaisy.a(system.o)
                0x24008808                daisy::System::ConfigureClocks()
 .text._ZN5daisy6System12ConfigureMpuEv
                0x2400899c       0x7c ../../libDaisy//build\libdaisy.a(system.o)
                0x2400899c                daisy::System::ConfigureMpu()
 .text._ZN5daisy6System4InitERKNS0_6ConfigE
                0x24008a18       0xec ../../libDaisy//build\libdaisy.a(system.o)
                0x24008a18                daisy::System::Init(daisy::System::Config const&)
 .text._ZN5daisy6System12GetPClk1FreqEv
                0x24008b04        0x4 ../../libDaisy//build\libdaisy.a(system.o)
                0x24008b04                daisy::System::GetPClk1Freq()
 .text._ZN5daisy6System12GetPClk2FreqEv
                0x24008b08        0x4 ../../libDaisy//build\libdaisy.a(system.o)
                0x24008b08                daisy::System::GetPClk2Freq()
 .text._ZN5daisy6System22GetProgramMemoryRegionEv
                0x24008b0c       0x78 ../../libDaisy//build\libdaisy.a(system.o)
                0x24008b0c                daisy::System::GetProgramMemoryRegion()
 .text.startup._GLOBAL__sub_I__ZN5daisy9boot_infoE
                0x24008b84       0x1c ../../libDaisy//build\libdaisy.a(system.o)
 .text.dummy_rx_callback
                0x24008ba0        0x4 ../../libDaisy//build\libdaisy.a(usbd_cdc_if.o)
                0x24008ba0                dummy_rx_callback
 .text.CDC_DeInit_FS
                0x24008ba4        0x4 ../../libDaisy//build\libdaisy.a(usbd_cdc_if.o)
 .text.CDC_Receive_FS
                0x24008ba8       0x2c ../../libDaisy//build\libdaisy.a(usbd_cdc_if.o)
 .text.CDC_Receive_HS
                0x24008bd4       0x2c ../../libDaisy//build\libdaisy.a(usbd_cdc_if.o)
 .text.CDC_Init_FS
                0x24008c00       0x3c ../../libDaisy//build\libdaisy.a(usbd_cdc_if.o)
 .text.CDC_Init_HS
                0x24008c3c       0x3c ../../libDaisy//build\libdaisy.a(usbd_cdc_if.o)
 .text.CDC_Control_FS
                0x24008c78       0x34 ../../libDaisy//build\libdaisy.a(usbd_cdc_if.o)
 .text.CDC_Control_HS
                0x24008cac       0x34 ../../libDaisy//build\libdaisy.a(usbd_cdc_if.o)
 .text.CDC_DeInit_HS
                0x24008ce0        0x4 ../../libDaisy//build\libdaisy.a(usbd_cdc_if.o)
 .text.CDC_Transmit_HS
                0x24008ce4       0x2c ../../libDaisy//build\libdaisy.a(usbd_cdc_if.o)
                0x24008ce4                CDC_Transmit_HS
 .text.CDC_Set_Rx_Callback_FS
                0x24008d10        0xc ../../libDaisy//build\libdaisy.a(usbd_cdc_if.o)
                0x24008d10                CDC_Set_Rx_Callback_FS
 .text.CDC_Set_Rx_Callback_HS
                0x24008d1c        0xc ../../libDaisy//build\libdaisy.a(usbd_cdc_if.o)
                0x24008d1c                CDC_Set_Rx_Callback_HS
 .text.HAL_PCD_MspInit
                0x24008d28      0x144 ../../libDaisy//build\libdaisy.a(usbd_conf.o)
                0x24008d28                HAL_PCD_MspInit
 .text.HAL_PCD_SetupStageCallback
                0x24008e6c        0xc ../../libDaisy//build\libdaisy.a(usbd_conf.o)
                0x24008e6c                HAL_PCD_SetupStageCallback
 .text.HAL_PCD_DataOutStageCallback
                0x24008e78       0x14 ../../libDaisy//build\libdaisy.a(usbd_conf.o)
                0x24008e78                HAL_PCD_DataOutStageCallback
 .text.HAL_PCD_DataInStageCallback
                0x24008e8c       0x14 ../../libDaisy//build\libdaisy.a(usbd_conf.o)
                0x24008e8c                HAL_PCD_DataInStageCallback
 .text.HAL_PCD_SOFCallback
                0x24008ea0        0x8 ../../libDaisy//build\libdaisy.a(usbd_conf.o)
                0x24008ea0                HAL_PCD_SOFCallback
 .text.HAL_PCD_ResetCallback
                0x24008ea8       0x24 ../../libDaisy//build\libdaisy.a(usbd_conf.o)
                0x24008ea8                HAL_PCD_ResetCallback
 .text.HAL_PCD_SuspendCallback
                0x24008ecc       0x30 ../../libDaisy//build\libdaisy.a(usbd_conf.o)
                0x24008ecc                HAL_PCD_SuspendCallback
 .text.HAL_PCD_ResumeCallback
                0x24008efc        0x8 ../../libDaisy//build\libdaisy.a(usbd_conf.o)
                0x24008efc                HAL_PCD_ResumeCallback
 .text.HAL_PCD_ISOOUTIncompleteCallback
                0x24008f04        0x8 ../../libDaisy//build\libdaisy.a(usbd_conf.o)
                0x24008f04                HAL_PCD_ISOOUTIncompleteCallback
 .text.HAL_PCD_ISOINIncompleteCallback
                0x24008f0c        0x8 ../../libDaisy//build\libdaisy.a(usbd_conf.o)
                0x24008f0c                HAL_PCD_ISOINIncompleteCallback
 .text.HAL_PCD_ConnectCallback
                0x24008f14        0x8 ../../libDaisy//build\libdaisy.a(usbd_conf.o)
                0x24008f14                HAL_PCD_ConnectCallback
 .text.HAL_PCD_DisconnectCallback
                0x24008f1c        0x8 ../../libDaisy//build\libdaisy.a(usbd_conf.o)
                0x24008f1c                HAL_PCD_DisconnectCallback
 .text.USBD_LL_Init
                0x24008f24       0xe4 ../../libDaisy//build\libdaisy.a(usbd_conf.o)
                0x24008f24                USBD_LL_Init
 .text.USBD_LL_Start
                0x24009008       0x1c ../../libDaisy//build\libdaisy.a(usbd_conf.o)
                0x24009008                USBD_LL_Start
 .text.USBD_LL_OpenEP
                0x24009024       0x24 ../../libDaisy//build\libdaisy.a(usbd_conf.o)
                0x24009024                USBD_LL_OpenEP
 .text.USBD_LL_CloseEP
                0x24009048       0x1c ../../libDaisy//build\libdaisy.a(usbd_conf.o)
                0x24009048                USBD_LL_CloseEP
 .text.USBD_LL_StallEP
                0x24009064       0x1c ../../libDaisy//build\libdaisy.a(usbd_conf.o)
                0x24009064                USBD_LL_StallEP
 .text.USBD_LL_ClearStallEP
                0x24009080       0x1c ../../libDaisy//build\libdaisy.a(usbd_conf.o)
                0x24009080                USBD_LL_ClearStallEP
 .text.USBD_LL_IsStallEP
                0x2400909c       0x28 ../../libDaisy//build\libdaisy.a(usbd_conf.o)
                0x2400909c                USBD_LL_IsStallEP
 .text.USBD_LL_SetUSBAddress
                0x240090c4       0x1c ../../libDaisy//build\libdaisy.a(usbd_conf.o)
                0x240090c4                USBD_LL_SetUSBAddress
 .text.USBD_LL_Transmit
                0x240090e0       0x1c ../../libDaisy//build\libdaisy.a(usbd_conf.o)
                0x240090e0                USBD_LL_Transmit
 .text.USBD_LL_PrepareReceive
                0x240090fc       0x1c ../../libDaisy//build\libdaisy.a(usbd_conf.o)
                0x240090fc                USBD_LL_PrepareReceive
 .text.USBD_LL_GetRxDataSize
                0x24009118        0x8 ../../libDaisy//build\libdaisy.a(usbd_conf.o)
                0x24009118                USBD_LL_GetRxDataSize
 .text.USBD_HS_DeviceDescriptor
                0x24009120        0xc ../../libDaisy//build\libdaisy.a(usbd_desc.o)
                0x24009120                USBD_HS_DeviceDescriptor
 .text.USBD_FS_DeviceDescriptor
                0x2400912c        0xc ../../libDaisy//build\libdaisy.a(usbd_desc.o)
                0x2400912c                USBD_FS_DeviceDescriptor
 .text.USBD_FS_LangIDStrDescriptor
                0x24009138        0xc ../../libDaisy//build\libdaisy.a(usbd_desc.o)
                0x24009138                USBD_FS_LangIDStrDescriptor
 .text.USBD_FS_ManufacturerStrDescriptor
                0x24009144       0x1c ../../libDaisy//build\libdaisy.a(usbd_desc.o)
                0x24009144                USBD_FS_ManufacturerStrDescriptor
 .text.USBD_HS_ProductStrDescriptor
                0x24009160       0x1c ../../libDaisy//build\libdaisy.a(usbd_desc.o)
                0x24009160                USBD_HS_ProductStrDescriptor
 .text.USBD_FS_ConfigStrDescriptor
                0x2400917c       0x1c ../../libDaisy//build\libdaisy.a(usbd_desc.o)
                0x2400917c                USBD_FS_ConfigStrDescriptor
 .text.USBD_FS_InterfaceStrDescriptor
                0x24009198       0x1c ../../libDaisy//build\libdaisy.a(usbd_desc.o)
                0x24009198                USBD_FS_InterfaceStrDescriptor
 .text.USBD_FS_ProductStrDescriptor
                0x240091b4       0x1c ../../libDaisy//build\libdaisy.a(usbd_desc.o)
                0x240091b4                USBD_FS_ProductStrDescriptor
 .text.USBD_HS_LangIDStrDescriptor
                0x240091d0        0xc ../../libDaisy//build\libdaisy.a(usbd_desc.o)
                0x240091d0                USBD_HS_LangIDStrDescriptor
 .text.USBD_HS_ManufacturerStrDescriptor
                0x240091dc       0x1c ../../libDaisy//build\libdaisy.a(usbd_desc.o)
                0x240091dc                USBD_HS_ManufacturerStrDescriptor
 .text.USBD_FS_SerialStrDescriptor
                0x240091f8      0x124 ../../libDaisy//build\libdaisy.a(usbd_desc.o)
                0x240091f8                USBD_FS_SerialStrDescriptor
 .text.USBD_HS_SerialStrDescriptor
                0x2400931c      0x124 ../../libDaisy//build\libdaisy.a(usbd_desc.o)
                0x2400931c                USBD_HS_SerialStrDescriptor
 .text.USBD_HS_InterfaceStrDescriptor
                0x24009440       0x1c ../../libDaisy//build\libdaisy.a(usbd_desc.o)
                0x24009440                USBD_HS_InterfaceStrDescriptor
 .text.USBD_HS_ConfigStrDescriptor
                0x2400945c       0x1c ../../libDaisy//build\libdaisy.a(usbd_desc.o)
                0x2400945c                USBD_HS_ConfigStrDescriptor
 .text.HAL_HCD_SOF_Callback
                0x24009478        0x8 ../../libDaisy//build\libdaisy.a(usbh_conf.o)
                0x24009478                HAL_HCD_SOF_Callback
 .text.HAL_HCD_Connect_Callback
                0x24009480        0x8 ../../libDaisy//build\libdaisy.a(usbh_conf.o)
                0x24009480                HAL_HCD_Connect_Callback
 .text.HAL_HCD_Disconnect_Callback
                0x24009488        0x8 ../../libDaisy//build\libdaisy.a(usbh_conf.o)
                0x24009488                HAL_HCD_Disconnect_Callback
 .text.HAL_HCD_HC_NotifyURBChange_Callback
                0x24009490        0x4 ../../libDaisy//build\libdaisy.a(usbh_conf.o)
                0x24009490                HAL_HCD_HC_NotifyURBChange_Callback
 .text.HAL_HCD_PortEnabled_Callback
                0x24009494        0x8 ../../libDaisy//build\libdaisy.a(usbh_conf.o)
                0x24009494                HAL_HCD_PortEnabled_Callback
 .text.HAL_HCD_PortDisabled_Callback
                0x2400949c        0x8 ../../libDaisy//build\libdaisy.a(usbh_conf.o)
                0x2400949c                HAL_HCD_PortDisabled_Callback
 .text.USBH_LL_Stop
                0x240094a4       0x1c ../../libDaisy//build\libdaisy.a(usbh_conf.o)
                0x240094a4                USBH_LL_Stop
 .text.USBH_LL_GetLastXferSize
                0x240094c0        0x8 ../../libDaisy//build\libdaisy.a(usbh_conf.o)
                0x240094c0                USBH_LL_GetLastXferSize
 .text.USBH_LL_SubmitURB
                0x240094c8       0x38 ../../libDaisy//build\libdaisy.a(usbh_conf.o)
                0x240094c8                USBH_LL_SubmitURB
 .text.USBH_LL_GetURBState
                0x24009500        0x8 ../../libDaisy//build\libdaisy.a(usbh_conf.o)
                0x24009500                USBH_LL_GetURBState
 .text.USBH_LL_SetToggle
                0x24009508       0x24 ../../libDaisy//build\libdaisy.a(usbh_conf.o)
                0x24009508                USBH_LL_SetToggle
 .text.USBH_LL_GetToggle
                0x2400952c       0x20 ../../libDaisy//build\libdaisy.a(usbh_conf.o)
                0x2400952c                USBH_LL_GetToggle
 .text.dsy_hal_map_get_port
                0x2400954c       0x10 ../../libDaisy//build\libdaisy.a(hal_map.o)
                0x2400954c                dsy_hal_map_get_port
 .text.dsy_hal_map_get_pin
                0x2400955c       0x10 ../../libDaisy//build\libdaisy.a(hal_map.o)
                0x2400955c                dsy_hal_map_get_pin
 .text.dsy_hal_map_gpio_clk_enable
                0x2400956c      0x150 ../../libDaisy//build\libdaisy.a(hal_map.o)
                0x2400956c                dsy_hal_map_gpio_clk_enable
 .text.SD_initialize
                0x240096bc       0x30 ../../libDaisy//build\libdaisy.a(sd_diskio.o)
                0x240096bc                SD_initialize
 .text.SD_status
                0x240096ec       0x20 ../../libDaisy//build\libdaisy.a(sd_diskio.o)
                0x240096ec                SD_status
 .text.SD_read  0x2400970c       0xcc ../../libDaisy//build\libdaisy.a(sd_diskio.o)
                0x2400970c                SD_read
 .text.SD_write
                0x240097d8       0xa4 ../../libDaisy//build\libdaisy.a(sd_diskio.o)
                0x240097d8                SD_write
 .text.SD_ioctl
                0x2400987c       0x68 ../../libDaisy//build\libdaisy.a(sd_diskio.o)
                0x2400987c                SD_ioctl
 .text.BSP_SD_WriteCpltCallback
                0x240098e4        0xc ../../libDaisy//build\libdaisy.a(sd_diskio.o)
                0x240098e4                BSP_SD_WriteCpltCallback
 .text.BSP_SD_ReadCpltCallback
                0x240098f0        0xc ../../libDaisy//build\libdaisy.a(sd_diskio.o)
                0x240098f0                BSP_SD_ReadCpltCallback
 .text.USBH_initialize
                0x240098fc        0x4 ../../libDaisy//build\libdaisy.a(usbh_diskio.o)
                0x240098fc                USBH_initialize
 .text.USBH_status
                0x24009900       0x18 ../../libDaisy//build\libdaisy.a(usbh_diskio.o)
                0x24009900                USBH_status
 .text.USBH_read
                0x24009918      0x14c ../../libDaisy//build\libdaisy.a(usbh_diskio.o)
                0x24009918                USBH_read
 .text.USBH_write
                0x24009a64      0x104 ../../libDaisy//build\libdaisy.a(usbh_diskio.o)
                0x24009a64                USBH_write
 .text.USBH_ioctl
                0x24009b68       0x68 ../../libDaisy//build\libdaisy.a(usbh_diskio.o)
                0x24009b68                USBH_ioctl
 .text.HAL_MspInit
                0x24009bd0        0x4 ../../libDaisy//build\libdaisy.a(stm32h7xx_hal.o)
                0x24009bd0                HAL_MspInit
 .text.HAL_InitTick
                0x24009bd4       0x4c ../../libDaisy//build\libdaisy.a(stm32h7xx_hal.o)
                0x24009bd4                HAL_InitTick
 .text.HAL_Init
                0x24009c20       0x60 ../../libDaisy//build\libdaisy.a(stm32h7xx_hal.o)
                0x24009c20                HAL_Init
 .text.HAL_IncTick
                0x24009c80       0x18 ../../libDaisy//build\libdaisy.a(stm32h7xx_hal.o)
                0x24009c80                HAL_IncTick
 .text.HAL_GetTick
                0x24009c98        0xc ../../libDaisy//build\libdaisy.a(stm32h7xx_hal.o)
                0x24009c98                HAL_GetTick
 .text.HAL_Delay
                0x24009ca4       0x24 ../../libDaisy//build\libdaisy.a(stm32h7xx_hal.o)
                0x24009ca4                HAL_Delay
 .text.HAL_GetREVID
                0x24009cc8        0xc ../../libDaisy//build\libdaisy.a(stm32h7xx_hal.o)
                0x24009cc8                HAL_GetREVID
 .text.HAL_ADC_ConvHalfCpltCallback
                0x24009cd4        0x4 ../../libDaisy//build\libdaisy.a(stm32h7xx_hal_adc.o)
                0x24009cd4                HAL_ADC_ConvHalfCpltCallback
 .text.ADC_DMAHalfConvCplt
                0x24009cd8        0xc ../../libDaisy//build\libdaisy.a(stm32h7xx_hal_adc.o)
                0x24009cd8                ADC_DMAHalfConvCplt
 .text.ADC_DMAConvCplt
                0x24009ce4       0x6c ../../libDaisy//build\libdaisy.a(stm32h7xx_hal_adc.o)
                0x24009ce4                ADC_DMAConvCplt
 .text.ADC_DMAError
                0x24009d50       0x1c ../../libDaisy//build\libdaisy.a(stm32h7xx_hal_adc.o)
                0x24009d50                ADC_DMAError
 .text.HAL_ADC_ConfigChannel
                0x24009d6c      0x3fc ../../libDaisy//build\libdaisy.a(stm32h7xx_hal_adc.o)
                0x24009d6c                HAL_ADC_ConfigChannel
 .text.ADC_ConversionStop
                0x2400a168       0xf4 ../../libDaisy//build\libdaisy.a(stm32h7xx_hal_adc.o)
                0x2400a168                ADC_ConversionStop
 .text.ADC_Enable
                0x2400a25c       0xac ../../libDaisy//build\libdaisy.a(stm32h7xx_hal_adc.o)
                0x2400a25c                ADC_Enable
 .text.HAL_ADC_Start_DMA
                0x2400a308      0x114 ../../libDaisy//build\libdaisy.a(stm32h7xx_hal_adc.o)
                0x2400a308                HAL_ADC_Start_DMA
 .text.ADC_Disable
                0x2400a41c       0x68 ../../libDaisy//build\libdaisy.a(stm32h7xx_hal_adc.o)
                0x2400a41c                ADC_Disable
 .text.HAL_ADC_Stop_DMA
                0x2400a484       0x90 ../../libDaisy//build\libdaisy.a(stm32h7xx_hal_adc.o)
                0x2400a484                HAL_ADC_Stop_DMA
 .text.ADC_ConfigureBoostMode
                0x2400a514      0x184 ../../libDaisy//build\libdaisy.a(stm32h7xx_hal_adc.o)
                0x2400a514                ADC_ConfigureBoostMode
 .text.HAL_ADC_Init
                0x2400a698      0x218 ../../libDaisy//build\libdaisy.a(stm32h7xx_hal_adc.o)
                0x2400a698                HAL_ADC_Init
 .text.HAL_ADCEx_Calibration_Start
                0x2400a8b0       0xa4 ../../libDaisy//build\libdaisy.a(stm32h7xx_hal_adc_ex.o)
                0x2400a8b0                HAL_ADCEx_Calibration_Start
 .text.HAL_ADCEx_MultiModeConfigChannel
                0x2400a954       0xc4 ../../libDaisy//build\libdaisy.a(stm32h7xx_hal_adc_ex.o)
                0x2400a954                HAL_ADCEx_MultiModeConfigChannel
 .text.HAL_NVIC_SetPriorityGrouping
                0x2400aa18       0x24 ../../libDaisy//build\libdaisy.a(stm32h7xx_hal_cortex.o)
                0x2400aa18                HAL_NVIC_SetPriorityGrouping
 .text.HAL_NVIC_SetPriority
                0x2400aa3c       0x7c ../../libDaisy//build\libdaisy.a(stm32h7xx_hal_cortex.o)
                0x2400aa3c                HAL_NVIC_SetPriority
 .text.HAL_NVIC_EnableIRQ
                0x2400aab8       0x1c ../../libDaisy//build\libdaisy.a(stm32h7xx_hal_cortex.o)
                0x2400aab8                HAL_NVIC_EnableIRQ
 .text.HAL_NVIC_DisableIRQ
                0x2400aad4       0x28 ../../libDaisy//build\libdaisy.a(stm32h7xx_hal_cortex.o)
                0x2400aad4                HAL_NVIC_DisableIRQ
 .text.HAL_NVIC_SystemReset
                0x2400aafc       0x24 ../../libDaisy//build\libdaisy.a(stm32h7xx_hal_cortex.o)
                0x2400aafc                HAL_NVIC_SystemReset
 .text.HAL_SYSTICK_Config
                0x2400ab20       0x2c ../../libDaisy//build\libdaisy.a(stm32h7xx_hal_cortex.o)
                0x2400ab20                HAL_SYSTICK_Config
 .text.HAL_MPU_Disable
                0x2400ab4c       0x1c ../../libDaisy//build\libdaisy.a(stm32h7xx_hal_cortex.o)
                0x2400ab4c                HAL_MPU_Disable
 .text.HAL_MPU_Enable
                0x2400ab68       0x20 ../../libDaisy//build\libdaisy.a(stm32h7xx_hal_cortex.o)
                0x2400ab68                HAL_MPU_Enable
 .text.HAL_MPU_ConfigRegion
                0x2400ab88       0x64 ../../libDaisy//build\libdaisy.a(stm32h7xx_hal_cortex.o)
                0x2400ab88                HAL_MPU_ConfigRegion
 .text.HAL_SYSTICK_Callback
                0x2400abec        0x4 ../../libDaisy//build\libdaisy.a(stm32h7xx_hal_cortex.o)
                0x2400abec                HAL_SYSTICK_Callback
 .text.HAL_SYSTICK_IRQHandler
                0x2400abf0        0x8 ../../libDaisy//build\libdaisy.a(stm32h7xx_hal_cortex.o)
                0x2400abf0                HAL_SYSTICK_IRQHandler
 .text.HAL_DAC_Init
                0x2400abf8       0x2c ../../libDaisy//build\libdaisy.a(stm32h7xx_hal_dac.o)
                0x2400abf8                HAL_DAC_Init
 .text.HAL_DAC_Start_DMA
                0x2400ac24      0x118 ../../libDaisy//build\libdaisy.a(stm32h7xx_hal_dac.o)
                0x2400ac24                HAL_DAC_Start_DMA
 .text.HAL_DAC_Stop_DMA
                0x2400ad3c       0x5c ../../libDaisy//build\libdaisy.a(stm32h7xx_hal_dac.o)
                0x2400ad3c                HAL_DAC_Stop_DMA
 .text.DAC_DMAConvCpltCh1
                0x2400ad98       0x10 ../../libDaisy//build\libdaisy.a(stm32h7xx_hal_dac.o)
 .text.DAC_DMAHalfConvCpltCh1
                0x2400ada8        0xc ../../libDaisy//build\libdaisy.a(stm32h7xx_hal_dac.o)
 .text.HAL_DAC_ErrorCallbackCh1
                0x2400adb4        0x4 ../../libDaisy//build\libdaisy.a(stm32h7xx_hal_dac.o)
                0x2400adb4                HAL_DAC_ErrorCallbackCh1
 .text.DAC_DMAErrorCh1
                0x2400adb8       0x18 ../../libDaisy//build\libdaisy.a(stm32h7xx_hal_dac.o)
 .text.HAL_DAC_DMAUnderrunCallbackCh1
                0x2400add0        0x4 ../../libDaisy//build\libdaisy.a(stm32h7xx_hal_dac.o)
                0x2400add0                HAL_DAC_DMAUnderrunCallbackCh1
 .text.HAL_DAC_IRQHandler
                0x2400add4       0x68 ../../libDaisy//build\libdaisy.a(stm32h7xx_hal_dac.o)
                0x2400add4                HAL_DAC_IRQHandler
 .text.HAL_DAC_ConfigChannel
                0x2400ae3c      0x130 ../../libDaisy//build\libdaisy.a(stm32h7xx_hal_dac.o)
                0x2400ae3c                HAL_DAC_ConfigChannel
 .text.HAL_DACEx_ErrorCallbackCh2
                0x2400af6c        0x4 ../../libDaisy//build\libdaisy.a(stm32h7xx_hal_dac_ex.o)
                0x2400af6c                HAL_DACEx_ErrorCallbackCh2
 .text.HAL_DACEx_DMAUnderrunCallbackCh2
                0x2400af70        0x4 ../../libDaisy//build\libdaisy.a(stm32h7xx_hal_dac_ex.o)
                0x2400af70                HAL_DACEx_DMAUnderrunCallbackCh2
 .text.DAC_DMAConvCpltCh2
                0x2400af74       0x10 ../../libDaisy//build\libdaisy.a(stm32h7xx_hal_dac_ex.o)
                0x2400af74                DAC_DMAConvCpltCh2
 .text.DAC_DMAHalfConvCpltCh2
                0x2400af84        0xc ../../libDaisy//build\libdaisy.a(stm32h7xx_hal_dac_ex.o)
                0x2400af84                DAC_DMAHalfConvCpltCh2
 .text.DAC_DMAErrorCh2
                0x2400af90       0x18 ../../libDaisy//build\libdaisy.a(stm32h7xx_hal_dac_ex.o)
                0x2400af90                DAC_DMAErrorCh2
 .text.DMA_CalcBaseAndBitshift
                0x2400afa8       0xf4 ../../libDaisy//build\libdaisy.a(stm32h7xx_hal_dma.o)
 .text.DMA_CalcDMAMUXChannelBaseAndMask
                0x2400b09c       0xd8 ../../libDaisy//build\libdaisy.a(stm32h7xx_hal_dma.o)
 .text.HAL_DMA_Init
                0x2400b174      0x37c ../../libDaisy//build\libdaisy.a(stm32h7xx_hal_dma.o)
                0x2400b174                HAL_DMA_Init
 .text.HAL_DMA_Start_IT
                0x2400b4f0      0x240 ../../libDaisy//build\libdaisy.a(stm32h7xx_hal_dma.o)
                0x2400b4f0                HAL_DMA_Start_IT
 .text.HAL_DMA_Abort
                0x2400b730      0x21c ../../libDaisy//build\libdaisy.a(stm32h7xx_hal_dma.o)
                0x2400b730                HAL_DMA_Abort
 .text.HAL_DMA_Abort_IT
                0x2400b94c      0x134 ../../libDaisy//build\libdaisy.a(stm32h7xx_hal_dma.o)
                0x2400b94c                HAL_DMA_Abort_IT
 .text.HAL_DMA_IRQHandler
                0x2400ba80      0x6a0 ../../libDaisy//build\libdaisy.a(stm32h7xx_hal_dma.o)
                0x2400ba80                HAL_DMA_IRQHandler
 .text.HAL_DMA_GetError
                0x2400c120        0x4 ../../libDaisy//build\libdaisy.a(stm32h7xx_hal_dma.o)
                0x2400c120                HAL_DMA_GetError
 .text.HAL_GPIO_Init
                0x2400c124      0x280 ../../libDaisy//build\libdaisy.a(stm32h7xx_hal_gpio.o)
                0x2400c124                HAL_GPIO_Init
 .text.HAL_GPIO_DeInit
                0x2400c3a4      0x190 ../../libDaisy//build\libdaisy.a(stm32h7xx_hal_gpio.o)
                0x2400c3a4                HAL_GPIO_DeInit
 .text.HAL_GPIO_ReadPin
                0x2400c534        0xc ../../libDaisy//build\libdaisy.a(stm32h7xx_hal_gpio.o)
                0x2400c534                HAL_GPIO_ReadPin
 .text.HAL_GPIO_WritePin
                0x2400c540        0x8 ../../libDaisy//build\libdaisy.a(stm32h7xx_hal_gpio.o)
                0x2400c540                HAL_GPIO_WritePin
 .text.HAL_GPIO_TogglePin
                0x2400c548       0x10 ../../libDaisy//build\libdaisy.a(stm32h7xx_hal_gpio.o)
                0x2400c548                HAL_GPIO_TogglePin
 .text.HAL_HCD_HC_SubmitRequest
                0x2400c558       0xd0 ../../libDaisy//build\libdaisy.a(stm32h7xx_hal_hcd.o)
                0x2400c558                HAL_HCD_HC_SubmitRequest
 .text.HAL_HCD_IRQHandler
                0x2400c628      0x780 ../../libDaisy//build\libdaisy.a(stm32h7xx_hal_hcd.o)
                0x2400c628                HAL_HCD_IRQHandler
 .text.HAL_HCD_Stop
                0x2400cda8       0x28 ../../libDaisy//build\libdaisy.a(stm32h7xx_hal_hcd.o)
                0x2400cda8                HAL_HCD_Stop
 .text.HAL_HCD_HC_GetURBState
                0x2400cdd0       0x10 ../../libDaisy//build\libdaisy.a(stm32h7xx_hal_hcd.o)
                0x2400cdd0                HAL_HCD_HC_GetURBState
 .text.HAL_HCD_HC_GetXferCount
                0x2400cde0        0xc ../../libDaisy//build\libdaisy.a(stm32h7xx_hal_hcd.o)
                0x2400cde0                HAL_HCD_HC_GetXferCount
 .text.I2C_WaitOnTXISFlagUntilTimeout
                0x2400cdec       0xb8 ../../libDaisy//build\libdaisy.a(stm32h7xx_hal_i2c.o)
 .text.I2C_WaitOnSTOPFlagUntilTimeout
                0x2400cea4       0xac ../../libDaisy//build\libdaisy.a(stm32h7xx_hal_i2c.o)
 .text.HAL_I2C_Init
                0x2400cf50       0xac ../../libDaisy//build\libdaisy.a(stm32h7xx_hal_i2c.o)
                0x2400cf50                HAL_I2C_Init
 .text.HAL_I2C_Mem_Write
                0x2400cffc      0x254 ../../libDaisy//build\libdaisy.a(stm32h7xx_hal_i2c.o)
                0x2400cffc                HAL_I2C_Mem_Write
 .text.HAL_I2C_Mem_Read
                0x2400d250      0x29c ../../libDaisy//build\libdaisy.a(stm32h7xx_hal_i2c.o)
                0x2400d250                HAL_I2C_Mem_Read
 .text.HAL_I2C_EV_IRQHandler
                0x2400d4ec       0x10 ../../libDaisy//build\libdaisy.a(stm32h7xx_hal_i2c.o)
                0x2400d4ec                HAL_I2C_EV_IRQHandler
 .text.HAL_I2C_GetState
                0x2400d4fc        0x8 ../../libDaisy//build\libdaisy.a(stm32h7xx_hal_i2c.o)
                0x2400d4fc                HAL_I2C_GetState
 .text.HAL_I2CEx_ConfigAnalogFilter
                0x2400d504       0x54 ../../libDaisy//build\libdaisy.a(stm32h7xx_hal_i2c_ex.o)
                0x2400d504                HAL_I2CEx_ConfigAnalogFilter
 .text.HAL_I2CEx_ConfigDigitalFilter
                0x2400d558       0x58 ../../libDaisy//build\libdaisy.a(stm32h7xx_hal_i2c_ex.o)
                0x2400d558                HAL_I2CEx_ConfigDigitalFilter
 .text.HAL_PCD_Init
                0x2400d5b0      0x12c ../../libDaisy//build\libdaisy.a(stm32h7xx_hal_pcd.o)
                0x2400d5b0                HAL_PCD_Init
 .text.HAL_PCD_Start
                0x2400d6dc       0x44 ../../libDaisy//build\libdaisy.a(stm32h7xx_hal_pcd.o)
                0x2400d6dc                HAL_PCD_Start
 .text.HAL_PCD_IRQHandler
                0x2400d720      0x69c ../../libDaisy//build\libdaisy.a(stm32h7xx_hal_pcd.o)
                0x2400d720                HAL_PCD_IRQHandler
 .text.HAL_PCD_SetAddress
                0x2400ddbc       0x2c ../../libDaisy//build\libdaisy.a(stm32h7xx_hal_pcd.o)
                0x2400ddbc                HAL_PCD_SetAddress
 .text.HAL_PCD_EP_Open
                0x2400dde8       0x7c ../../libDaisy//build\libdaisy.a(stm32h7xx_hal_pcd.o)
                0x2400dde8                HAL_PCD_EP_Open
 .text.HAL_PCD_EP_Close
                0x2400de64       0x6c ../../libDaisy//build\libdaisy.a(stm32h7xx_hal_pcd.o)
                0x2400de64                HAL_PCD_EP_Close
 .text.HAL_PCD_EP_Receive
                0x2400ded0       0x50 ../../libDaisy//build\libdaisy.a(stm32h7xx_hal_pcd.o)
                0x2400ded0                HAL_PCD_EP_Receive
 .text.HAL_PCD_EP_GetRxCount
                0x2400df20       0x14 ../../libDaisy//build\libdaisy.a(stm32h7xx_hal_pcd.o)
                0x2400df20                HAL_PCD_EP_GetRxCount
 .text.HAL_PCD_EP_Transmit
                0x2400df34       0x50 ../../libDaisy//build\libdaisy.a(stm32h7xx_hal_pcd.o)
                0x2400df34                HAL_PCD_EP_Transmit
 .text.HAL_PCD_EP_SetStall
                0x2400df84       0x88 ../../libDaisy//build\libdaisy.a(stm32h7xx_hal_pcd.o)
                0x2400df84                HAL_PCD_EP_SetStall
 .text.HAL_PCD_EP_ClrStall
                0x2400e00c       0x78 ../../libDaisy//build\libdaisy.a(stm32h7xx_hal_pcd.o)
                0x2400e00c                HAL_PCD_EP_ClrStall
 .text.HAL_PCDEx_SetTxFiFo
                0x2400e084       0x54 ../../libDaisy//build\libdaisy.a(stm32h7xx_hal_pcd_ex.o)
                0x2400e084                HAL_PCDEx_SetTxFiFo
 .text.HAL_PCDEx_SetRxFiFo
                0x2400e0d8        0xc ../../libDaisy//build\libdaisy.a(stm32h7xx_hal_pcd_ex.o)
                0x2400e0d8                HAL_PCDEx_SetRxFiFo
 .text.HAL_PCDEx_ActivateLPM
                0x2400e0e4       0x30 ../../libDaisy//build\libdaisy.a(stm32h7xx_hal_pcd_ex.o)
                0x2400e0e4                HAL_PCDEx_ActivateLPM
 .text.HAL_PCDEx_LPM_Callback
                0x2400e114        0x4 ../../libDaisy//build\libdaisy.a(stm32h7xx_hal_pcd_ex.o)
                0x2400e114                HAL_PCDEx_LPM_Callback
 .text.HAL_PWREx_ConfigSupply
                0x2400e118       0x4c ../../libDaisy//build\libdaisy.a(stm32h7xx_hal_pwr_ex.o)
                0x2400e118                HAL_PWREx_ConfigSupply
 .text.HAL_PWREx_EnableUSBVoltageDetector
                0x2400e164       0x10 ../../libDaisy//build\libdaisy.a(stm32h7xx_hal_pwr_ex.o)
                0x2400e164                HAL_PWREx_EnableUSBVoltageDetector
 .text.QSPI_Config
                0x2400e174      0x174 ../../libDaisy//build\libdaisy.a(stm32h7xx_hal_qspi.o)
 .text.HAL_QSPI_Init
                0x2400e2e8       0xd8 ../../libDaisy//build\libdaisy.a(stm32h7xx_hal_qspi.o)
                0x2400e2e8                HAL_QSPI_Init
 .text.HAL_QSPI_DeInit
                0x2400e3c0       0x3c ../../libDaisy//build\libdaisy.a(stm32h7xx_hal_qspi.o)
                0x2400e3c0                HAL_QSPI_DeInit
 .text.HAL_QSPI_Command
                0x2400e3fc       0xd4 ../../libDaisy//build\libdaisy.a(stm32h7xx_hal_qspi.o)
                0x2400e3fc                HAL_QSPI_Command
 .text.HAL_QSPI_Transmit
                0x2400e4d0       0xfc ../../libDaisy//build\libdaisy.a(stm32h7xx_hal_qspi.o)
                0x2400e4d0                HAL_QSPI_Transmit
 .text.HAL_QSPI_Receive
                0x2400e5cc      0x108 ../../libDaisy//build\libdaisy.a(stm32h7xx_hal_qspi.o)
                0x2400e5cc                HAL_QSPI_Receive
 .text.HAL_QSPI_AutoPolling
                0x2400e6d4       0xf0 ../../libDaisy//build\libdaisy.a(stm32h7xx_hal_qspi.o)
                0x2400e6d4                HAL_QSPI_AutoPolling
 .text.HAL_QSPI_MemoryMapped
                0x2400e7c4       0xc0 ../../libDaisy//build\libdaisy.a(stm32h7xx_hal_qspi.o)
                0x2400e7c4                HAL_QSPI_MemoryMapped
 .text.HAL_QSPI_ErrorCallback
                0x2400e884        0x4 ../../libDaisy//build\libdaisy.a(stm32h7xx_hal_qspi.o)
                0x2400e884                HAL_QSPI_ErrorCallback
 .text.QSPI_DMAAbortCplt
                0x2400e888       0x38 ../../libDaisy//build\libdaisy.a(stm32h7xx_hal_qspi.o)
 .text.HAL_QSPI_AbortCpltCallback
                0x2400e8c0        0x4 ../../libDaisy//build\libdaisy.a(stm32h7xx_hal_qspi.o)
                0x2400e8c0                HAL_QSPI_AbortCpltCallback
 .text.HAL_QSPI_CmdCpltCallback
                0x2400e8c4        0x4 ../../libDaisy//build\libdaisy.a(stm32h7xx_hal_qspi.o)
                0x2400e8c4                HAL_QSPI_CmdCpltCallback
 .text.HAL_QSPI_RxCpltCallback
                0x2400e8c8        0x4 ../../libDaisy//build\libdaisy.a(stm32h7xx_hal_qspi.o)
                0x2400e8c8                HAL_QSPI_RxCpltCallback
 .text.HAL_QSPI_TxCpltCallback
                0x2400e8cc        0x4 ../../libDaisy//build\libdaisy.a(stm32h7xx_hal_qspi.o)
                0x2400e8cc                HAL_QSPI_TxCpltCallback
 .text.HAL_QSPI_FifoThresholdCallback
                0x2400e8d0        0x4 ../../libDaisy//build\libdaisy.a(stm32h7xx_hal_qspi.o)
                0x2400e8d0                HAL_QSPI_FifoThresholdCallback
 .text.HAL_QSPI_StatusMatchCallback
                0x2400e8d4        0x4 ../../libDaisy//build\libdaisy.a(stm32h7xx_hal_qspi.o)
                0x2400e8d4                HAL_QSPI_StatusMatchCallback
 .text.HAL_QSPI_TimeOutCallback
                0x2400e8d8        0x4 ../../libDaisy//build\libdaisy.a(stm32h7xx_hal_qspi.o)
                0x2400e8d8                HAL_QSPI_TimeOutCallback
 .text.HAL_QSPI_IRQHandler
                0x2400e8dc      0x210 ../../libDaisy//build\libdaisy.a(stm32h7xx_hal_qspi.o)
                0x2400e8dc                HAL_QSPI_IRQHandler
 .text.HAL_RCC_OscConfig
                0x2400eaec      0x51c ../../libDaisy//build\libdaisy.a(stm32h7xx_hal_rcc.o)
                0x2400eaec                HAL_RCC_OscConfig
 .text.HAL_RCC_GetSysClockFreq
                0x2400f008      0x140 ../../libDaisy//build\libdaisy.a(stm32h7xx_hal_rcc.o)
                0x2400f008                HAL_RCC_GetSysClockFreq
 .text.HAL_RCC_ClockConfig
                0x2400f148      0x234 ../../libDaisy//build\libdaisy.a(stm32h7xx_hal_rcc.o)
                0x2400f148                HAL_RCC_ClockConfig
 .text.HAL_RCC_GetHCLKFreq
                0x2400f37c       0x2c ../../libDaisy//build\libdaisy.a(stm32h7xx_hal_rcc.o)
                0x2400f37c                HAL_RCC_GetHCLKFreq
 .text.HAL_RCC_GetPCLK1Freq
                0x2400f3a8       0x38 ../../libDaisy//build\libdaisy.a(stm32h7xx_hal_rcc.o)
                0x2400f3a8                HAL_RCC_GetPCLK1Freq
 .text.HAL_RCC_GetPCLK2Freq
                0x2400f3e0       0x38 ../../libDaisy//build\libdaisy.a(stm32h7xx_hal_rcc.o)
                0x2400f3e0                HAL_RCC_GetPCLK2Freq
 .text.RCCEx_PLL2_Config
                0x2400f418       0xf4 ../../libDaisy//build\libdaisy.a(stm32h7xx_hal_rcc_ex.o)
 .text.RCCEx_PLL3_Config
                0x2400f50c       0xf4 ../../libDaisy//build\libdaisy.a(stm32h7xx_hal_rcc_ex.o)
 .text.HAL_RCCEx_PeriphCLKConfig
                0x2400f600      0xa7c ../../libDaisy//build\libdaisy.a(stm32h7xx_hal_rcc_ex.o)
                0x2400f600                HAL_RCCEx_PeriphCLKConfig
 .text.HAL_RCCEx_GetD3PCLK1Freq
                0x2401007c       0x24 ../../libDaisy//build\libdaisy.a(stm32h7xx_hal_rcc_ex.o)
                0x2401007c                HAL_RCCEx_GetD3PCLK1Freq
 .text.HAL_RCCEx_GetPLL2ClockFreq
                0x240100a0      0x17c ../../libDaisy//build\libdaisy.a(stm32h7xx_hal_rcc_ex.o)
                0x240100a0                HAL_RCCEx_GetPLL2ClockFreq
 .text.HAL_RCCEx_GetPLL3ClockFreq
                0x2401021c      0x17c ../../libDaisy//build\libdaisy.a(stm32h7xx_hal_rcc_ex.o)
                0x2401021c                HAL_RCCEx_GetPLL3ClockFreq
 .text.HAL_RCCEx_GetPLL1ClockFreq
                0x24010398      0x17c ../../libDaisy//build\libdaisy.a(stm32h7xx_hal_rcc_ex.o)
                0x24010398                HAL_RCCEx_GetPLL1ClockFreq
 .text.HAL_RCCEx_GetPeriphCLKFreq
                0x24010514      0x198 ../../libDaisy//build\libdaisy.a(stm32h7xx_hal_rcc_ex.o)
                0x24010514                HAL_RCCEx_GetPeriphCLKFreq
 .text.HAL_RCCEx_GetD1SysClockFreq
                0x240106ac       0x2c ../../libDaisy//build\libdaisy.a(stm32h7xx_hal_rcc_ex.o)
                0x240106ac                HAL_RCCEx_GetD1SysClockFreq
 .text.HAL_SAI_Init.part.0
                0x240106d8      0x348 ../../libDaisy//build\libdaisy.a(stm32h7xx_hal_sai.o)
 .text.HAL_SAI_InitProtocol
                0x24010a20      0x178 ../../libDaisy//build\libdaisy.a(stm32h7xx_hal_sai.o)
                0x24010a20                HAL_SAI_InitProtocol
 .text.HAL_SAI_DMAStop
                0x24010b98       0xd8 ../../libDaisy//build\libdaisy.a(stm32h7xx_hal_sai.o)
                0x24010b98                HAL_SAI_DMAStop
 .text.HAL_SAI_Transmit_DMA
                0x24010c70      0x124 ../../libDaisy//build\libdaisy.a(stm32h7xx_hal_sai.o)
                0x24010c70                HAL_SAI_Transmit_DMA
 .text.HAL_SAI_Receive_DMA
                0x24010d94       0xd0 ../../libDaisy//build\libdaisy.a(stm32h7xx_hal_sai.o)
                0x24010d94                HAL_SAI_Receive_DMA
 .text.HAL_SAI_TxCpltCallback
                0x24010e64        0x4 ../../libDaisy//build\libdaisy.a(stm32h7xx_hal_sai.o)
                0x24010e64                HAL_SAI_TxCpltCallback
 .text.SAI_DMATxCplt
                0x24010e68       0x64 ../../libDaisy//build\libdaisy.a(stm32h7xx_hal_sai.o)
 .text.HAL_SAI_TxHalfCpltCallback
                0x24010ecc        0x4 ../../libDaisy//build\libdaisy.a(stm32h7xx_hal_sai.o)
                0x24010ecc                HAL_SAI_TxHalfCpltCallback
 .text.SAI_DMATxHalfCplt
                0x24010ed0        0xc ../../libDaisy//build\libdaisy.a(stm32h7xx_hal_sai.o)
 .text.SAI_DMARxCplt
                0x24010edc       0x64 ../../libDaisy//build\libdaisy.a(stm32h7xx_hal_sai.o)
 .text.SAI_DMARxHalfCplt
                0x24010f40        0xc ../../libDaisy//build\libdaisy.a(stm32h7xx_hal_sai.o)
 .text.HAL_SAI_ErrorCallback
                0x24010f4c        0x4 ../../libDaisy//build\libdaisy.a(stm32h7xx_hal_sai.o)
                0x24010f4c                HAL_SAI_ErrorCallback
 .text.SAI_DMAError
                0x24010f50       0x6c ../../libDaisy//build\libdaisy.a(stm32h7xx_hal_sai.o)
 .text.SD_FindSCR
                0x24010fbc       0xe4 ../../libDaisy//build\libdaisy.a(stm32h7xx_hal_sd.o)
 .text.SD_HighSpeed
                0x240110a0      0x114 ../../libDaisy//build\libdaisy.a(stm32h7xx_hal_sd.o)
 .text.HAL_SD_ReadBlocks_DMA
                0x240111b4      0x114 ../../libDaisy//build\libdaisy.a(stm32h7xx_hal_sd.o)
                0x240111b4                HAL_SD_ReadBlocks_DMA
 .text.HAL_SD_WriteBlocks_DMA
                0x240112c8      0x108 ../../libDaisy//build\libdaisy.a(stm32h7xx_hal_sd.o)
                0x240112c8                HAL_SD_WriteBlocks_DMA
 .text.HAL_SD_ErrorCallback
                0x240113d0        0x4 ../../libDaisy//build\libdaisy.a(stm32h7xx_hal_sd.o)
                0x240113d0                HAL_SD_ErrorCallback
 .text.HAL_SD_GetCardCSD
                0x240113d4      0x17c ../../libDaisy//build\libdaisy.a(stm32h7xx_hal_sd.o)
                0x240113d4                HAL_SD_GetCardCSD
 .text.HAL_SD_InitCard
                0x24011550      0x1f4 ../../libDaisy//build\libdaisy.a(stm32h7xx_hal_sd.o)
                0x24011550                HAL_SD_InitCard
 .text.HAL_SD_GetCardStatus
                0x24011744      0x178 ../../libDaisy//build\libdaisy.a(stm32h7xx_hal_sd.o)
                0x24011744                HAL_SD_GetCardStatus
 .text.HAL_SD_GetCardInfo
                0x240118bc       0x28 ../../libDaisy//build\libdaisy.a(stm32h7xx_hal_sd.o)
                0x240118bc                HAL_SD_GetCardInfo
 .text.HAL_SD_ConfigWideBusOperation
                0x240118e4      0x12c ../../libDaisy//build\libdaisy.a(stm32h7xx_hal_sd.o)
                0x240118e4                HAL_SD_ConfigWideBusOperation
 .text.HAL_SD_Init
                0x24011a10       0xc8 ../../libDaisy//build\libdaisy.a(stm32h7xx_hal_sd.o)
                0x24011a10                HAL_SD_Init
 .text.HAL_SD_ConfigSpeedBusOperation
                0x24011ad8       0xc0 ../../libDaisy//build\libdaisy.a(stm32h7xx_hal_sd.o)
                0x24011ad8                HAL_SD_ConfigSpeedBusOperation
 .text.HAL_SD_GetCardState
                0x24011b98       0x28 ../../libDaisy//build\libdaisy.a(stm32h7xx_hal_sd.o)
                0x24011b98                HAL_SD_GetCardState
 .text.HAL_SDEx_Read_DMADoubleBuf0CpltCallback
                0x24011bc0        0x4 ../../libDaisy//build\libdaisy.a(stm32h7xx_hal_sd.o)
                0x24011bc0                HAL_SDEx_Read_DMADoubleBuf0CpltCallback
 .text.HAL_SDEx_Read_DMADoubleBuf1CpltCallback
                0x24011bc4        0x4 ../../libDaisy//build\libdaisy.a(stm32h7xx_hal_sd.o)
                0x24011bc4                HAL_SDEx_Read_DMADoubleBuf1CpltCallback
 .text.HAL_SDEx_Write_DMADoubleBuf0CpltCallback
                0x24011bc8        0x4 ../../libDaisy//build\libdaisy.a(stm32h7xx_hal_sd.o)
                0x24011bc8                HAL_SDEx_Write_DMADoubleBuf0CpltCallback
 .text.HAL_SDEx_Write_DMADoubleBuf1CpltCallback
                0x24011bcc        0x4 ../../libDaisy//build\libdaisy.a(stm32h7xx_hal_sd.o)
                0x24011bcc                HAL_SDEx_Write_DMADoubleBuf1CpltCallback
 .text.HAL_SD_IRQHandler
                0x24011bd0      0x248 ../../libDaisy//build\libdaisy.a(stm32h7xx_hal_sd.o)
                0x24011bd0                HAL_SD_IRQHandler
 .text.HAL_SDRAM_Init
                0x24011e18       0x54 ../../libDaisy//build\libdaisy.a(stm32h7xx_hal_sdram.o)
                0x24011e18                HAL_SDRAM_Init
 .text.HAL_SDRAM_SendCommand
                0x24011e6c       0x40 ../../libDaisy//build\libdaisy.a(stm32h7xx_hal_sdram.o)
                0x24011e6c                HAL_SDRAM_SendCommand
 .text.HAL_SDRAM_ProgramRefreshRate
                0x24011eac       0x30 ../../libDaisy//build\libdaisy.a(stm32h7xx_hal_sdram.o)
                0x24011eac                HAL_SDRAM_ProgramRefreshRate
 .text.HAL_TIM_Base_Init
                0x24011edc      0x140 ../../libDaisy//build\libdaisy.a(stm32h7xx_hal_tim.o)
                0x24011edc                HAL_TIM_Base_Init
 .text.HAL_TIM_Base_Start
                0x2401201c       0x34 ../../libDaisy//build\libdaisy.a(stm32h7xx_hal_tim.o)
                0x2401201c                HAL_TIM_Base_Start
 .text.HAL_TIM_Base_Start_IT
                0x24012050       0x2c ../../libDaisy//build\libdaisy.a(stm32h7xx_hal_tim.o)
                0x24012050                HAL_TIM_Base_Start_IT
 .text.HAL_TIM_ConfigClockSource
                0x2401207c      0x17c ../../libDaisy//build\libdaisy.a(stm32h7xx_hal_tim.o)
                0x2401207c                HAL_TIM_ConfigClockSource
 .text.HAL_TIM_OC_DelayElapsedCallback
                0x240121f8        0x4 ../../libDaisy//build\libdaisy.a(stm32h7xx_hal_tim.o)
                0x240121f8                HAL_TIM_OC_DelayElapsedCallback
 .text.HAL_TIM_IC_CaptureCallback
                0x240121fc        0x4 ../../libDaisy//build\libdaisy.a(stm32h7xx_hal_tim.o)
                0x240121fc                HAL_TIM_IC_CaptureCallback
 .text.HAL_TIM_PWM_PulseFinishedCallback
                0x24012200        0x4 ../../libDaisy//build\libdaisy.a(stm32h7xx_hal_tim.o)
                0x24012200                HAL_TIM_PWM_PulseFinishedCallback
 .text.HAL_TIM_TriggerCallback
                0x24012204        0x4 ../../libDaisy//build\libdaisy.a(stm32h7xx_hal_tim.o)
                0x24012204                HAL_TIM_TriggerCallback
 .text.HAL_TIM_IRQHandler
                0x24012208      0x170 ../../libDaisy//build\libdaisy.a(stm32h7xx_hal_tim.o)
                0x24012208                HAL_TIM_IRQHandler
 .text.HAL_TIMEx_MasterConfigSynchronization
                0x24012378       0x64 ../../libDaisy//build\libdaisy.a(stm32h7xx_hal_tim_ex.o)
                0x24012378                HAL_TIMEx_MasterConfigSynchronization
 .text.HAL_TIMEx_CommutCallback
                0x240123dc        0x4 ../../libDaisy//build\libdaisy.a(stm32h7xx_hal_tim_ex.o)
                0x240123dc                HAL_TIMEx_CommutCallback
 .text.HAL_TIMEx_BreakCallback
                0x240123e0        0x4 ../../libDaisy//build\libdaisy.a(stm32h7xx_hal_tim_ex.o)
                0x240123e0                HAL_TIMEx_BreakCallback
 .text.HAL_TIMEx_Break2Callback
                0x240123e4        0x4 ../../libDaisy//build\libdaisy.a(stm32h7xx_hal_tim_ex.o)
                0x240123e4                HAL_TIMEx_Break2Callback
 .text.FMC_SDRAM_Init
                0x240123e8       0x7c ../../libDaisy//build\libdaisy.a(stm32h7xx_ll_fmc.o)
                0x240123e8                FMC_SDRAM_Init
 .text.FMC_SDRAM_Timing_Init
                0x24012464       0x98 ../../libDaisy//build\libdaisy.a(stm32h7xx_ll_fmc.o)
                0x24012464                FMC_SDRAM_Timing_Init
 .text.FMC_SDRAM_SendCommand
                0x240124fc       0x28 ../../libDaisy//build\libdaisy.a(stm32h7xx_ll_fmc.o)
                0x240124fc                FMC_SDRAM_SendCommand
 .text.FMC_SDRAM_ProgramRefreshRate
                0x24012524       0x1c ../../libDaisy//build\libdaisy.a(stm32h7xx_ll_fmc.o)
                0x24012524                FMC_SDRAM_ProgramRefreshRate
 .text.SDMMC_Init
                0x24012540       0x38 ../../libDaisy//build\libdaisy.a(stm32h7xx_ll_sdmmc.o)
                0x24012540                SDMMC_Init
 .text.SDMMC_ReadFIFO
                0x24012578        0x8 ../../libDaisy//build\libdaisy.a(stm32h7xx_ll_sdmmc.o)
                0x24012578                SDMMC_ReadFIFO
 .text.SDMMC_WriteFIFO
                0x24012580        0xc ../../libDaisy//build\libdaisy.a(stm32h7xx_ll_sdmmc.o)
                0x24012580                SDMMC_WriteFIFO
 .text.SDMMC_PowerState_ON
                0x2401258c       0x18 ../../libDaisy//build\libdaisy.a(stm32h7xx_ll_sdmmc.o)
                0x2401258c                SDMMC_PowerState_ON
 .text.SDMMC_GetPowerState
                0x240125a4        0x8 ../../libDaisy//build\libdaisy.a(stm32h7xx_ll_sdmmc.o)
                0x240125a4                SDMMC_GetPowerState
 .text.SDMMC_GetResponse
                0x240125ac        0x8 ../../libDaisy//build\libdaisy.a(stm32h7xx_ll_sdmmc.o)
                0x240125ac                SDMMC_GetResponse
 .text.SDMMC_ConfigData
                0x240125b4       0x2c ../../libDaisy//build\libdaisy.a(stm32h7xx_ll_sdmmc.o)
                0x240125b4                SDMMC_ConfigData
 .text.SDMMC_CmdBlockLength
                0x240125e0      0x14c ../../libDaisy//build\libdaisy.a(stm32h7xx_ll_sdmmc.o)
                0x240125e0                SDMMC_CmdBlockLength
 .text.SDMMC_CmdReadSingleBlock
                0x2401272c      0x14c ../../libDaisy//build\libdaisy.a(stm32h7xx_ll_sdmmc.o)
                0x2401272c                SDMMC_CmdReadSingleBlock
 .text.SDMMC_CmdReadMultiBlock