Archive member included to satisfy reference by file (symbol)

../../libDaisy//build\libdaisy.a(daisy_patch_sm.o)
                              build/CVCalibration.o (daisy::patch_sm::DaisyPatchSM::Init())
../../libDaisy//build\libdaisy.a(codec_pcm3060.o)
                              ../../libDaisy//build\libdaisy.a(daisy_patch_sm.o) (daisy::Pcm3060::Init(daisy::I2CHandle))
../../libDaisy//build\libdaisy.a(sdram.o)
                              ../../libDaisy//build\libdaisy.a(daisy_patch_sm.o) (SdramHandle::Init())
../../libDaisy//build\libdaisy.a(audio.o)
                              ../../libDaisy//build\libdaisy.a(daisy_patch_sm.o) (daisy::AudioHandle::Init(daisy::AudioHandle::Config const&, daisy::SaiHandle))
../../libDaisy//build\libdaisy.a(ctrl.o)
                              ../../libDaisy//build\libdaisy.a(daisy_patch_sm.o) (daisy::AnalogControl::Init(unsigned short*, float, bool, bool, float))
../../libDaisy//build\libdaisy.a(gatein.o)
                              ../../libDaisy//build\libdaisy.a(daisy_patch_sm.o) (daisy::GateIn::Init(daisy::Pin, bool))
../../libDaisy//build\libdaisy.a(logger.o)
                              build/CVCalibration.o (daisy::Logger<(daisy::LoggerDestination)1>::PrintLine(char const*, ...))
../../libDaisy//build\libdaisy.a(switch.o)
                              build/CVCalibration.o (daisy::Switch::Init(dsy_gpio_pin, float))
../../libDaisy//build\libdaisy.a(usb.o)
                              ../../libDaisy//build\libdaisy.a(logger.o) (daisy::UsbHandle::Init(daisy::UsbHandle::UsbPeriph))
../../libDaisy//build\libdaisy.a(adc.o)
                              ../../libDaisy//build\libdaisy.a(daisy_patch_sm.o) (daisy::AdcChannelConfig::InitSingle(dsy_gpio_pin, daisy::AdcChannelConfig::ConversionSpeed))
../../libDaisy//build\libdaisy.a(dac.o)
                              ../../libDaisy//build\libdaisy.a(daisy_patch_sm.o) (daisy::DacHandle::Init(daisy::DacHandle::Config const&))
../../libDaisy//build\libdaisy.a(gpio.o)
                              ../../libDaisy//build\libdaisy.a(gatein.o) (daisy::GPIO::Init(daisy::Pin, daisy::GPIO::Mode, daisy::GPIO::Pull, daisy::GPIO::Speed))
../../libDaisy//build\libdaisy.a(i2c.o)
                              ../../libDaisy//build\libdaisy.a(daisy_patch_sm.o) (daisy::I2CHandle::Init(daisy::I2CHandle::Config const&))
../../libDaisy//build\libdaisy.a(qspi.o)
                              ../../libDaisy//build\libdaisy.a(daisy_patch_sm.o) (daisy::QSPIHandle::Init(daisy::QSPIHandle::Config const&))
../../libDaisy//build\libdaisy.a(sai.o)
                              ../../libDaisy//build\libdaisy.a(daisy_patch_sm.o) (daisy::SaiHandle::Init(daisy::SaiHandle::Config const&))
../../libDaisy//build\libdaisy.a(system.o)
                              build/CVCalibration.o (daisy::System::GetNow())
../../libDaisy//build\libdaisy.a(usbd_cdc_if.o)
                              ../../libDaisy//build\libdaisy.a(usb.o) (CDC_Transmit_FS)
../../libDaisy//build\libdaisy.a(usbd_conf.o)
                              ../../libDaisy//build\libdaisy.a(system.o) (hpcd_USB_OTG_HS)
../../libDaisy//build\libdaisy.a(usbd_desc.o)
                              ../../libDaisy//build\libdaisy.a(usb.o) (HS_Desc)
../../libDaisy//build\libdaisy.a(usbh_conf.o)
                              ../../libDaisy//build\libdaisy.a(system.o) (hhcd_USB_OTG_HS)
../../libDaisy//build\libdaisy.a(hal_map.o)
                              ../../libDaisy//build\libdaisy.a(gpio.o) (dsy_hal_map_get_port)
../../libDaisy//build\libdaisy.a(stm32h7xx_hal.o)
                              ../../libDaisy//build\libdaisy.a(system.o) (HAL_Init)
../../libDaisy//build\libdaisy.a(stm32h7xx_hal_adc.o)
                              ../../libDaisy//build\libdaisy.a(adc.o) (HAL_ADC_ConfigChannel)
../../libDaisy//build\libdaisy.a(stm32h7xx_hal_adc_ex.o)
                              ../../libDaisy//build\libdaisy.a(adc.o) (HAL_ADCEx_Calibration_Start)
../../libDaisy//build\libdaisy.a(stm32h7xx_hal_cortex.o)
                              ../../libDaisy//build\libdaisy.a(stm32h7xx_hal.o) (HAL_NVIC_SetPriorityGrouping)
../../libDaisy//build\libdaisy.a(stm32h7xx_hal_dac.o)
                              ../../libDaisy//build\libdaisy.a(dac.o) (HAL_DAC_Init)
../../libDaisy//build\libdaisy.a(stm32h7xx_hal_dac_ex.o)
                              ../../libDaisy//build\libdaisy.a(stm32h7xx_hal_dac.o) (HAL_DACEx_DMAUnderrunCallbackCh2)
../../libDaisy//build\libdaisy.a(stm32h7xx_hal_dma.o)
                              ../../libDaisy//build\libdaisy.a(adc.o) (HAL_DMA_Init)
../../libDaisy//build\libdaisy.a(stm32h7xx_hal_gpio.o)
                              ../../libDaisy//build\libdaisy.a(sdram.o) (HAL_GPIO_Init)
../../libDaisy//build\libdaisy.a(stm32h7xx_hal_hcd.o)
                              ../../libDaisy//build\libdaisy.a(usbh_conf.o) (HAL_HCD_HC_Init)
../../libDaisy//build\libdaisy.a(stm32h7xx_hal_i2c.o)
                              ../../libDaisy//build\libdaisy.a(i2c.o) (HAL_I2C_Init)
[...]
Memory Configuration

Name             Origin             Length             Attributes
FLASH            0x08000000         0x00020000         xr
DTCMRAM          0x20000000         0x00020000         xrw
SRAM             0x24000000         0x00078000         xrw
RAM_D2_DMA       0x30000000         0x00008000         xrw
RAM_D2           0x30008000         0x00040000         xrw
RAM_D3           0x38000000         0x00010000         xrw
BACKUP_SRAM      0x38800000         0x00001000         xrw
ITCMRAM          0x00000000         0x00010000         xrw
SDRAM            0xc0000000         0x04000000         xrw
QSPIFLASH        0x90040000         0x007c0000         xr
*default*        0x00000000         0xffffffff

Linker script and memory map

LOAD c:/program files/daisytoolchain/bin/../lib/gcc/arm-none-eabi/10.2.1/thumb/v7e-m+dp/hard/crti.o
LOAD c:/program files/daisytoolchain/bin/../lib/gcc/arm-none-eabi/10.2.1/thumb/v7e-m+dp/hard/crtbegin.o
LOAD c:/program files/daisytoolchain/bin/../lib/gcc/arm-none-eabi/10.2.1/../../../../arm-none-eabi/lib/thumb/v7e-m+dp/hard/crt0.o
LOAD build/startup_stm32h750xx.o
LOAD build/diskio.o
LOAD build/ff.o
LOAD build/ff_gen_drv.o
LOAD build/ccsbcs.o
LOAD build/CVCalibration.o
LOAD build/planter.o
LOAD ../../libDaisy//build\libdaisy.a
LOAD c:/program files/daisytoolchain/bin/../lib/gcc/arm-none-eabi/10.2.1/../../../../arm-none-eabi/lib/thumb/v7e-m+dp/hard\libnosys.a
LOAD ../../DaisySP//build\libdaisysp.a
LOAD c:/program files/daisytoolchain/bin/../lib/gcc/arm-none-eabi/10.2.1/../../../../arm-none-eabi/lib/thumb/v7e-m+dp/hard\libstdc++_nano.a
LOAD c:/program files/daisytoolchain/bin/../lib/gcc/arm-none-eabi/10.2.1/../../../../arm-none-eabi/lib/thumb/v7e-m+dp/hard\libm.a
LOAD c:/program files/daisytoolchain/bin/../lib/gcc/arm-none-eabi/10.2.1/../../../../arm-none-eabi/lib/thumb/v7e-m+dp/hard\libc_nano.a
START GROUP
LOAD c:/program files/daisytoolchain/bin/../lib/gcc/arm-none-eabi/10.2.1/thumb/v7e-m+dp/hard\libgcc.a
LOAD c:/program files/daisytoolchain/bin/../lib/gcc/arm-none-eabi/10.2.1/../../../../arm-none-eabi/lib/thumb/v7e-m+dp/hard\libc_nano.a
END GROUP
START GROUP
LOAD c:/program files/daisytoolchain/bin/../lib/gcc/arm-none-eabi/10.2.1/thumb/v7e-m+dp/hard\libgcc.a
LOAD c:/program files/daisytoolchain/bin/../lib/gcc/arm-none-eabi/10.2.1/../../../../arm-none-eabi/lib/thumb/v7e-m+dp/hard\libc_nano.a
LOAD c:/program files/daisytoolchain/bin/../lib/gcc/arm-none-eabi/10.2.1/../../../../arm-none-eabi/lib/thumb/v7e-m+dp/hard\libnosys.a
END GROUP
START GROUP
LOAD c:/program files/daisytoolchain/bin/../lib/gcc/arm-none-eabi/10.2.1/thumb/v7e-m+dp/hard\libgcc.a
LOAD c:/program files/daisytoolchain/bin/../lib/gcc/arm-none-eabi/10.2.1/../../../../arm-none-eabi/lib/thumb/v7e-m+dp/hard\libc_nano.a
LOAD c:/program files/daisytoolchain/bin/../lib/gcc/arm-none-eabi/10.2.1/../../../../arm-none-eabi/lib/thumb/v7e-m+dp/hard\libnosys.a
END GROUP
LOAD c:/program files/daisytoolchain/bin/../lib/gcc/arm-none-eabi/10.2.1/thumb/v7e-m+dp/hard/crtend.o
LOAD c:/program files/daisytoolchain/bin/../lib/gcc/arm-none-eabi/10.2.1/thumb/v7e-m+dp/hard/crtn.o
                0x20020000                _estack = 0x20020000

.isr_vector     0x24000000      0x298
                0x24000000                . = ALIGN (0x4)
 *(.isr_vector)
 .isr_vector    0x24000000      0x298 build/startup_stm32h750xx.o
                0x24000000                g_pfnVectors
                0x24000298                . = ALIGN (0x4)

.text           0x240002a0    0x18374
                0x240002a0                . = ALIGN (0x4)
                0x240002a0                _stext = .
 *(.text)
 .text          0x240002a0       0x40 c:/program files/daisytoolchain/bin/../lib/gcc/arm-none-eabi/10.2.1/thumb/v7e-m+dp/hard/crtbegin.o
 .text          0x240002e0       0x10 c:/program files/daisytoolchain/bin/../lib/gcc/arm-none-eabi/10.2.1/../../../../arm-none-eabi/lib/thumb/v7e-m+dp/hard\libc_nano.a(lib_a-strlen.o)
                0x240002e0                strlen
 .text          0x240002f0       0xa0 c:/program files/daisytoolchain/bin/../lib/gcc/arm-none-eabi/10.2.1/../../../../arm-none-eabi/lib/thumb/v7e-m+dp/hard\libc_nano.a(lib_a-memchr.o)
                0x240002f0                memchr
 .text          0x24000390      0x378 c:/program files/daisytoolchain/bin/../lib/gcc/arm-none-eabi/10.2.1/thumb/v7e-m+dp/hard\libgcc.a(_arm_addsubdf3.o)
                0x24000390                __aeabi_drsub
                0x24000398                __aeabi_dsub
                0x24000398                __subdf3
                0x2400039c                __aeabi_dadd
                0x2400039c                __adddf3
                0x24000614                __floatunsidf
                0x24000614                __aeabi_ui2d
                0x24000634                __floatsidf
                0x24000634                __aeabi_i2d
                0x24000658                __aeabi_f2d
                0x24000658                __extendsfdf2
                0x2400069c                __floatundidf
                0x2400069c                __aeabi_ul2d
                0x240006ac                __floatdidf
                0x240006ac                __aeabi_l2d
 .text          0x24000708       0x30 c:/program files/daisytoolchain/bin/../lib/gcc/arm-none-eabi/10.2.1/thumb/v7e-m+dp/hard\libgcc.a(_aeabi_uldivmod.o)
                0x24000708                __aeabi_uldivmod
 .text          0x24000738      0x2d0 c:/program files/daisytoolchain/bin/../lib/gcc/arm-none-eabi/10.2.1/thumb/v7e-m+dp/hard\libgcc.a(_udivmoddi4.o)
                0x24000738                __udivmoddi4
 .text          0x24000a08        0x4 c:/program files/daisytoolchain/bin/../lib/gcc/arm-none-eabi/10.2.1/thumb/v7e-m+dp/hard\libgcc.a(_dvmd_tls.o)
                0x24000a08                __aeabi_idiv0
                0x24000a08                __aeabi_ldiv0
 *(.text*)
 .text.Default_Handler
                0x24000a0c        0x4 build/startup_stm32h750xx.o
                0x24000a0c                RTC_Alarm_IRQHandler
                0x24000a0c                HASH_RNG_IRQHandler
                0x24000a0c                EXTI2_IRQHandler
                0x24000a0c                TIM8_CC_IRQHandler
                0x24000a0c                HRTIM1_Master_IRQHandler
                0x24000a0c                DebugMon_Handler
                0x24000a0c                TIM1_CC_IRQHandler
                0x24000a0c                BDMA_Channel6_IRQHandler
                0x24000a0c                DMA2_Stream5_IRQHandler
                0x24000a0c                HRTIM1_FLT_IRQHandler
                0x24000a0c                JPEG_IRQHandler
                0x24000a0c                BDMA_Channel1_IRQHandler
                0x24000a0c                HRTIM1_TIMD_IRQHandler
                0x24000a0c                TAMP_STAMP_IRQHandler
                0x24000a0c                PendSV_Handler
                0x24000a0c                NMI_Handler
                0x24000a0c                EXTI3_IRQHandler
                0x24000a0c                LPTIM4_IRQHandler
                0x24000a0c                TIM8_TRG_COM_TIM14_IRQHandler
                0x24000a0c                LPTIM2_IRQHandler
                0x24000a0c                DFSDM1_FLT1_IRQHandler
                0x24000a0c                DMAMUX2_OVR_IRQHandler
                0x24000a0c                TIM8_UP_TIM13_IRQHandler
                0x24000a0c                I2C3_ER_IRQHandler
                0x24000a0c                DFSDM1_FLT2_IRQHandler
                0x24000a0c                MDMA_IRQHandler
                0x24000a0c                LPTIM3_IRQHandler
                0x24000a0c                HSEM1_IRQHandler
                0x24000a0c                EXTI0_IRQHandler
                0x24000a0c                FPU_IRQHandler
                0x24000a0c                OTG_HS_WKUP_IRQHandler
                0x24000a0c                FDCAN1_IT1_IRQHandler
                0x24000a0c                UsageFault_Handler
                0x24000a0c                LTDC_ER_IRQHandler
                0x24000a0c                HRTIM1_TIME_IRQHandler
                0x24000a0c                DCMI_IRQHandler
                0x24000a0c                HRTIM1_TIMC_IRQHandler
                0x24000a0c                SAI2_IRQHandler
                0x24000a0c                DFSDM1_FLT3_IRQHandler
                0x24000a0c                TIM17_IRQHandler
                0x24000a0c                CRYP_IRQHandler
                0x24000a0c                BDMA_Channel7_IRQHandler
                0x24000a0c                LPTIM5_IRQHandler
                0x24000a0c                ADC3_IRQHandler
                0x24000a0c                BDMA_Channel2_IRQHandler
                0x24000a0c                DMAMUX1_OVR_IRQHandler
                0x24000a0c                TIM16_IRQHandler
                0x24000a0c                BDMA_Channel5_IRQHandler
                0x24000a0c                RCC_IRQHandler
                0x24000a0c                TIM8_BRK_TIM12_IRQHandler
                0x24000a0c                TIM1_TRG_COM_IRQHandler
                0x24000a0c                Default_Handler
                0x24000a0c                ECC_IRQHandler
                0x24000a0c                CEC_IRQHandler
                0x24000a0c                EXTI15_10_IRQHandler
                0x24000a0c                BDMA_Channel0_IRQHandler
                0x24000a0c                ADC_IRQHandler
                0x24000a0c                DMA1_Stream7_IRQHandler
                0x24000a0c                HRTIM1_TIMA_IRQHandler
                0x24000a0c                TIM7_IRQHandler
                0x24000a0c                SDMMC1_IRQHandler
                0x24000a0c                DMA2_Stream7_IRQHandler
                0x24000a0c                TIM15_IRQHandler
                0x24000a0c                PVD_AVD_IRQHandler
                0x24000a0c                EXTI9_5_IRQHandler
                0x24000a0c                RTC_WKUP_IRQHandler
                0x24000a0c                LTDC_IRQHandler
                0x24000a0c                SAI3_IRQHandler
                0x24000a0c                ETH_WKUP_IRQHandler
                0x24000a0c                SPDIF_RX_IRQHandler
                0x24000a0c                MemManage_Handler
                0x24000a0c                SVC_Handler
                0x24000a0c                CRS_IRQHandler
                0x24000a0c                EXTI4_IRQHandler
                0x24000a0c                HRTIM1_TIMB_IRQHandler
                0x24000a0c                FDCAN2_IT1_IRQHandler
                0x24000a0c                ETH_IRQHandler
                0x24000a0c                TIM1_UP_IRQHandler
                0x24000a0c                BDMA_Channel4_IRQHandler
                0x24000a0c                WWDG_IRQHandler
                0x24000a0c                SPI6_IRQHandler
                0x24000a0c                I2C4_EV_IRQHandler
                0x24000a0c                MDIOS_IRQHandler
                0x24000a0c                FDCAN2_IT0_IRQHandler
                0x24000a0c                FDCAN1_IT0_IRQHandler
                0x24000a0c                OTG_FS_WKUP_IRQHandler
                0x24000a0c                DMA2D_IRQHandler
                0x24000a0c                TIM1_BRK_IRQHandler
                0x24000a0c                EXTI1_IRQHandler
                0x24000a0c                SDMMC2_IRQHandler
                0x24000a0c                BDMA_Channel3_IRQHandler
                0x24000a0c                MDIOS_WKUP_IRQHandler
                0x24000a0c                DFSDM1_FLT0_IRQHandler
                0x24000a0c                SAI4_IRQHandler
                0x24000a0c                I2C2_ER_IRQHandler
                0x24000a0c                FLASH_IRQHandler
                0x24000a0c                BusFault_Handler
                0x24000a0c                WAKEUP_PIN_IRQHandler
                0x24000a0c                I2C1_ER_IRQHandler
                0x24000a0c                FMC_IRQHandler
                0x24000a0c                FDCAN_CAL_IRQHandler
                0x24000a0c                SWPMI1_IRQHandler
                0x24000a0c                COMP1_IRQHandler
                0x24000a0c                LPTIM1_IRQHandler
                0x24000a0c                I2C4_ER_IRQHandler
                0x24000a0c                DMA2_Stream6_IRQHandler
                0x24000a0c                SAI1_IRQHandler
 .text.Reset_Handler
                0x24000a10       0x40 build/startup_stm32h750xx.o
                0x24000a10                Reset_Handler
 .text._ZN5daisy8patch_sm12DaisyPatchSMD2Ev
                0x24000a50        0x4 build/CVCalibration.o
                0x24000a50                daisy::patch_sm::DaisyPatchSM::~DaisyPatchSM()
                0x24000a50                daisy::patch_sm::DaisyPatchSM::~DaisyPatchSM()
 .text._ZN7daisysp10OscillatorD2Ev
                0x24000a54        0x4 build/CVCalibration.o
                0x24000a54                daisysp::Oscillator::~Oscillator()
                0x24000a54                daisysp::Oscillator::~Oscillator()
 .text._ZN9anachrome7planterD2Ev
                0x24000a58        0x4 build/CVCalibration.o
                0x24000a58                anachrome::planter::~planter()
                0x24000a58                anachrome::planter::~planter()
 .text._Z13AudioCallbackPKPKfPPfj
                0x24000a5c       0x84 build/CVCalibration.o
                0x24000a5c                AudioCallback(float const* const*, float**, unsigned int)
 .text._ZN9anachrome7planter4InitEv
                0x24000ae0       0x90 build/CVCalibration.o
                0x24000ae0                anachrome::planter::Init()
 .text.startup.main
                0x24000b70      0x568 build/CVCalibration.o
                0x24000b70                main
 .text.startup._GLOBAL__sub_I_hw
                0x240010d8       0x78 build/CVCalibration.o
 .text._ZN9anachrome7planter17WriteCvOutBipolarEif
                0x24001150      0x104 build/planter.o
                0x24001150                anachrome::planter::WriteCvOutBipolar(int, float)
 .text._ZN9anachrome7planter7GetCvInEi
                0x24001254       0xb4 build/planter.o
                0x24001254                anachrome::planter::GetCvIn(int)
 .text._ZN9anachrome7planter8InitLedsEv
                0x24001308       0x28 build/planter.o
                0x24001308                anachrome::planter::InitLeds()
 .text._ZN9anachrome7planter6SetLedEib
                0x24001330        0xc build/planter.o
                0x24001330                anachrome::planter::SetLed(int, bool)
 .text._ZN9anachrome7planter12GetKnobValueEi
                0x2400133c       0x68 build/planter.o
                0x2400133c                anachrome::planter::GetKnobValue(int)
 .text._ZN9anachrome7planter20BootloaderResetCheckEv
                0x240013a4       0xac build/planter.o
                0x240013a4                anachrome::planter::BootloaderResetCheck()
 .text._ZN5daisy8patch_sm12DaisyPatchSM4Impl19InternalDacCallbackEPPtj
                0x24001450       0xa8 ../../libDaisy//build\libdaisy.a(daisy_patch_sm.o)
                0x24001450                daisy::patch_sm::DaisyPatchSM::Impl::InternalDacCallback(unsigned short**, unsigned int)
 .text._ZN5daisy8patch_sm12DaisyPatchSM4InitEv
                0x240014f8      0x29c ../../libDaisy//build\libdaisy.a(daisy_patch_sm.o)
                0x240014f8                daisy::patch_sm::DaisyPatchSM::Init()
 .text._ZN5daisy8patch_sm12DaisyPatchSM10StartAudioEPFvPKPKfPPfjE
                0x24001794        0x8 ../../libDaisy//build\libdaisy.a(daisy_patch_sm.o)
                0x24001794                daisy::patch_sm::DaisyPatchSM::StartAudio(void (*)(float const* const*, float**, unsigned int))
 .text._ZN5daisy8patch_sm12DaisyPatchSM9StopAudioEv
                0x2400179c        0x8 ../../libDaisy//build\libdaisy.a(daisy_patch_sm.o)
                0x2400179c                daisy::patch_sm::DaisyPatchSM::StopAudio()
 .text._ZN5daisy8patch_sm12DaisyPatchSM17SetAudioBlockSizeEj
                0x240017a4       0x54 ../../libDaisy//build\libdaisy.a(daisy_patch_sm.o)
                0x240017a4                daisy::patch_sm::DaisyPatchSM::SetAudioBlockSize(unsigned int)
 .text._ZN5daisy8patch_sm12DaisyPatchSM15AudioSampleRateEv
                0x240017f8        0x8 ../../libDaisy//build\libdaisy.a(daisy_patch_sm.o)
                0x240017f8                daisy::patch_sm::DaisyPatchSM::AudioSampleRate()
 .text._ZN5daisy8patch_sm12DaisyPatchSM17AudioCallbackRateEv
                0x24001800        0x8 ../../libDaisy//build\libdaisy.a(daisy_patch_sm.o)
                0x24001800                daisy::patch_sm::DaisyPatchSM::AudioCallbackRate()
 .text._ZN5daisy8patch_sm12DaisyPatchSM7StopAdcEv
                0x24001808        0x8 ../../libDaisy//build\libdaisy.a(daisy_patch_sm.o)
                0x24001808                daisy::patch_sm::DaisyPatchSM::StopAdc()
 .text._ZN5daisy8patch_sm12DaisyPatchSM21ProcessAnalogControlsEv
                0x24001810       0x18 ../../libDaisy//build\libdaisy.a(daisy_patch_sm.o)
                0x24001810                daisy::patch_sm::DaisyPatchSM::ProcessAnalogControls()
 .text._ZN5daisy8patch_sm12DaisyPatchSM22ProcessDigitalControlsEv
                0x24001828        0x4 ../../libDaisy//build\libdaisy.a(daisy_patch_sm.o)
                0x24001828                daisy::patch_sm::DaisyPatchSM::ProcessDigitalControls()
 .text._ZN5daisy8patch_sm12DaisyPatchSM11GetAdcValueEi
                0x2400182c        0xc ../../libDaisy//build\libdaisy.a(daisy_patch_sm.o)
                0x2400182c                daisy::patch_sm::DaisyPatchSM::GetAdcValue(int)
 .text._ZN5daisy8patch_sm12DaisyPatchSM10WriteCvOutEif
                0x24001838       0x84 ../../libDaisy//build\libdaisy.a(daisy_patch_sm.o)
                0x24001838                daisy::patch_sm::DaisyPatchSM::WriteCvOut(int, float)
 .text._ZN5daisy8patch_sm12DaisyPatchSM13ValidateSDRAMEv
                0x240018bc       0x58 ../../libDaisy//build\libdaisy.a(daisy_patch_sm.o)
                0x240018bc                daisy::patch_sm::DaisyPatchSM::ValidateSDRAM()
 .text._ZN5daisy8patch_sm12DaisyPatchSM12ValidateQSPIEb
                0x24001914       0x84 ../../libDaisy//build\libdaisy.a(daisy_patch_sm.o)
                0x24001914                daisy::patch_sm::DaisyPatchSM::ValidateQSPI(bool)
 .text.startup._GLOBAL__sub_I__ZN5daisy8patch_sm12DaisyPatchSM2A1E
                0x24001998       0x28 ../../libDaisy//build\libdaisy.a(daisy_patch_sm.o)
 .text._ZN5daisy7Pcm30604InitENS_9I2CHandleE
                0x240019c0      0x16c ../../libDaisy//build\libdaisy.a(codec_pcm3060.o)
                0x240019c0                daisy::Pcm3060::Init(daisy::I2CHandle)
 .text._ZN11SdramHandle10DeviceInitEv
                0x24001b2c       0x98 ../../libDaisy//build\libdaisy.a(sdram.o)
                0x24001b2c                SdramHandle::DeviceInit()
 .text._ZN11SdramHandle4InitEv
                0x24001bc4       0x7c ../../libDaisy//build\libdaisy.a(sdram.o)
                0x24001bc4                SdramHandle::Init()
 .text.HAL_SDRAM_MspInit
                0x24001c40      0x1a8 ../../libDaisy//build\libdaisy.a(sdram.o)
                0x24001c40                HAL_SDRAM_MspInit
 .text._ZN5daisy11AudioHandle4Impl16InternalCallbackEPlS2_j
                0x24001de8      0xbbc ../../libDaisy//build\libdaisy.a(audio.o)
                0x24001de8                daisy::AudioHandle::Impl::InternalCallback(long*, long*, unsigned int)
 .text._ZN5daisy11AudioHandle4InitERKNS0_6ConfigENS_9SaiHandleE
                0x240029a4       0x70 ../../libDaisy//build\libdaisy.a(audio.o)
                0x240029a4                daisy::AudioHandle::Init(daisy::AudioHandle::Config const&, daisy::SaiHandle)
 .text._ZNK5daisy11AudioHandle9GetConfigEv
                0x24002a14        0x8 ../../libDaisy//build\libdaisy.a(audio.o)
                0x24002a14                daisy::AudioHandle::GetConfig() const
 .text._ZN5daisy11AudioHandle12SetBlockSizeEj
                0x24002a1c       0x1c ../../libDaisy//build\libdaisy.a(audio.o)
                0x24002a1c                daisy::AudioHandle::SetBlockSize(unsigned int)
 .text._ZN5daisy11AudioHandle13GetSampleRateEv
                0x24002a38        0x8 ../../libDaisy//build\libdaisy.a(audio.o)
                0x24002a38                daisy::AudioHandle::GetSampleRate()
 .text._ZN5daisy11AudioHandle5StartEPFvPKPKfPPfjE
                0x24002a40       0x44 ../../libDaisy//build\libdaisy.a(audio.o)
                0x24002a40                daisy::AudioHandle::Start(void (*)(float const* const*, float**, unsigned int))
 .text._ZN5daisy11AudioHandle4StopEv
                0x24002a84       0x20 ../../libDaisy//build\libdaisy.a(audio.o)
                0x24002a84                daisy::AudioHandle::Stop()
 .text.startup._GLOBAL__sub_I__ZN5daisy11AudioHandle4Impl4InitENS0_6ConfigENS_9SaiHandleE
                0x24002aa4       0x24 ../../libDaisy//build\libdaisy.a(audio.o)
 .text._ZN5daisy13AnalogControl4InitEPtfbbf
                0x24002ac8       0x64 ../../libDaisy//build\libdaisy.a(ctrl.o)
                0x24002ac8                daisy::AnalogControl::Init(unsigned short*, float, bool, bool, float)
 .text._ZN5daisy13AnalogControl13InitBipolarCvEPtf
                0x24002b2c       0x6c ../../libDaisy//build\libdaisy.a(ctrl.o)
                0x24002b2c                daisy::AnalogControl::InitBipolarCv(unsigned short*, float)
 .text._ZN5daisy13AnalogControl7ProcessEv
                0x24002b98       0x48 ../../libDaisy//build\libdaisy.a(ctrl.o)
                0x24002b98                daisy::AnalogControl::Process()
 .text._ZN5daisy13AnalogControl13SetSampleRateEf
                0x24002be0       0x58 ../../libDaisy//build\libdaisy.a(ctrl.o)
                0x24002be0                daisy::AnalogControl::SetSampleRate(float)
 .text._ZN5daisy6GateIn4InitENS_3PinEb
                0x24002c38       0x24 ../../libDaisy//build\libdaisy.a(gatein.o)
                0x24002c38                daisy::GateIn::Init(daisy::Pin, bool)
 .text._ZN5daisy9UsbHandleD2Ev
                0x24002c5c        0x4 ../../libDaisy//build\libdaisy.a(logger.o)
                0x24002c5c                daisy::UsbHandle::~UsbHandle()
                0x24002c5c                daisy::UsbHandle::~UsbHandle()
 .text._ZN5daisy6LoggerILNS_17LoggerDestinationE1EE11TransmitBufEv
                0x24002c60       0x60 ../../libDaisy//build\libdaisy.a(logger.o)
                0x24002c60                daisy::Logger<(daisy::LoggerDestination)1>::TransmitBuf()
 .text._ZN5daisy6LoggerILNS_17LoggerDestinationE1EE13AppendNewLineEv
                0x24002cc0       0x60 ../../libDaisy//build\libdaisy.a(logger.o)
                0x24002cc0                daisy::Logger<(daisy::LoggerDestination)1>::AppendNewLine()
 .text._ZN5daisy6LoggerILNS_17LoggerDestinationE1EE10PrintLineVEPKcSt9__va_list
                0x24002d20       0x30 ../../libDaisy//build\libdaisy.a(logger.o)
                0x24002d20                daisy::Logger<(daisy::LoggerDestination)1>::PrintLineV(char const*, std::__va_list)
 .text._ZN5daisy6LoggerILNS_17LoggerDestinationE1EE9PrintLineEPKcz
                0x24002d50       0x1c ../../libDaisy//build\libdaisy.a(logger.o)
                0x24002d50                daisy::Logger<(daisy::LoggerDestination)1>::PrintLine(char const*, ...)
 .text._ZN5daisy6LoggerILNS_17LoggerDestinationE2EE11TransmitBufEv
                0x24002d6c       0x60 ../../libDaisy//build\libdaisy.a(logger.o)
                0x24002d6c                daisy::Logger<(daisy::LoggerDestination)2>::TransmitBuf()
 .text._ZN5daisy6LoggerILNS_17LoggerDestinationE2EE13AppendNewLineEv
                0x24002dcc       0x60 ../../libDaisy//build\libdaisy.a(logger.o)
                0x24002dcc                daisy::Logger<(daisy::LoggerDestination)2>::AppendNewLine()
 .text._ZN5daisy6LoggerILNS_17LoggerDestinationE2EE10PrintLineVEPKcSt9__va_list
                0x24002e2c       0x30 ../../libDaisy//build\libdaisy.a(logger.o)
                0x24002e2c                daisy::Logger<(daisy::LoggerDestination)2>::PrintLineV(char const*, std::__va_list)
 .text._ZN5daisy6LoggerILNS_17LoggerDestinationE2EE9PrintLineEPKcz
                0x24002e5c       0x1c ../../libDaisy//build\libdaisy.a(logger.o)
                0x24002e5c                daisy::Logger<(daisy::LoggerDestination)2>::PrintLine(char const*, ...)
 .text._ZN5daisy6LoggerILNS_17LoggerDestinationE2EE8StartLogEb
                0x24002e78       0x40 ../../libDaisy//build\libdaisy.a(logger.o)
                0x24002e78                daisy::Logger<(daisy::LoggerDestination)2>::StartLog(bool)
 .text.startup._GLOBAL__sub_I__ZN5daisy10LoggerImplILNS_17LoggerDestinationE1EE11usb_handle_E
                0x24002eb8       0x2c ../../libDaisy//build\libdaisy.a(logger.o)
 .text._ZN5daisy6Switch4InitE12dsy_gpio_pinf
                0x24002ee4       0x34 ../../libDaisy//build\libdaisy.a(switch.o)
                0x24002ee4                daisy::Switch::Init(dsy_gpio_pin, float)
 .text._ZN5daisy6Switch8DebounceEv
                0x24002f18       0x5c ../../libDaisy//build\libdaisy.a(switch.o)
                0x24002f18                daisy::Switch::Debounce()
 .text.DummyRxCallback
                0x24002f74        0x4 ../../libDaisy//build\libdaisy.a(usb.o)
                0x24002f74                DummyRxCallback
 .text._ZN5daisy9UsbHandle4InitENS0_9UsbPeriphE
                0x24002f78      0x10c ../../libDaisy//build\libdaisy.a(usb.o)
                0x24002f78                daisy::UsbHandle::Init(daisy::UsbHandle::UsbPeriph)
 .text._ZN5daisy9UsbHandle16TransmitInternalEPhj
                0x24003084       0x14 ../../libDaisy//build\libdaisy.a(usb.o)
                0x24003084                daisy::UsbHandle::TransmitInternal(unsigned char*, unsigned int)
 .text._ZN5daisy9UsbHandle16TransmitExternalEPhj
                0x24003098       0x14 ../../libDaisy//build\libdaisy.a(usb.o)
                0x24003098                daisy::UsbHandle::TransmitExternal(unsigned char*, unsigned int)
 .text.OTG_FS_EP1_OUT_IRQHandler
                0x240030ac        0xc ../../libDaisy//build\libdaisy.a(usb.o)
                0x240030ac                OTG_FS_EP1_OUT_IRQHandler
 .text.OTG_FS_EP1_IN_IRQHandler
                0x240030b8        0xc ../../libDaisy//build\libdaisy.a(usb.o)
                0x240030b8                OTG_FS_EP1_IN_IRQHandler
 .text.OTG_FS_IRQHandler
                0x240030c4        0xc ../../libDaisy//build\libdaisy.a(usb.o)
                0x240030c4                OTG_FS_IRQHandler
 .text._ZN5daisy16AdcChannelConfig10InitSingleE12dsy_gpio_pinNS0_15ConversionSpeedE
                0x240030d0       0x28 ../../libDaisy//build\libdaisy.a(adc.o)
                0x240030d0                daisy::AdcChannelConfig::InitSingle(dsy_gpio_pin, daisy::AdcChannelConfig::ConversionSpeed)
 .text._ZN5daisy9AdcHandle4InitEPNS_16AdcChannelConfigEjNS0_12OverSamplingE
                0x240030f8      0x41c ../../libDaisy//build\libdaisy.a(adc.o)
                0x240030f8                daisy::AdcHandle::Init(daisy::AdcChannelConfig*, unsigned int, daisy::AdcHandle::OverSampling)
 .text._ZN5daisy9AdcHandle5StartEv
                0x24003514       0x2c ../../libDaisy//build\libdaisy.a(adc.o)
                0x24003514                daisy::AdcHandle::Start()
 .text._ZN5daisy9AdcHandle4StopEv
                0x24003540        0xc ../../libDaisy//build\libdaisy.a(adc.o)
                0x24003540                daisy::AdcHandle::Stop()
 .text._ZNK5daisy9AdcHandle3GetEh
                0x2400354c       0x18 ../../libDaisy//build\libdaisy.a(adc.o)
                0x2400354c                daisy::AdcHandle::Get(unsigned char) const
 .text._ZNK5daisy9AdcHandle6GetPtrEh
                0x24003564       0x14 ../../libDaisy//build\libdaisy.a(adc.o)
                0x24003564                daisy::AdcHandle::GetPtr(unsigned char) const
 .text.HAL_ADC_MspInit
                0x24003578       0x98 ../../libDaisy//build\libdaisy.a(adc.o)
                0x24003578                HAL_ADC_MspInit
 .text.DMA1_Stream2_IRQHandler
                0x24003610        0xc ../../libDaisy//build\libdaisy.a(adc.o)
                0x24003610                DMA1_Stream2_IRQHandler
 .text.HAL_ADC_ConvCpltCallback
                0x2400361c      0x148 ../../libDaisy//build\libdaisy.a(adc.o)
                0x2400361c                HAL_ADC_ConvCpltCallback
 .text.HAL_ADC_ErrorCallback
                0x24003764        0x4 ../../libDaisy//build\libdaisy.a(adc.o)
                0x24003764                HAL_ADC_ErrorCallback
 .text.HAL_DAC_MspInit
                0x24003768      0x15c ../../libDaisy//build\libdaisy.a(dac.o)
                0x24003768                HAL_DAC_MspInit
 .text.DMA2_Stream0_IRQHandler
                0x240038c4        0xc ../../libDaisy//build\libdaisy.a(dac.o)
                0x240038c4                DMA2_Stream0_IRQHandler
 .text.DMA2_Stream1_IRQHandler
                0x240038d0        0xc ../../libDaisy//build\libdaisy.a(dac.o)
                0x240038d0                DMA2_Stream1_IRQHandler
 .text.TIM6_DAC_IRQHandler
                0x240038dc       0x1c ../../libDaisy//build\libdaisy.a(dac.o)
                0x240038dc                TIM6_DAC_IRQHandler
 .text.HAL_DAC_ConvCpltCallbackCh1
                0x240038f8       0x60 ../../libDaisy//build\libdaisy.a(dac.o)
                0x240038f8                HAL_DAC_ConvCpltCallbackCh1
 .text.HAL_DAC_ConvHalfCpltCallbackCh1
                0x24003958       0x54 ../../libDaisy//build\libdaisy.a(dac.o)
                0x24003958                HAL_DAC_ConvHalfCpltCallbackCh1
 .text.HAL_DACEx_ConvHalfCpltCallbackCh2
                0x240039ac       0x2c ../../libDaisy//build\libdaisy.a(dac.o)
                0x240039ac                HAL_DACEx_ConvHalfCpltCallbackCh2
 .text.HAL_DACEx_ConvCpltCallbackCh2
                0x240039d8       0x34 ../../libDaisy//build\libdaisy.a(dac.o)
                0x240039d8                HAL_DACEx_ConvCpltCallbackCh2
 .text._ZN5daisy9DacHandle4InitERKNS0_6ConfigE
                0x24003a0c       0xfc ../../libDaisy//build\libdaisy.a(dac.o)
                0x24003a0c                daisy::DacHandle::Init(daisy::DacHandle::Config const&)
 .text._ZN5daisy9DacHandle5StartEPtS1_jPFvPS1_jE
                0x24003b08       0x6c ../../libDaisy//build\libdaisy.a(dac.o)
                0x24003b08                daisy::DacHandle::Start(unsigned short*, unsigned short*, unsigned int, void (*)(unsigned short**, unsigned int))
 .text._ZN5daisy9DacHandle4StopEv
                0x24003b74       0x40 ../../libDaisy//build\libdaisy.a(dac.o)
                0x24003b74                daisy::DacHandle::Stop()
 .text._ZN5daisy4GPIO4InitENS_3PinENS0_4ModeENS0_4PullENS0_5SpeedE
                0x24003bb4      0x1cc ../../libDaisy//build\libdaisy.a(gpio.o)
                0x24003bb4                daisy::GPIO::Init(daisy::Pin, daisy::GPIO::Mode, daisy::GPIO::Pull, daisy::GPIO::Speed)
 .text.dsy_gpio_init
                0x24003d80      0x1b8 ../../libDaisy//build\libdaisy.a(gpio.o)
                0x24003d80                dsy_gpio_init
 .text.dsy_gpio_read
                0x24003f38       0x1c ../../libDaisy//build\libdaisy.a(gpio.o)
                0x24003f38                dsy_gpio_read
 .text.dsy_gpio_write
                0x24003f54       0x24 ../../libDaisy//build\libdaisy.a(gpio.o)
                0x24003f54                dsy_gpio_write
 .text._ZN5daisy9I2CHandle4Impl8InitPinsEv
                0x24003f78       0x58 ../../libDaisy//build\libdaisy.a(i2c.o)
                0x24003f78                daisy::I2CHandle::Impl::InitPins()
 .text.HAL_I2C_MspInit
                0x24003fd0      0x1b4 ../../libDaisy//build\libdaisy.a(i2c.o)
                0x24003fd0                HAL_I2C_MspInit
 .text.dsy_i2c_global_init
                0x24004184       0x78 ../../libDaisy//build\libdaisy.a(i2c.o)
                0x24004184                dsy_i2c_global_init
 .text.DMA1_Stream6_IRQHandler
                0x240041fc       0x34 ../../libDaisy//build\libdaisy.a(i2c.o)
                0x240041fc                DMA1_Stream6_IRQHandler
 .text.I2C1_EV_IRQHandler
                0x24004230        0xc ../../libDaisy//build\libdaisy.a(i2c.o)
                0x24004230                I2C1_EV_IRQHandler
 .text.I2C2_EV_IRQHandler
                0x2400423c        0xc ../../libDaisy//build\libdaisy.a(i2c.o)
                0x2400423c                I2C2_EV_IRQHandler
 .text.I2C3_EV_IRQHandler
                0x24004248        0xc ../../libDaisy//build\libdaisy.a(i2c.o)
                0x24004248                I2C3_EV_IRQHandler
 .text._ZN5daisy9I2CHandle4InitERKNS0_6ConfigE
                0x24004254      0x12c ../../libDaisy//build\libdaisy.a(i2c.o)
                0x24004254                daisy::I2CHandle::Init(daisy::I2CHandle::Config const&)
 .text._ZN5daisy9I2CHandle17ReadDataAtAddressEtttPhtm
                0x24004380       0x4c ../../libDaisy//build\libdaisy.a(i2c.o)
                0x24004380                daisy::I2CHandle::ReadDataAtAddress(unsigned short, unsigned short, unsigned short, unsigned char*, unsigned short, unsigned long)
 .text._ZN5daisy9I2CHandle18WriteDataAtAddressEtttPhtm
                0x240043cc       0x4c ../../libDaisy//build\libdaisy.a(i2c.o)
                0x240043cc                daisy::I2CHandle::WriteDataAtAddress(unsigned short, unsigned short, unsigned short, unsigned char*, unsigned short, unsigned long)
 .text.startup._GLOBAL__sub_I__ZN5daisy9I2CHandle4Impl10GlobalInitEv
                0x24004418       0x18 ../../libDaisy//build\libdaisy.a(i2c.o)
 .text._ZN5daisy10QSPIHandle4Impl11WriteEnableEv
                0x24004430       0x8c ../../libDaisy//build\libdaisy.a(qspi.o)
                0x24004430                daisy::QSPIHandle::Impl::WriteEnable()
 *fill*         0x240044bc        0x4 
 .text._ZN5daisy10QSPIHandle4Impl17DummyCyclesConfigENS0_6Config6DeviceE
                0x240044c0      0x118 ../../libDaisy//build\libdaisy.a(qspi.o)
                0x240044c0                daisy::QSPIHandle::Impl::DummyCyclesConfig(daisy::QSPIHandle::Config::Device)
 .text._ZN5daisy10QSPIHandle4Impl10QuadEnableEv
                0x240045d8      0x158 ../../libDaisy//build\libdaisy.a(qspi.o)
                0x240045d8                daisy::QSPIHandle::Impl::QuadEnable()
 .text._ZN5daisy10QSPIHandle4Impl4InitERKNS0_6ConfigE
                0x24004730      0x194 ../../libDaisy//build\libdaisy.a(qspi.o)
                0x24004730                daisy::QSPIHandle::Impl::Init(daisy::QSPIHandle::Config const&)
 *fill*         0x240048c4        0x4 
 .text._ZN5daisy10QSPIHandle4Impl7SetModeENS0_6Config4ModeE.part.0
                0x240048c8      0x17c ../../libDaisy//build\libdaisy.a(qspi.o)
 .text._ZN5daisy10QSPIHandle4Impl9WritePageEmmPhb
                0x24004a44      0x194 ../../libDaisy//build\libdaisy.a(qspi.o)
                0x24004a44                daisy::QSPIHandle::Impl::WritePage(unsigned long, unsigned long, unsigned char*, bool)
 .text._ZN5daisy10QSPIHandle4Impl5WriteEmmPh
                0x24004bd8      0x320 ../../libDaisy//build\libdaisy.a(qspi.o)
                0x24004bd8                daisy::QSPIHandle::Impl::Write(unsigned long, unsigned long, unsigned char*)
 .text._ZN5daisy10QSPIHandle4InitERKNS0_6ConfigE
                0x24004ef8      0x198 ../../libDaisy//build\libdaisy.a(qspi.o)
                0x24004ef8                daisy::QSPIHandle::Init(daisy::QSPIHandle::Config const&)
 .text._ZN5daisy10QSPIHandle5WriteEmmPh
                0x24005090        0x8 ../../libDaisy//build\libdaisy.a(qspi.o)
                0x24005090                daisy::QSPIHandle::Write(unsigned long, unsigned long, unsigned char*)
 .text._ZN5daisy10QSPIHandle5EraseEmm
                0x24005098      0x1d4 ../../libDaisy//build\libdaisy.a(qspi.o)
                0x24005098                daisy::QSPIHandle::Erase(unsigned long, unsigned long)
 .text.HAL_QSPI_MspInit
                0x2400526c      0x11c ../../libDaisy//build\libdaisy.a(qspi.o)
                0x2400526c                HAL_QSPI_MspInit
 .text.HAL_QSPI_MspDeInit
                0x24005388       0x54 ../../libDaisy//build\libdaisy.a(qspi.o)
                0x24005388                HAL_QSPI_MspDeInit
 .text.QUADSPI_IRQHandler
                0x240053dc        0xc ../../libDaisy//build\libdaisy.a(qspi.o)
                0x240053dc                QUADSPI_IRQHandler
 .text.startup._GLOBAL__sub_I__ZN5daisy10QSPIHandle4Impl4InitERKNS0_6ConfigE
                0x240053e8       0x28 ../../libDaisy//build\libdaisy.a(qspi.o)
 .text._ZN5daisy9SaiHandle4Impl7InitDmaENS1_15PeripheralBlockE
                0x24005410       0xa0 ../../libDaisy//build\libdaisy.a(sai.o)
                0x24005410                daisy::SaiHandle::Impl::InitDma(daisy::SaiHandle::Impl::PeripheralBlock)
 .text._ZN5daisy9SaiHandle4Impl8InitPinsEv
                0x240054b0       0xa8 ../../libDaisy//build\libdaisy.a(sai.o)
                0x240054b0                daisy::SaiHandle::Impl::InitPins()
 .text.HAL_SAI_MspInit
                0x24005558      0x164 ../../libDaisy//build\libdaisy.a(sai.o)
                0x24005558                HAL_SAI_MspInit
 .text.DMA1_Stream0_IRQHandler
                0x240056bc        0xc ../../libDaisy//build\libdaisy.a(sai.o)
                0x240056bc                DMA1_Stream0_IRQHandler
 .text.DMA1_Stream1_IRQHandler
                0x240056c8        0xc ../../libDaisy//build\libdaisy.a(sai.o)
                0x240056c8                DMA1_Stream1_IRQHandler
 .text.DMA1_Stream3_IRQHandler
                0x240056d4        0xc ../../libDaisy//build\libdaisy.a(sai.o)
                0x240056d4                DMA1_Stream3_IRQHandler
 .text.DMA1_Stream4_IRQHandler
                0x240056e0        0xc ../../libDaisy//build\libdaisy.a(sai.o)
                0x240056e0                DMA1_Stream4_IRQHandler
 .text.HAL_SAI_RxHalfCpltCallback
                0x240056ec       0x78 ../../libDaisy//build\libdaisy.a(sai.o)
                0x240056ec                HAL_SAI_RxHalfCpltCallback
 .text.HAL_SAI_RxCpltCallback
                0x24005764       0x70 ../../libDaisy//build\libdaisy.a(sai.o)
                0x24005764                HAL_SAI_RxCpltCallback
 *fill*         0x240057d4        0x4 
 .text._ZN5daisy9SaiHandle4InitERKNS0_6ConfigE
                0x240057d8      0x1f0 ../../libDaisy//build\libdaisy.a(sai.o)
                0x240057d8                daisy::SaiHandle::Init(daisy::SaiHandle::Config const&)
 .text._ZNK5daisy9SaiHandle9GetConfigEv
                0x240059c8        0x4 ../../libDaisy//build\libdaisy.a(sai.o)
                0x240059c8                daisy::SaiHandle::GetConfig() const
 .text._ZN5daisy9SaiHandle8StartDmaEPlS1_jPFvS1_S1_jE
                0x240059cc       0xbc ../../libDaisy//build\libdaisy.a(sai.o)
                0x240059cc                daisy::SaiHandle::StartDma(long*, long*, unsigned int, void (*)(long*, long*, unsigned int))
 .text._ZN5daisy9SaiHandle7StopDmaEv
                0x24005a88       0x18 ../../libDaisy//build\libdaisy.a(sai.o)
                0x24005a88                daisy::SaiHandle::StopDma()
 .text._ZN5daisy9SaiHandle13GetSampleRateEv
                0x24005aa0       0x24 ../../libDaisy//build\libdaisy.a(sai.o)
                0x24005aa0                daisy::SaiHandle::GetSampleRate()
 .text._ZNK5daisy9SaiHandle9GetOffsetEv
                0x24005ac4        0x8 ../../libDaisy//build\libdaisy.a(sai.o)
                0x24005ac4                daisy::SaiHandle::GetOffset() const
 .text._ZN5daisy11TimerHandleD2Ev
                0x24005acc        0x4 ../../libDaisy//build\libdaisy.a(system.o)
                0x24005acc                daisy::TimerHandle::~TimerHandle()
                0x24005acc                daisy::TimerHandle::~TimerHandle()
 .text.SysTick_Handler
                0x24005ad0       0x10 ../../libDaisy//build\libdaisy.a(system.o)
                0x24005ad0                SysTick_Handler
 .text.OTG_HS_EP1_OUT_IRQHandler
                0x24005ae0       0x24 ../../libDaisy//build\libdaisy.a(system.o)
                0x24005ae0                OTG_HS_EP1_OUT_IRQHandler
 .text.OTG_HS_EP1_IN_IRQHandler
                0x24005b04       0x24 ../../libDaisy//build\libdaisy.a(system.o)
                0x24005b04                OTG_HS_EP1_IN_IRQHandler
 .text.OTG_HS_IRQHandler
                0x24005b28       0x24 ../../libDaisy//build\libdaisy.a(system.o)
                0x24005b28                OTG_HS_IRQHandler
 .text.HardFault_Handler
                0x24005b4c       0xe0 ../../libDaisy//build\libdaisy.a(system.o)
                0x24005b4c                HardFault_Handler
 .text._ZN5daisy6System6GetNowEv
                0x24005c2c        0x4 ../../libDaisy//build\libdaisy.a(system.o)
                0x24005c2c                daisy::System::GetNow()
 .text._ZN5daisy6System5DelayEm
                0x24005c30        0x4 ../../libDaisy//build\libdaisy.a(system.o)
                0x24005c30                daisy::System::Delay(unsigned long)
 .text._ZN5daisy6System17ResetToBootloaderENS0_14BootloaderModeE
                0x24005c34       0x8c ../../libDaisy//build\libdaisy.a(system.o)
                0x24005c34                daisy::System::ResetToBootloader(daisy::System::BootloaderMode)
 .text._ZN5daisy6System20GetBootloaderVersionEv
                0x24005cc0       0x34 ../../libDaisy//build\libdaisy.a(system.o)
                0x24005cc0                daisy::System::GetBootloaderVersion()
 .text._ZN5daisy6System15ConfigureClocksEv
                0x24005cf4      0x194 ../../libDaisy//build\libdaisy.a(system.o)
                0x24005cf4                daisy::System::ConfigureClocks()
 .text._ZN5daisy6System12ConfigureMpuEv
                0x24005e88       0x7c ../../libDaisy//build\libdaisy.a(system.o)
                0x24005e88                daisy::System::ConfigureMpu()
 .text._ZN5daisy6System4InitERKNS0_6ConfigE
                0x24005f04       0xec ../../libDaisy//build\libdaisy.a(system.o)
                0x24005f04                daisy::System::Init(daisy::System::Config const&)
 .text._ZN5daisy6System12GetPClk1FreqEv
                0x24005ff0        0x4 ../../libDaisy//build\libdaisy.a(system.o)
                0x24005ff0                daisy::System::GetPClk1Freq()
 .text._ZN5daisy6System12GetPClk2FreqEv
                0x24005ff4        0x4 ../../libDaisy//build\libdaisy.a(system.o)
                0x24005ff4                daisy::System::GetPClk2Freq()
 .text._ZN5daisy6System22GetProgramMemoryRegionEv
                0x24005ff8       0x78 ../../libDaisy//build\libdaisy.a(system.o)
                0x24005ff8                daisy::System::GetProgramMemoryRegion()
 .text.startup._GLOBAL__sub_I__ZN5daisy9boot_infoE
                0x24006070       0x1c ../../libDaisy//build\libdaisy.a(system.o)
 .text.dummy_rx_callback
                0x2400608c        0x4 ../../libDaisy//build\libdaisy.a(usbd_cdc_if.o)
                0x2400608c                dummy_rx_callback
 .text.CDC_DeInit_FS
                0x24006090        0x4 ../../libDaisy//build\libdaisy.a(usbd_cdc_if.o)
 .text.CDC_Receive_FS
                0x24006094       0x2c ../../libDaisy//build\libdaisy.a(usbd_cdc_if.o)
 .text.CDC_Receive_HS
                0x240060c0       0x2c ../../libDaisy//build\libdaisy.a(usbd_cdc_if.o)
 .text.CDC_Init_FS
                0x240060ec       0x3c ../../libDaisy//build\libdaisy.a(usbd_cdc_if.o)
 .text.CDC_Init_HS
                0x24006128       0x3c ../../libDaisy//build\libdaisy.a(usbd_cdc_if.o)
 .text.CDC_Control_FS
                0x24006164       0x34 ../../libDaisy//build\libdaisy.a(usbd_cdc_if.o)
 .text.CDC_Control_HS
                0x24006198       0x34 ../../libDaisy//build\libdaisy.a(usbd_cdc_if.o)
 .text.CDC_DeInit_HS
                0x240061cc        0x4 ../../libDaisy//build\libdaisy.a(usbd_cdc_if.o)
 .text.CDC_Transmit_FS
                0x240061d0       0x2c ../../libDaisy//build\libdaisy.a(usbd_cdc_if.o)
                0x240061d0                CDC_Transmit_FS
 .text.CDC_Transmit_HS
                0x240061fc       0x2c ../../libDaisy//build\libdaisy.a(usbd_cdc_if.o)
                0x240061fc                CDC_Transmit_HS
 .text.HAL_PCD_MspInit
                0x24006228      0x144 ../../libDaisy//build\libdaisy.a(usbd_conf.o)
                0x24006228                HAL_PCD_MspInit
 .text.HAL_PCD_SetupStageCallback
                0x2400636c        0xc ../../libDaisy//build\libdaisy.a(usbd_conf.o)
                0x2400636c                HAL_PCD_SetupStageCallback
 .text.HAL_PCD_DataOutStageCallback
                0x24006378       0x14 ../../libDaisy//build\libdaisy.a(usbd_conf.o)
                0x24006378                HAL_PCD_DataOutStageCallback
 .text.HAL_PCD_DataInStageCallback
                0x2400638c       0x14 ../../libDaisy//build\libdaisy.a(usbd_conf.o)
                0x2400638c                HAL_PCD_DataInStageCallback
 .text.HAL_PCD_SOFCallback
                0x240063a0        0x8 ../../libDaisy//build\libdaisy.a(usbd_conf.o)
                0x240063a0                HAL_PCD_SOFCallback
 .text.HAL_PCD_ResetCallback
                0x240063a8       0x24 ../../libDaisy//build\libdaisy.a(usbd_conf.o)
                0x240063a8                HAL_PCD_ResetCallback
 .text.HAL_PCD_SuspendCallback
                0x240063cc       0x30 ../../libDaisy//build\libdaisy.a(usbd_conf.o)
                0x240063cc                HAL_PCD_SuspendCallback
 .text.HAL_PCD_ResumeCallback
                0x240063fc        0x8 ../../libDaisy//build\libdaisy.a(usbd_conf.o)
                0x240063fc                HAL_PCD_ResumeCallback
 .text.HAL_PCD_ISOOUTIncompleteCallback
                0x24006404        0x8 ../../libDaisy//build\libdaisy.a(usbd_conf.o)
                0x24006404                HAL_PCD_ISOOUTIncompleteCallback
 .text.HAL_PCD_ISOINIncompleteCallback
                0x2400640c        0x8 ../../libDaisy//build\libdaisy.a(usbd_conf.o)
                0x2400640c                HAL_PCD_ISOINIncompleteCallback
 .text.HAL_PCD_ConnectCallback
                0x24006414        0x8 ../../libDaisy//build\libdaisy.a(usbd_conf.o)
                0x24006414                HAL_PCD_ConnectCallback
 .text.HAL_PCD_DisconnectCallback
                0x2400641c        0x8 ../../libDaisy//build\libdaisy.a(usbd_conf.o)
                0x2400641c                HAL_PCD_DisconnectCallback
 .text.USBD_LL_Init
                0x24006424       0xe4 ../../libDaisy//build\libdaisy.a(usbd_conf.o)
                0x24006424                USBD_LL_Init
 .text.USBD_LL_Start
                0x24006508       0x1c ../../libDaisy//build\libdaisy.a(usbd_conf.o)
                0x24006508                USBD_LL_Start
 .text.USBD_LL_OpenEP
                0x24006524       0x24 ../../libDaisy//build\libdaisy.a(usbd_conf.o)
                0x24006524                USBD_LL_OpenEP
 .text.USBD_LL_CloseEP
                0x24006548       0x1c ../../libDaisy//build\libdaisy.a(usbd_conf.o)
                0x24006548                USBD_LL_CloseEP
 .text.USBD_LL_StallEP
                0x24006564       0x1c ../../libDaisy//build\libdaisy.a(usbd_conf.o)
                0x24006564                USBD_LL_StallEP
 .text.USBD_LL_ClearStallEP
                0x24006580       0x1c ../../libDaisy//build\libdaisy.a(usbd_conf.o)
                0x24006580                USBD_LL_ClearStallEP
 .text.USBD_LL_IsStallEP
                0x2400659c       0x28 ../../libDaisy//build\libdaisy.a(usbd_conf.o)
                0x2400659c                USBD_LL_IsStallEP
 .text.USBD_LL_SetUSBAddress
                0x240065c4       0x1c ../../libDaisy//build\libdaisy.a(usbd_conf.o)
                0x240065c4                USBD_LL_SetUSBAddress
 .text.USBD_LL_Transmit
                0x240065e0       0x1c ../../libDaisy//build\libdaisy.a(usbd_conf.o)
                0x240065e0                USBD_LL_Transmit
 .text.USBD_LL_PrepareReceive
                0x240065fc       0x1c ../../libDaisy//build\libdaisy.a(usbd_conf.o)
                0x240065fc                USBD_LL_PrepareReceive
 .text.USBD_LL_GetRxDataSize
                0x24006618        0x8 ../../libDaisy//build\libdaisy.a(usbd_conf.o)
                0x24006618                USBD_LL_GetRxDataSize
 .text.USBD_HS_DeviceDescriptor
                0x24006620        0xc ../../libDaisy//build\libdaisy.a(usbd_desc.o)
                0x24006620                USBD_HS_DeviceDescriptor
 .text.USBD_FS_DeviceDescriptor
                0x2400662c        0xc ../../libDaisy//build\libdaisy.a(usbd_desc.o)
                0x2400662c                USBD_FS_DeviceDescriptor
 .text.USBD_FS_LangIDStrDescriptor
                0x24006638        0xc ../../libDaisy//build\libdaisy.a(usbd_desc.o)
                0x24006638                USBD_FS_LangIDStrDescriptor
 .text.USBD_FS_ManufacturerStrDescriptor
                0x24006644       0x1c ../../libDaisy//build\libdaisy.a(usbd_desc.o)
                0x24006644                USBD_FS_ManufacturerStrDescriptor
 .text.USBD_HS_ProductStrDescriptor
                0x24006660       0x1c ../../libDaisy//build\libdaisy.a(usbd_desc.o)
                0x24006660                USBD_HS_ProductStrDescriptor
 .text.USBD_FS_ConfigStrDescriptor
                0x2400667c       0x1c ../../libDaisy//build\libdaisy.a(usbd_desc.o)
                0x2400667c                USBD_FS_ConfigStrDescriptor
 .text.USBD_FS_InterfaceStrDescriptor
                0x24006698       0x1c ../../libDaisy//build\libdaisy.a(usbd_desc.o)
                0x24006698                USBD_FS_InterfaceStrDescriptor
 .text.USBD_FS_ProductStrDescriptor
                0x240066b4       0x1c ../../libDaisy//build\libdaisy.a(usbd_desc.o)
                0x240066b4                USBD_FS_ProductStrDescriptor
 .text.USBD_HS_LangIDStrDescriptor
                0x240066d0        0xc ../../libDaisy//build\libdaisy.a(usbd_desc.o)
                0x240066d0                USBD_HS_LangIDStrDescriptor
 .text.USBD_HS_ManufacturerStrDescriptor
                0x240066dc       0x1c ../../libDaisy//build\libdaisy.a(usbd_desc.o)
                0x240066dc                USBD_HS_ManufacturerStrDescriptor
 .text.USBD_FS_SerialStrDescriptor
                0x240066f8      0x124 ../../libDaisy//build\libdaisy.a(usbd_desc.o)
                0x240066f8                USBD_FS_SerialStrDescriptor
 .text.USBD_HS_SerialStrDescriptor
                0x2400681c      0x124 ../../libDaisy//build\libdaisy.a(usbd_desc.o)
                0x2400681c                USBD_HS_SerialStrDescriptor
 .text.USBD_HS_InterfaceStrDescriptor
                0x24006940       0x1c ../../libDaisy//build\libdaisy.a(usbd_desc.o)
                0x24006940                USBD_HS_InterfaceStrDescriptor
 .text.USBD_HS_ConfigStrDescriptor
                0x2400695c       0x1c ../../libDaisy//build\libdaisy.a(usbd_desc.o)
                0x2400695c                USBD_HS_ConfigStrDescriptor
 .text.HAL_HCD_SOF_Callback
                0x24006978        0x8 ../../libDaisy//build\libdaisy.a(usbh_conf.o)
                0x24006978                HAL_HCD_SOF_Callback
 .text.HAL_HCD_Connect_Callback
                0x24006980        0x8 ../../libDaisy//build\libdaisy.a(usbh_conf.o)
                0x24006980                HAL_HCD_Connect_Callback
 .text.HAL_HCD_Disconnect_Callback
                0x24006988        0x8 ../../libDaisy//build\libdaisy.a(usbh_conf.o)
                0x24006988                HAL_HCD_Disconnect_Callback
 .text.HAL_HCD_HC_NotifyURBChange_Callback
                0x24006990        0x4 ../../libDaisy//build\libdaisy.a(usbh_conf.o)
                0x24006990                HAL_HCD_HC_NotifyURBChange_Callback
 .text.HAL_HCD_PortEnabled_Callback
                0x24006994        0x8 ../../libDaisy//build\libdaisy.a(usbh_conf.o)
                0x24006994                HAL_HCD_PortEnabled_Callback
 .text.HAL_HCD_PortDisabled_Callback
                0x2400699c        0x8 ../../libDaisy//build\libdaisy.a(usbh_conf.o)
                0x2400699c                HAL_HCD_PortDisabled_Callback
 .text.USBH_LL_Stop
                0x240069a4       0x1c ../../libDaisy//build\libdaisy.a(usbh_conf.o)
                0x240069a4                USBH_LL_Stop
 .text.dsy_hal_map_get_port
                0x240069c0       0x10 ../../libDaisy//build\libdaisy.a(hal_map.o)
                0x240069c0                dsy_hal_map_get_port
 .text.dsy_hal_map_get_pin
                0x240069d0       0x10 ../../libDaisy//build\libdaisy.a(hal_map.o)
                0x240069d0                dsy_hal_map_get_pin
 .text.dsy_hal_map_gpio_clk_enable
                0x240069e0      0x150 ../../libDaisy//build\libdaisy.a(hal_map.o)
                0x240069e0                dsy_hal_map_gpio_clk_enable
 .text.HAL_MspInit
                0x24006b30        0x4 ../../libDaisy//build\libdaisy.a(stm32h7xx_hal.o)
                0x24006b30                HAL_MspInit
 .text.HAL_InitTick
                0x24006b34       0x4c ../../libDaisy//build\libdaisy.a(stm32h7xx_hal.o)
                0x24006b34                HAL_InitTick
 .text.HAL_Init
                0x24006b80       0x60 ../../libDaisy//build\libdaisy.a(stm32h7xx_hal.o)
                0x24006b80                HAL_Init
 .text.HAL_IncTick
                0x24006be0       0x18 ../../libDaisy//build\libdaisy.a(stm32h7xx_hal.o)
                0x24006be0                HAL_IncTick
 .text.HAL_GetTick
                0x24006bf8        0xc ../../libDaisy//build\libdaisy.a(stm32h7xx_hal.o)
                0x24006bf8                HAL_GetTick
 .text.HAL_Delay
                0x24006c04       0x24 ../../libDaisy//build\libdaisy.a(stm32h7xx_hal.o)
                0x24006c04                HAL_Delay
 .text.HAL_GetREVID
                0x24006c28        0xc ../../libDaisy//build\libdaisy.a(stm32h7xx_hal.o)
                0x24006c28                HAL_GetREVID
 .text.HAL_ADC_ConvHalfCpltCallback
                0x24006c34        0x4 ../../libDaisy//build\libdaisy.a(stm32h7xx_hal_adc.o)
                0x24006c34                HAL_ADC_ConvHalfCpltCallback
 .text.ADC_DMAHalfConvCplt
                0x24006c38        0xc ../../libDaisy//build\libdaisy.a(stm32h7xx_hal_adc.o)
                0x24006c38                ADC_DMAHalfConvCplt
 .text.ADC_DMAConvCplt
                0x24006c44       0x6c ../../libDaisy//build\libdaisy.a(stm32h7xx_hal_adc.o)
                0x24006c44                ADC_DMAConvCplt
 .text.ADC_DMAError
                0x24006cb0       0x1c ../../libDaisy//build\libdaisy.a(stm32h7xx_hal_adc.o)
                0x24006cb0                ADC_DMAError
 .text.HAL_ADC_ConfigChannel
                0x24006ccc      0x3fc ../../libDaisy//build\libdaisy.a(stm32h7xx_hal_adc.o)
                0x24006ccc                HAL_ADC_ConfigChannel
 .text.ADC_ConversionStop
                0x240070c8       0xf4 ../../libDaisy//build\libdaisy.a(stm32h7xx_hal_adc.o)
                0x240070c8                ADC_ConversionStop
 .text.ADC_Enable
                0x240071bc       0xac ../../libDaisy//build\libdaisy.a(stm32h7xx_hal_adc.o)
                0x240071bc                ADC_Enable
 .text.HAL_ADC_Start_DMA
                0x24007268      0x114 ../../libDaisy//build\libdaisy.a(stm32h7xx_hal_adc.o)
                0x24007268                HAL_ADC_Start_DMA
 .text.ADC_Disable
                0x2400737c       0x68 ../../libDaisy//build\libdaisy.a(stm32h7xx_hal_adc.o)
                0x2400737c                ADC_Disable
 .text.HAL_ADC_Stop_DMA
                0x240073e4       0x90 ../../libDaisy//build\libdaisy.a(stm32h7xx_hal_adc.o)
                0x240073e4                HAL_ADC_Stop_DMA
 .text.ADC_ConfigureBoostMode
                0x24007474      0x184 ../../libDaisy//build\libdaisy.a(stm32h7xx_hal_adc.o)
                0x24007474                ADC_ConfigureBoostMode
 .text.HAL_ADC_Init
                0x240075f8      0x218 ../../libDaisy//build\libdaisy.a(stm32h7xx_hal_adc.o)
                0x240075f8                HAL_ADC_Init
 .text.HAL_ADCEx_Calibration_Start
                0x24007810       0xa4 ../../libDaisy//build\libdaisy.a(stm32h7xx_hal_adc_ex.o)
                0x24007810                HAL_ADCEx_Calibration_Start
 .text.HAL_ADCEx_MultiModeConfigChannel
                0x240078b4       0xc4 ../../libDaisy//build\libdaisy.a(stm32h7xx_hal_adc_ex.o)
                0x240078b4                HAL_ADCEx_MultiModeConfigChannel
 .text.HAL_NVIC_SetPriorityGrouping
                0x24007978       0x24 ../../libDaisy//build\libdaisy.a(stm32h7xx_hal_cortex.o)
                0x24007978                HAL_NVIC_SetPriorityGrouping
 .text.HAL_NVIC_SetPriority
                0x2400799c       0x7c ../../libDaisy//build\libdaisy.a(stm32h7xx_hal_cortex.o)
                0x2400799c                HAL_NVIC_SetPriority
 .text.HAL_NVIC_EnableIRQ
                0x24007a18       0x1c ../../libDaisy//build\libdaisy.a(stm32h7xx_hal_cortex.o)
                0x24007a18                HAL_NVIC_EnableIRQ
 .text.HAL_NVIC_DisableIRQ
                0x24007a34       0x28 ../../libDaisy//build\libdaisy.a(stm32h7xx_hal_cortex.o)
                0x24007a34                HAL_NVIC_DisableIRQ
 .text.HAL_NVIC_SystemReset
                0x24007a5c       0x24 ../../libDaisy//build\libdaisy.a(stm32h7xx_hal_cortex.o)
                0x24007a5c                HAL_NVIC_SystemReset
 .text.HAL_SYSTICK_Config
                0x24007a80       0x2c ../../libDaisy//build\libdaisy.a(stm32h7xx_hal_cortex.o)
                0x24007a80                HAL_SYSTICK_Config
 .text.HAL_MPU_Disable
                0x24007aac       0x1c ../../libDaisy//build\libdaisy.a(stm32h7xx_hal_cortex.o)
                0x24007aac                HAL_MPU_Disable
 .text.HAL_MPU_Enable
                0x24007ac8       0x20 ../../libDaisy//build\libdaisy.a(stm32h7xx_hal_cortex.o)
                0x24007ac8                HAL_MPU_Enable
 .text.HAL_MPU_ConfigRegion
                0x24007ae8       0x64 ../../libDaisy//build\libdaisy.a(stm32h7xx_hal_cortex.o)
                0x24007ae8                HAL_MPU_ConfigRegion
 .text.HAL_SYSTICK_Callback
                0x24007b4c        0x4 ../../libDaisy//build\libdaisy.a(stm32h7xx_hal_cortex.o)
                0x24007b4c                HAL_SYSTICK_Callback
 .text.HAL_SYSTICK_IRQHandler
                0x24007b50        0x8 ../../libDaisy//build\libdaisy.a(stm32h7xx_hal_cortex.o)
                0x24007b50                HAL_SYSTICK_IRQHandler
 .text.HAL_DAC_Init
                0x24007b58       0x2c ../../libDaisy//build\libdaisy.a(stm32h7xx_hal_dac.o)
                0x24007b58                HAL_DAC_Init
 .text.HAL_DAC_Start_DMA
                0x24007b84      0x118 ../../libDaisy//build\libdaisy.a(stm32h7xx_hal_dac.o)
                0x24007b84                HAL_DAC_Start_DMA
 .text.HAL_DAC_Stop_DMA
                0x24007c9c       0x5c ../../libDaisy//build\libdaisy.a(stm32h7xx_hal_dac.o)
                0x24007c9c                HAL_DAC_Stop_DMA
 .text.DAC_DMAConvCpltCh1
                0x24007cf8       0x10 ../../libDaisy//build\libdaisy.a(stm32h7xx_hal_dac.o)
 .text.DAC_DMAHalfConvCpltCh1
                0x24007d08        0xc ../../libDaisy//build\libdaisy.a(stm32h7xx_hal_dac.o)
 .text.HAL_DAC_ErrorCallbackCh1
                0x24007d14        0x4 ../../libDaisy//build\libdaisy.a(stm32h7xx_hal_dac.o)
                0x24007d14                HAL_DAC_ErrorCallbackCh1
 .text.DAC_DMAErrorCh1
                0x24007d18       0x18 ../../libDaisy//build\libdaisy.a(stm32h7xx_hal_dac.o)
 .text.HAL_DAC_DMAUnderrunCallbackCh1
                0x24007d30        0x4 ../../libDaisy//build\libdaisy.a(stm32h7xx_hal_dac.o)
                0x24007d30                HAL_DAC_DMAUnderrunCallbackCh1
 .text.HAL_DAC_IRQHandler
                0x24007d34       0x68 ../../libDaisy//build\libdaisy.a(stm32h7xx_hal_dac.o)
                0x24007d34                HAL_DAC_IRQHandler
 .text.HAL_DAC_ConfigChannel
                0x24007d9c      0x130 ../../libDaisy//build\libdaisy.a(stm32h7xx_hal_dac.o)
                0x24007d9c                HAL_DAC_ConfigChannel
 .text.HAL_DACEx_ErrorCallbackCh2
                0x24007ecc        0x4 ../../libDaisy//build\libdaisy.a(stm32h7xx_hal_dac_ex.o)
                0x24007ecc                HAL_DACEx_ErrorCallbackCh2
 .text.HAL_DACEx_DMAUnderrunCallbackCh2
                0x24007ed0        0x4 ../../libDaisy//build\libdaisy.a(stm32h7xx_hal_dac_ex.o)
                0x24007ed0                HAL_DACEx_DMAUnderrunCallbackCh2
 .text.DAC_DMAConvCpltCh2
                0x24007ed4       0x10 ../../libDaisy//build\libdaisy.a(stm32h7xx_hal_dac_ex.o)
                0x24007ed4                DAC_DMAConvCpltCh2
 .text.DAC_DMAHalfConvCpltCh2
                0x24007ee4        0xc ../../libDaisy//build\libdaisy.a(stm32h7xx_hal_dac_ex.o)
                0x24007ee4                DAC_DMAHalfConvCpltCh2
 .text.DAC_DMAErrorCh2
                0x24007ef0       0x18 ../../libDaisy//build\libdaisy.a(stm32h7xx_hal_dac_ex.o)
                0x24007ef0                DAC_DMAErrorCh2
 .text.DMA_CalcBaseAndBitshift
                0x24007f08       0xf4 ../../libDaisy//build\libdaisy.a(stm32h7xx_hal_dma.o)
 .text.DMA_CalcDMAMUXChannelBaseAndMask
                0x24007ffc       0xd8 ../../libDaisy//build\libdaisy.a(stm32h7xx_hal_dma.o)
 .text.HAL_DMA_Init
                0x240080d4      0x37c ../../libDaisy//build\libdaisy.a(stm32h7xx_hal_dma.o)
                0x240080d4                HAL_DMA_Init
 .text.HAL_DMA_Start_IT
                0x24008450      0x240 ../../libDaisy//build\libdaisy.a(stm32h7xx_hal_dma.o)
                0x24008450                HAL_DMA_Start_IT
 .text.HAL_DMA_Abort
                0x24008690      0x21c ../../libDaisy//build\libdaisy.a(stm32h7xx_hal_dma.o)
                0x24008690                HAL_DMA_Abort
 .text.HAL_DMA_Abort_IT
                0x240088ac      0x134 ../../libDaisy//build\libdaisy.a(stm32h7xx_hal_dma.o)
                0x240088ac                HAL_DMA_Abort_IT
 .text.HAL_DMA_IRQHandler
                0x240089e0      0x6a0 ../../libDaisy//build\libdaisy.a(stm32h7xx_hal_dma.o)
                0x240089e0                HAL_DMA_IRQHandler
 .text.HAL_DMA_GetError
                0x24009080        0x4 ../../libDaisy//build\libdaisy.a(stm32h7xx_hal_dma.o)
                0x24009080                HAL_DMA_GetError
 .text.HAL_GPIO_Init
                0x24009084      0x280 ../../libDaisy//build\libdaisy.a(stm32h7xx_hal_gpio.o)
                0x24009084                HAL_GPIO_Init
 .text.HAL_GPIO_DeInit
                0x24009304      0x190 ../../libDaisy//build\libdaisy.a(stm32h7xx_hal_gpio.o)
                0x24009304                HAL_GPIO_DeInit
 .text.HAL_GPIO_ReadPin
                0x24009494        0xc ../../libDaisy//build\libdaisy.a(stm32h7xx_hal_gpio.o)
                0x24009494                HAL_GPIO_ReadPin
 .text.HAL_GPIO_WritePin
                0x240094a0        0x8 ../../libDaisy//build\libdaisy.a(stm32h7xx_hal_gpio.o)
                0x240094a0                HAL_GPIO_WritePin
 .text.HAL_HCD_IRQHandler
                0x240094a8      0x780 ../../libDaisy//build\libdaisy.a(stm32h7xx_hal_hcd.o)
                0x240094a8                HAL_HCD_IRQHandler
 .text.HAL_HCD_Stop
                0x24009c28       0x28 ../../libDaisy//build\libdaisy.a(stm32h7xx_hal_hcd.o)
                0x24009c28                HAL_HCD_Stop
 .text.I2C_WaitOnTXISFlagUntilTimeout
                0x24009c50       0xb8 ../../libDaisy//build\libdaisy.a(stm32h7xx_hal_i2c.o)
 .text.I2C_WaitOnSTOPFlagUntilTimeout
                0x24009d08       0xac ../../libDaisy//build\libdaisy.a(stm32h7xx_hal_i2c.o)
 .text.HAL_I2C_Init
                0x24009db4       0xac ../../libDaisy//build\libdaisy.a(stm32h7xx_hal_i2c.o)
                0x24009db4                HAL_I2C_Init
 .text.HAL_I2C_Mem_Write
                0x24009e60      0x254 ../../libDaisy//build\libdaisy.a(stm32h7xx_hal_i2c.o)
                0x24009e60                HAL_I2C_Mem_Write
 .text.HAL_I2C_Mem_Read
                0x2400a0b4      0x29c ../../libDaisy//build\libdaisy.a(stm32h7xx_hal_i2c.o)
                0x2400a0b4                HAL_I2C_Mem_Read
 .text.HAL_I2C_EV_IRQHandler
                0x2400a350       0x10 ../../libDaisy//build\libdaisy.a(stm32h7xx_hal_i2c.o)
                0x2400a350                HAL_I2C_EV_IRQHandler
 .text.HAL_I2C_GetState
                0x2400a360        0x8 ../../libDaisy//build\libdaisy.a(stm32h7xx_hal_i2c.o)
                0x2400a360                HAL_I2C_GetState
 .text.HAL_I2CEx_ConfigAnalogFilter
                0x2400a368       0x54 ../../libDaisy//build\libdaisy.a(stm32h7xx_hal_i2c_ex.o)
                0x2400a368                HAL_I2CEx_ConfigAnalogFilter
 .text.HAL_I2CEx_ConfigDigitalFilter
                0x2400a3bc       0x58 ../../libDaisy//build\libdaisy.a(stm32h7xx_hal_i2c_ex.o)
                0x2400a3bc                HAL_I2CEx_ConfigDigitalFilter
 .text.HAL_PCD_Init
                0x2400a414      0x12c ../../libDaisy//build\libdaisy.a(stm32h7xx_hal_pcd.o)
                0x2400a414                HAL_PCD_Init
 .text.HAL_PCD_Start
                0x2400a540       0x44 ../../libDaisy//build\libdaisy.a(stm32h7xx_hal_pcd.o)
                0x2400a540                HAL_PCD_Start
 .text.HAL_PCD_IRQHandler
                0x2400a584      0x69c ../../libDaisy//build\libdaisy.a(stm32h7xx_hal_pcd.o)
                0x2400a584                HAL_PCD_IRQHandler
 .text.HAL_PCD_SetAddress
                0x2400ac20       0x2c ../../libDaisy//build\libdaisy.a(stm32h7xx_hal_pcd.o)
                0x2400ac20                HAL_PCD_SetAddress
 .text.HAL_PCD_EP_Open
                0x2400ac4c       0x7c ../../libDaisy//build\libdaisy.a(stm32h7xx_hal_pcd.o)
                0x2400ac4c                HAL_PCD_EP_Open
 .text.HAL_PCD_EP_Close
                0x2400acc8       0x6c ../../libDaisy//build\libdaisy.a(stm32h7xx_hal_pcd.o)
                0x2400acc8                HAL_PCD_EP_Close
 .text.HAL_PCD_EP_Receive
                0x2400ad34       0x50 ../../libDaisy//build\libdaisy.a(stm32h7xx_hal_pcd.o)
                0x2400ad34                HAL_PCD_EP_Receive
 .text.HAL_PCD_EP_GetRxCount
                0x2400ad84       0x14 ../../libDaisy//build\libdaisy.a(stm32h7xx_hal_pcd.o)
                0x2400ad84                HAL_PCD_EP_GetRxCount
 .text.HAL_PCD_EP_Transmit
                0x2400ad98       0x50 ../../libDaisy//build\libdaisy.a(stm32h7xx_hal_pcd.o)
                0x2400ad98                HAL_PCD_EP_Transmit
 .text.HAL_PCD_EP_SetStall
                0x2400ade8       0x88 ../../libDaisy//build\libdaisy.a(stm32h7xx_hal_pcd.o)
                0x2400ade8                HAL_PCD_EP_SetStall
 .text.HAL_PCD_EP_ClrStall
                0x2400ae70       0x78 ../../libDaisy//build\libdaisy.a(stm32h7xx_hal_pcd.o)
                0x2400ae70                HAL_PCD_EP_ClrStall
 .text.HAL_PCDEx_SetTxFiFo
                0x2400aee8       0x54 ../../libDaisy//build\libdaisy.a(stm32h7xx_hal_pcd_ex.o)
                0x2400aee8                HAL_PCDEx_SetTxFiFo
 .text.HAL_PCDEx_SetRxFiFo
                0x2400af3c        0xc ../../libDaisy//build\libdaisy.a(stm32h7xx_hal_pcd_ex.o)
                0x2400af3c                HAL_PCDEx_SetRxFiFo
 .text.HAL_PCDEx_ActivateLPM
                0x2400af48       0x30 ../../libDaisy//build\libdaisy.a(stm32h7xx_hal_pcd_ex.o)
                0x2400af48                HAL_PCDEx_ActivateLPM
 .text.HAL_PCDEx_LPM_Callback
                0x2400af78        0x4 ../../libDaisy//build\libdaisy.a(stm32h7xx_hal_pcd_ex.o)
                0x2400af78                HAL_PCDEx_LPM_Callback
 .text.HAL_PWREx_ConfigSupply
                0x2400af7c       0x4c ../../libDaisy//build\libdaisy.a(stm32h7xx_hal_pwr_ex.o)
                0x2400af7c                HAL_PWREx_ConfigSupply
 .text.HAL_PWREx_EnableUSBVoltageDetector
                0x2400afc8       0x10 ../../libDaisy//build\libdaisy.a(stm32h7xx_hal_pwr_ex.o)
                0x2400afc8                HAL_PWREx_EnableUSBVoltageDetector
 .text.QSPI_Config
                0x2400afd8      0x174 ../../libDaisy//build\libdaisy.a(stm32h7xx_hal_qspi.o)
 .text.HAL_QSPI_Init
                0x2400b14c       0xd8 ../../libDaisy//build\libdaisy.a(stm32h7xx_hal_qspi.o)
                0x2400b14c                HAL_QSPI_Init
 .text.HAL_QSPI_DeInit
                0x2400b224       0x3c ../../libDaisy//build\libdaisy.a(stm32h7xx_hal_qspi.o)
                0x2400b224                HAL_QSPI_DeInit
 .text.HAL_QSPI_Command
                0x2400b260       0xd4 ../../libDaisy//build\libdaisy.a(stm32h7xx_hal_qspi.o)
                0x2400b260                HAL_QSPI_Command
 .text.HAL_QSPI_Transmit
                0x2400b334       0xfc ../../libDaisy//build\libdaisy.a(stm32h7xx_hal_qspi.o)
                0x2400b334                HAL_QSPI_Transmit
 .text.HAL_QSPI_Receive
                0x2400b430      0x108 ../../libDaisy//build\libdaisy.a(stm32h7xx_hal_qspi.o)
                0x2400b430                HAL_QSPI_Receive
 .text.HAL_QSPI_AutoPolling
                0x2400b538       0xf0 ../../libDaisy//build\libdaisy.a(stm32h7xx_hal_qspi.o)
                0x2400b538                HAL_QSPI_AutoPolling
 .text.HAL_QSPI_MemoryMapped
                0x2400b628       0xc0 ../../libDaisy//build\libdaisy.a(stm32h7xx_hal_qspi.o)
                0x2400b628                HAL_QSPI_MemoryMapped
 .text.HAL_QSPI_ErrorCallback
                0x2400b6e8        0x4 ../../libDaisy//build\libdaisy.a(stm32h7xx_hal_qspi.o)
                0x2400b6e8                HAL_QSPI_ErrorCallback
 .text.QSPI_DMAAbortCplt
                0x2400b6ec       0x38 ../../libDaisy//build\libdaisy.a(stm32h7xx_hal_qspi.o)
 .text.HAL_QSPI_AbortCpltCallback
                0x2400b724        0x4 ../../libDaisy//build\libdaisy.a(stm32h7xx_hal_qspi.o)
                0x2400b724                HAL_QSPI_AbortCpltCallback
 .text.HAL_QSPI_CmdCpltCallback
                0x2400b728        0x4 ../../libDaisy//build\libdaisy.a(stm32h7xx_hal_qspi.o)
                0x2400b728                HAL_QSPI_CmdCpltCallback
 .text.HAL_QSPI_RxCpltCallback
                0x2400b72c        0x4 ../../libDaisy//build\libdaisy.a(stm32h7xx_hal_qspi.o)
                0x2400b72c                HAL_QSPI_RxCpltCallback
 .text.HAL_QSPI_TxCpltCallback
                0x2400b730        0x4 ../../libDaisy//build\libdaisy.a(stm32h7xx_hal_qspi.o)
                0x2400b730                HAL_QSPI_TxCpltCallback
 .text.HAL_QSPI_FifoThresholdCallback
                0x2400b734        0x4 ../../libDaisy//build\libdaisy.a(stm32h7xx_hal_qspi.o)
                0x2400b734                HAL_QSPI_FifoThresholdCallback
 .text.HAL_QSPI_StatusMatchCallback
                0x2400b738        0x4 ../../libDaisy//build\libdaisy.a(stm32h7xx_hal_qspi.o)
                0x2400b738                HAL_QSPI_StatusMatchCallback
 .text.HAL_QSPI_TimeOutCallback
                0x2400b73c        0x4 ../../libDaisy//build\libdaisy.a(stm32h7xx_hal_qspi.o)
                0x2400b73c                HAL_QSPI_TimeOutCallback
 .text.HAL_QSPI_IRQHandler
                0x2400b740      0x210 ../../libDaisy//build\libdaisy.a(stm32h7xx_hal_qspi.o)
                0x2400b740                HAL_QSPI_IRQHandler
 .text.HAL_RCC_OscConfig
                0x2400b950      0x51c ../../libDaisy//build\libdaisy.a(stm32h7xx_hal_rcc.o)
                0x2400b950                HAL_RCC_OscConfig
 .text.HAL_RCC_GetSysClockFreq
                0x2400be6c      0x140 ../../libDaisy//build\libdaisy.a(stm32h7xx_hal_rcc.o)
                0x2400be6c                HAL_RCC_GetSysClockFreq
 .text.HAL_RCC_ClockConfig
                0x2400bfac      0x234 ../../libDaisy//build\libdaisy.a(stm32h7xx_hal_rcc.o)
                0x2400bfac                HAL_RCC_ClockConfig
 .text.HAL_RCC_GetHCLKFreq
                0x2400c1e0       0x2c ../../libDaisy//build\libdaisy.a(stm32h7xx_hal_rcc.o)
                0x2400c1e0                HAL_RCC_GetHCLKFreq
 .text.HAL_RCC_GetPCLK1Freq
                0x2400c20c       0x38 ../../libDaisy//build\libdaisy.a(stm32h7xx_hal_rcc.o)
                0x2400c20c                HAL_RCC_GetPCLK1Freq
 .text.HAL_RCC_GetPCLK2Freq
                0x2400c244       0x38 ../../libDaisy//build\libdaisy.a(stm32h7xx_hal_rcc.o)
                0x2400c244                HAL_RCC_GetPCLK2Freq
 .text.RCCEx_PLL2_Config
                0x2400c27c       0xf4 ../../libDaisy//build\libdaisy.a(stm32h7xx_hal_rcc_ex.o)
 .text.RCCEx_PLL3_Config
                0x2400c370       0xf4 ../../libDaisy//build\libdaisy.a(stm32h7xx_hal_rcc_ex.o)
 .text.HAL_RCCEx_PeriphCLKConfig
                0x2400c464      0xa7c ../../libDaisy//build\libdaisy.a(stm32h7xx_hal_rcc_ex.o)
                0x2400c464                HAL_RCCEx_PeriphCLKConfig
 .text.HAL_RCCEx_GetD3PCLK1Freq
                0x2400cee0       0x24 ../../libDaisy//build\libdaisy.a(stm32h7xx_hal_rcc_ex.o)
                0x2400cee0                HAL_RCCEx_GetD3PCLK1Freq
 .text.HAL_RCCEx_GetPLL2ClockFreq
                0x2400cf04      0x17c ../../libDaisy//build\libdaisy.a(stm32h7xx_hal_rcc_ex.o)
                0x2400cf04                HAL_RCCEx_GetPLL2ClockFreq
 .text.HAL_RCCEx_GetPLL3ClockFreq
                0x2400d080      0x17c ../../libDaisy//build\libdaisy.a(stm32h7xx_hal_rcc_ex.o)
                0x2400d080                HAL_RCCEx_GetPLL3ClockFreq
 .text.HAL_RCCEx_GetPLL1ClockFreq
                0x2400d1fc      0x17c ../../libDaisy//build\libdaisy.a(stm32h7xx_hal_rcc_ex.o)
                0x2400d1fc                HAL_RCCEx_GetPLL1ClockFreq
 .text.HAL_RCCEx_GetPeriphCLKFreq
                0x2400d378      0x198 ../../libDaisy//build\libdaisy.a(stm32h7xx_hal_rcc_ex.o)
                0x2400d378                HAL_RCCEx_GetPeriphCLKFreq
 .text.HAL_RCCEx_GetD1SysClockFreq
                0x2400d510       0x2c ../../libDaisy//build\libdaisy.a(stm32h7xx_hal_rcc_ex.o)
                0x2400d510                HAL_RCCEx_GetD1SysClockFreq
 .text.HAL_SAI_Init.part.0
                0x2400d53c      0x348 ../../libDaisy//build\libdaisy.a(stm32h7xx_hal_sai.o)
 .text.HAL_SAI_InitProtocol
                0x2400d884      0x178 ../../libDaisy//build\libdaisy.a(stm32h7xx_hal_sai.o)
                0x2400d884                HAL_SAI_InitProtocol
 .text.HAL_SAI_DMAStop
                0x2400d9fc       0xd8 ../../libDaisy//build\libdaisy.a(stm32h7xx_hal_sai.o)
                0x2400d9fc                HAL_SAI_DMAStop
 .text.HAL_SAI_Transmit_DMA
                0x2400dad4      0x124 ../../libDaisy//build\libdaisy.a(stm32h7xx_hal_sai.o)
                0x2400dad4                HAL_SAI_Transmit_DMA
 .text.HAL_SAI_Receive_DMA
                0x2400dbf8       0xd0 ../../libDaisy//build\libdaisy.a(stm32h7xx_hal_sai.o)
                0x2400dbf8                HAL_SAI_Receive_DMA
 .text.HAL_SAI_TxCpltCallback
                0x2400dcc8        0x4 ../../libDaisy//build\libdaisy.a(stm32h7xx_hal_sai.o)
                0x2400dcc8                HAL_SAI_TxCpltCallback
 .text.SAI_DMATxCplt
                0x2400dccc       0x64 ../../libDaisy//build\libdaisy.a(stm32h7xx_hal_sai.o)
 .text.HAL_SAI_TxHalfCpltCallback
                0x2400dd30        0x4 ../../libDaisy//build\libdaisy.a(stm32h7xx_hal_sai.o)
                0x2400dd30                HAL_SAI_TxHalfCpltCallback
 .text.SAI_DMATxHalfCplt
                0x2400dd34        0xc ../../libDaisy//build\libdaisy.a(stm32h7xx_hal_sai.o)
 .text.SAI_DMARxCplt
                0x2400dd40       0x64 ../../libDaisy//build\libdaisy.a(stm32h7xx_hal_sai.o)
 .text.SAI_DMARxHalfCplt
                0x2400dda4        0xc ../../libDaisy//build\libdaisy.a(stm32h7xx_hal_sai.o)
 .text.HAL_SAI_ErrorCallback
                0x2400ddb0        0x4 ../../libDaisy//build\libdaisy.a(stm32h7xx_hal_sai.o)
                0x2400ddb0                HAL_SAI_ErrorCallback
 .text.SAI_DMAError
                0x2400ddb4       0x6c ../../libDaisy//build\libdaisy.a(stm32h7xx_hal_sai.o)
 .text.HAL_SDRAM_Init
                0x2400de20       0x54 ../../libDaisy//build\libdaisy.a(stm32h7xx_hal_sdram.o)
                0x2400de20                HAL_SDRAM_Init
 .text.HAL_SDRAM_SendCommand
                0x2400de74       0x40 ../../libDaisy//build\libdaisy.a(stm32h7xx_hal_sdram.o)
                0x2400de74                HAL_SDRAM_SendCommand
 .text.HAL_SDRAM_ProgramRefreshRate
                0x2400deb4       0x30 ../../libDaisy//build\libdaisy.a(stm32h7xx_hal_sdram.o)
                0x2400deb4                HAL_SDRAM_ProgramRefreshRate
 .text.HAL_TIM_Base_Init
                0x2400dee4      0x140 ../../libDaisy//build\libdaisy.a(stm32h7xx_hal_tim.o)
                0x2400dee4                HAL_TIM_Base_Init
 .text.HAL_TIM_Base_Start
                0x2400e024       0x34 ../../libDaisy//build\libdaisy.a(stm32h7xx_hal_tim.o)
                0x2400e024                HAL_TIM_Base_Start
 .text.HAL_TIM_Base_Start_IT
                0x2400e058       0x2c ../../libDaisy//build\libdaisy.a(stm32h7xx_hal_tim.o)
                0x2400e058                HAL_TIM_Base_Start_IT
 .text.HAL_TIM_ConfigClockSource
                0x2400e084      0x17c ../../libDaisy//build\libdaisy.a(stm32h7xx_hal_tim.o)
                0x2400e084                HAL_TIM_ConfigClockSource
 .text.HAL_TIM_OC_DelayElapsedCallback
                0x2400e200        0x4 ../../libDaisy//build\libdaisy.a(stm32h7xx_hal_tim.o)
                0x2400e200                HAL_TIM_OC_DelayElapsedCallback
 .text.HAL_TIM_IC_CaptureCallback
                0x2400e204        0x4 ../../libDaisy//build\libdaisy.a(stm32h7xx_hal_tim.o)
                0x2400e204                HAL_TIM_IC_CaptureCallback
 .text.HAL_TIM_PWM_PulseFinishedCallback
                0x2400e208        0x4 ../../libDaisy//build\libdaisy.a(stm32h7xx_hal_tim.o)
                0x2400e208                HAL_TIM_PWM_PulseFinishedCallback
 .text.HAL_TIM_TriggerCallback
                0x2400e20c        0x4 ../../libDaisy//build\libdaisy.a(stm32h7xx_hal_tim.o)
                0x2400e20c                HAL_TIM_TriggerCallback
 .text.HAL_TIM_IRQHandler
                0x2400e210      0x170 ../../libDaisy//build\libdaisy.a(stm32h7xx_hal_tim.o)
                0x2400e210                HAL_TIM_IRQHandler
 .text.HAL_TIMEx_MasterConfigSynchronization
                0x2400e380       0x64 ../../libDaisy//build\libdaisy.a(stm32h7xx_hal_tim_ex.o)
                0x2400e380                HAL_TIMEx_MasterConfigSynchronization
 .text.HAL_TIMEx_CommutCallback
                0x2400e3e4        0x4 ../../libDaisy//build\libdaisy.a(stm32h7xx_hal_tim_ex.o)
                0x2400e3e4                HAL_TIMEx_CommutCallback
 .text.HAL_TIMEx_BreakCallback
                0x2400e3e8        0x4 ../../libDaisy//build\libdaisy.a(stm32h7xx_hal_tim_ex.o)
                0x2400e3e8                HAL_TIMEx_BreakCallback
 .text.HAL_TIMEx_Break2Callback
                0x2400e3ec        0x4 ../../libDaisy//build\libdaisy.a(stm32h7xx_hal_tim_ex.o)
                0x2400e3ec                HAL_TIMEx_Break2Callback
 .text.FMC_SDRAM_Init
                0x2400e3f0       0x7c ../../libDaisy//build\libdaisy.a(stm32h7xx_ll_fmc.o)
                0x2400e3f0                FMC_SDRAM_Init
 .text.FMC_SDRAM_Timing_Init
                0x2400e46c       0x98 ../../libDaisy//build\libdaisy.a(stm32h7xx_ll_fmc.o)
                0x2400e46c                FMC_SDRAM_Timing_Init
 .text.FMC_SDRAM_SendCommand
                0x2400e504       0x28 ../../libDaisy//build\libdaisy.a(stm32h7xx_ll_fmc.o)
                0x2400e504                FMC_SDRAM_SendCommand
 .text.FMC_SDRAM_ProgramRefreshRate
                0x2400e52c       0x1c ../../libDaisy//build\libdaisy.a(stm32h7xx_ll_fmc.o)
                0x2400e52c                FMC_SDRAM_ProgramRefreshRate
 .text.USB_CoreInit
                0x2400e548      0x124 ../../libDaisy//build\libdaisy.a(stm32h7xx_ll_usb.o)
                0x2400e548                USB_CoreInit
 .text.USB_SetTurnaroundTime
                0x2400e66c      0x104 ../../libDaisy//build\libdaisy.a(stm32h7xx_ll_usb.o)
                0x2400e66c                USB_SetTurnaroundTime
 .text.USB_EnableGlobalInt
                0x2400e770       0x10 ../../libDaisy//build\libdaisy.a(stm32h7xx_ll_usb.o)
                0x2400e770                USB_EnableGlobalInt
 .text.USB_DisableGlobalInt
                0x2400e780       0x10 ../../libDaisy//build\libdaisy.a(stm32h7xx_ll_usb.o)
                0x2400e780                USB_DisableGlobalInt
 .text.USB_SetCurrentMode
                0x2400e790       0x30 ../../libDaisy//build\libdaisy.a(stm32h7xx_ll_usb.o)
                0x2400e790                USB_SetCurrentMode
 .text.USB_DevInit
                0x2400e7c0      0x20c ../../libDaisy//build\libdaisy.a(stm32h7xx_ll_usb.o)
                0x2400e7c0                USB_DevInit
 .text.USB_FlushTxFifo
                0x2400e9cc       0x34 ../../libDaisy//build\libdaisy.a(stm32h7xx_ll_usb.o)
                0x2400e9cc                USB_FlushTxFifo
 .text.USB_GetDevSpeed
                0x2400ea00       0x24 ../../libDaisy//build\libdaisy.a(stm32h7xx_ll_usb.o)
                0x2400ea00                USB_GetDevSpeed
 .text.USB_ActivateEndpoint
                0x2400ea24       0x90 ../../libDaisy//build\libdaisy.a(stm32h7xx_ll_usb.o)
                0x2400ea24                USB_ActivateEndpoint
 .text.USB_DeactivateEndpoint
                0x2400eab4       0x84 ../../libDaisy//build\libdaisy.a(stm32h7xx_ll_usb.o)
                0x2400eab4                USB_DeactivateEndpoint
 .text.USB_EPStartXfer
                0x2400eb38      0x230 ../../libDaisy//build\libdaisy.a(stm32h7xx_ll_usb.o)
                0x2400eb38                USB_EPStartXfer
 .text.USB_EP0StartXfer
                0x2400ed68      0x174 ../../libDaisy//build\libdaisy.a(stm32h7xx_ll_usb.o)
                0x2400ed68                USB_EP0StartXfer
 .text.USB_WritePacket
                0x2400eedc       0x2c ../../libDaisy//build\libdaisy.a(stm32h7xx_ll_usb.o)
                0x2400eedc                USB_WritePacket
 .text.USB_ReadPacket
                0x2400ef08       0x20 ../../libDaisy//build\libdaisy.a(stm32h7xx_ll_usb.o)
                0x2400ef08                USB_ReadPacket
 .text.USB_EPSetStall
                0x2400ef28       0x68 ../../libDaisy//build\libdaisy.a(stm32h7xx_ll_usb.o)
                0x2400ef28                USB_EPSetStall
 .text.USB_EPClearStall
                0x2400ef90       0x58 ../../libDaisy//build\libdaisy.a(stm32h7xx_ll_usb.o)
                0x2400ef90                USB_EPClearStall
 .text.USB_SetDevAddress
                0x2400efe8       0x24 ../../libDaisy//build\libdaisy.a(stm32h7xx_ll_usb.o)
                0x2400efe8                USB_SetDevAddress
 .text.USB_DevConnect
                0x2400f00c       0x1c ../../libDaisy//build\libdaisy.a(stm32h7xx_ll_usb.o)
                0x2400f00c                USB_DevConnect
 .text.USB_DevDisconnect
                0x2400f028       0x1c ../../libDaisy//build\libdaisy.a(stm32h7xx_ll_usb.o)
                0x2400f028                USB_DevDisconnect
 .text.USB_ReadInterrupts
                0x2400f044       0x14 ../../libDaisy//build\libdaisy.a(stm32h7xx_ll_usb.o)
                0x2400f044                USB_ReadInterrupts
 .text.USB_ReadDevAllOutEpInterrupt
                0x2400f058       0x1c ../../libDaisy//build\libdaisy.a(stm32h7xx_ll_usb.o)
                0x2400f058                USB_ReadDevAllOutEpInterrupt
 .text.USB_ReadDevAllInEpInterrupt
                0x2400f074       0x1c ../../libDaisy//build\libdaisy.a(stm32h7xx_ll_usb.o)
                0x2400f074                USB_ReadDevAllInEpInterrupt
 .text.USB_ReadDevOutEPInterrupt
                0x2400f090       0x1c ../../libDaisy//build\libdaisy.a(stm32h7xx_ll_usb.o)
                0x2400f090                USB_ReadDevOutEPInterrupt
 .text.USB_ReadDevInEPInterrupt
                0x2400f0ac       0x38 ../../libDaisy//build\libdaisy.a(stm32h7xx_ll_usb.o)
                0x2400f0ac                USB_ReadDevInEPInterrupt
 .text.USB_GetMode
                0x2400f0e4        0x8 ../../libDaisy//build\libdaisy.a(stm32h7xx_ll_usb.o)
                0x2400f0e4                USB_GetMode
 .text.USB_ActivateSetup
                0x2400f0ec       0x38 ../../libDaisy//build\libdaisy.a(stm32h7xx_ll_usb.o)
                0x2400f0ec                USB_ActivateSetup
 .text.USB_EP0_OutStart
                0x2400f124       0x58 ../../libDaisy//build\libdaisy.a(stm32h7xx_ll_usb.o)
                0x2400f124                USB_EP0_OutStart
 .text.USB_InitFSLSPClkSel
                0x2400f17c       0x44 ../../libDaisy//build\libdaisy.a(stm32h7xx_ll_usb.o)
                0x2400f17c                USB_InitFSLSPClkSel
 .text.USB_HC_ReadInterrupt
                0x2400f1c0        0x8 ../../libDaisy//build\libdaisy.a(stm32h7xx_ll_usb.o)
                0x2400f1c0                USB_HC_ReadInterrupt
 .text.USB_HC_Halt
                0x2400f1c8       0xc0 ../../libDaisy//build\libdaisy.a(stm32h7xx_ll_usb.o)
                0x2400f1c8                USB_HC_Halt
 .text.USB_StopHost
                0x2400f288      0x2ec ../../libDaisy//build\libdaisy.a(stm32h7xx_ll_usb.o)
                0x2400f288                USB_StopHost
 .text.USBD_CDC_EP0_RxReady
                0x2400f574       0x2c ../../libDaisy//build\libdaisy.a(usbd_cdc.o)
 .text.USBD_CDC_GetFSCfgDesc
                0x2400f5a0       0x24 ../../libDaisy//build\libdaisy.a(usbd_cdc.o)
 .text.USBD_CDC_GetHSCfgDesc
                0x2400f5c4       0x24 ../../libDaisy//build\libdaisy.a(usbd_cdc.o)
 .text.USBD_CDC_GetOtherSpeedCfgDesc
                0x2400f5e8       0x24 ../../libDaisy//build\libdaisy.a(usbd_cdc.o)
 .text.USBD_CDC_GetDeviceQualifierDescriptor
                0x2400f60c       0x10 ../../libDaisy//build\libdaisy.a(usbd_cdc.o)
                0x2400f60c                USBD_CDC_GetDeviceQualifierDescriptor
 .text.USBD_CDC_DataOut
                0x2400f61c       0x30 ../../libDaisy//build\libdaisy.a(usbd_cdc.o)
 .text.USBD_CDC_DataIn
                0x2400f64c       0x50 ../../libDaisy//build\libdaisy.a(usbd_cdc.o)
 .text.USBD_CDC_Setup
                0x2400f69c       0xcc ../../libDaisy//build\libdaisy.a(usbd_cdc.o)
 .text.USBD_CDC_DeInit
                0x2400f768       0x44 ../../libDaisy//build\libdaisy.a(usbd_cdc.o)
 .text.USBD_CDC_Init
                0x2400f7ac       0x94 ../../libDaisy//build\libdaisy.a(usbd_cdc.o)
 .text.USBD_CDC_RegisterInterface
                0x2400f840       0x10 ../../libDaisy//build\libdaisy.a(usbd_cdc.o)
                0x2400f840                USBD_CDC_RegisterInterface
 .text.USBD_CDC_SetTxBuffer
                0x2400f850       0x14 ../../libDaisy//build\libdaisy.a(usbd_cdc.o)
                0x2400f850                USBD_CDC_SetTxBuffer
 .text.USBD_CDC_SetRxBuffer
                0x2400f864       0x10 ../../libDaisy//build\libdaisy.a(usbd_cdc.o)
                0x2400f864                USBD_CDC_SetRxBuffer
 .text.USBD_CDC_TransmitPacket
                0x2400f874       0x34 ../../libDaisy//build\libdaisy.a(usbd_cdc.o)
                0x2400f874                USBD_CDC_TransmitPacket
 .text.USBD_CDC_ReceivePacket
                0x2400f8a8       0x38 ../../libDaisy//build\libdaisy.a(usbd_cdc.o)
                0x2400f8a8                USBD_CDC_ReceivePacket
 .text.USBD_Init
                0x2400f8e0       0x44 ../../libDaisy//build\libdaisy.a(usbd_core.o)
                0x2400f8e0                USBD_Init
 .text.USBD_RegisterClass
                0x2400f924       0x2c ../../libDaisy//build\libdaisy.a(usbd_core.o)
                0x2400f924                USBD_RegisterClass
 .text.USBD_Start
                0x2400f950        0xc ../../libDaisy//build\libdaisy.a(usbd_core.o)
                0x2400f950                USBD_Start
 .text.USBD_SetClassConfig
                0x2400f95c       0x14 ../../libDaisy//build\libdaisy.a(usbd_core.o)
                0x2400f95c                USBD_SetClassConfig
 .text.USBD_ClrClassConfig
                0x2400f970       0x10 ../../libDaisy//build\libdaisy.a(usbd_core.o)
                0x2400f970                USBD_ClrClassConfig
 .text.USBD_LL_SetupStage
                0x2400f980       0x5c ../../libDaisy//build\libdaisy.a(usbd_core.o)
                0x2400f980                USBD_LL_SetupStage
 .text.USBD_LL_DataOutStage
                0x2400f9dc       0x7c ../../libDaisy//build\libdaisy.a(usbd_core.o)
                0x2400f9dc                USBD_LL_DataOutStage
 .text.USBD_LL_DataInStage
                0x2400fa58       0xcc ../../libDaisy//build\libdaisy.a(usbd_core.o)
                0x2400fa58                USBD_LL_DataInStage
 .text.USBD_LL_Reset
                0x2400fb24       0x50 ../../libDaisy//build\libdaisy.a(usbd_core.o)
                0x2400fb24                USBD_LL_Reset
 .text.USBD_LL_SetSpeed
                0x2400fb74        0x8 ../../libDaisy//build\libdaisy.a(usbd_core.o)
                0x2400fb74                USBD_LL_SetSpeed
 .text.USBD_LL_Suspend
                0x2400fb7c       0x14 ../../libDaisy//build\libdaisy.a(usbd_core.o)
                0x2400fb7c                USBD_LL_Suspend
 .text.USBD_LL_Resume
                0x2400fb90       0x10 ../../libDaisy//build\libdaisy.a(usbd_core.o)
                0x2400fb90                USBD_LL_Resume
 .text.USBD_LL_SOF
                0x2400fba0       0x1c ../../libDaisy//build\libdaisy.a(usbd_core.o)
                0x2400fba0                USBD_LL_SOF
 .text.USBD_LL_IsoINIncomplete
                0x2400fbbc        0x4 ../../libDaisy//build\libdaisy.a(usbd_core.o)
                0x2400fbbc                USBD_LL_IsoINIncomplete
 .text.USBD_LL_IsoOUTIncomplete
                0x2400fbc0        0x4 ../../libDaisy//build\libdaisy.a(usbd_core.o)
                0x2400fbc0                USBD_LL_IsoOUTIncomplete
 .text.USBD_LL_DevConnected
                0x2400fbc4        0x4 ../../libDaisy//build\libdaisy.a(usbd_core.o)
                0x2400fbc4                USBD_LL_DevConnected
 .text.USBD_LL_DevDisconnected
                0x2400fbc8       0x18 ../../libDaisy//build\libdaisy.a(usbd_core.o)
                0x2400fbc8                USBD_LL_DevDisconnected
 .text.USBD_StdDevReq
                0x2400fbe0      0x304 ../../libDaisy//build\libdaisy.a(usbd_ctlreq.o)
                0x2400fbe0                USBD_StdDevReq
 .text.USBD_StdItfReq
                0x2400fee4       0x68 ../../libDaisy//build\libdaisy.a(usbd_ctlreq.o)
                0x2400fee4                USBD_StdItfReq
 .text.USBD_StdEPReq
                0x2400ff4c      0x13c ../../libDaisy//build\libdaisy.a(usbd_ctlreq.o)
                0x2400ff4c                USBD_StdEPReq
 .text.USBD_ParseSetupRequest
                0x24010088       0x28 ../../libDaisy//build\libdaisy.a(usbd_ctlreq.o)
                0x24010088                USBD_ParseSetupRequest
 .text.USBD_CtlError
                0x240100b0       0x18 ../../libDaisy//build\libdaisy.a(usbd_ctlreq.o)
                0x240100b0                USBD_CtlError
 .text.USBD_GetString
                0x240100c8       0x54 ../../libDaisy//build\libdaisy.a(usbd_ctlreq.o)
                0x240100c8                USBD_GetString
 .text.USBD_CtlSendData
                0x2401011c       0x1c ../../libDaisy//build\libdaisy.a(usbd_ioreq.o)
                0x2401011c                USBD_CtlSendData
 .text.USBD_CtlContinueSendData
                0x24010138       0x14 ../../libDaisy//build\libdaisy.a(usbd_ioreq.o)
                0x24010138                USBD_CtlContinueSendData
 .text.USBD_CtlPrepareRx
                0x2401014c       0x1c ../../libDaisy//build\libdaisy.a(usbd_ioreq.o)
                0x2401014c                USBD_CtlPrepareRx
 .text.USBD_CtlContinueRx
                0x24010168       0x14 ../../libDaisy//build\libdaisy.a(usbd_ioreq.o)
                0x24010168                USBD_CtlContinueRx
 .text.USBD_CtlSendStatus
                0x2401017c       0x18 ../../libDaisy//build\libdaisy.a(usbd_ioreq.o)
                0x2401017c                USBD_CtlSendStatus
 .text.USBD_CtlReceiveStatus
                0x24010194       0x18 ../../libDaisy//build\libdaisy.a(usbd_ioreq.o)
                0x24010194                USBD_CtlReceiveStatus
 .text.USBH_LL_IncTimer
                0x240101ac       0x20 ../../libDaisy//build\libdaisy.a(usbh_core.o)
                0x240101ac                USBH_LL_IncTimer
 .text.USBH_LL_PortEnabled
                0x240101cc        0x8 ../../libDaisy//build\libdaisy.a(usbh_core.o)
                0x240101cc                USBH_LL_PortEnabled
 .text.USBH_LL_PortDisabled
                0x240101d4        0x8 ../../libDaisy//build\libdaisy.a(usbh_core.o)
                0x240101d4                USBH_LL_PortDisabled
 .text.USBH_LL_Connect
                0x240101dc       0x18 ../../libDaisy//build\libdaisy.a(usbh_core.o)
                0x240101dc                USBH_LL_Connect
 .text.USBH_LL_Disconnect
                0x240101f4       0x2c ../../libDaisy//build\libdaisy.a(usbh_core.o)
                0x240101f4                USBH_LL_Disconnect
 .text.USBH_FreePipe
                0x24010220       0x18 ../../libDaisy//build\libdaisy.a(usbh_pipes.o)
                0x24010220                USBH_FreePipe
 .text._ZN5daisy6Random4InitEv
                0x24010238       0x3c ../../libDaisy//build\libdaisy.a(rng.o)
                0x24010238                daisy::Random::Init()
 .text._ZN5daisy9SpiHandle4Impl7InitDmaEv
                0x24010274       0xec ../../libDaisy//build\libdaisy.a(spi.o)
                0x24010274                daisy::SpiHandle::Impl::InitDma()
 .text._ZN5daisy9SpiHandle4Impl10StartDmaTxEPhjPFvPvEPFvS3_NS0_6ResultEES3_
                0x24010360       0xc8 ../../libDaisy//build\libdaisy.a(spi.o)
                0x24010360                daisy::SpiHandle::Impl::StartDmaTx(unsigned char*, unsigned int, void (*)(void*), void (*)(void*, daisy::SpiHandle::Result), void*)
 .text._ZN5daisy9SpiHandle4Impl10StartDmaRxEPhjPFvPvEPFvS3_NS0_6ResultEES3_
                0x24010428       0xc8 ../../libDaisy//build\libdaisy.a(spi.o)
                0x24010428                daisy::SpiHandle::Impl::StartDmaRx(unsigned char*, unsigned int, void (*)(void*), void (*)(void*, daisy::SpiHandle::Result), void*)
 .text._ZN5daisy9SpiHandle4Impl12StartDmaRxTxEPhS2_jPFvPvEPFvS3_NS0_6ResultEES3_
                0x240104f0       0xcc ../../libDaisy//build\libdaisy.a(spi.o)
                0x240104f0                daisy::SpiHandle::Impl::StartDmaRxTx(unsigned char*, unsigned char*, unsigned int, void (*)(void*), void (*)(void*, daisy::SpiHandle::Result), void*)
 .text._ZN5daisy9SpiHandle4Impl8InitPinsEv